Archive member included to satisfy reference by file (symbol)

c:/st/stm32cubeide_1.3.0/stm32cubeide/plugins/com.st.stm32cube.ide.mcu.externaltools.gnu-tools-for-stm32.7-2018-q2-update.win32_1.0.0.201904181610/tools/bin/../lib/gcc/arm-none-eabi/7.3.1/../../../../arm-none-eabi/lib/thumb/v7e-m/fpv4-sp/hard\libc_nano.a(lib_a-errno.o)
                              Core/Src/syscalls.o (__errno)
c:/st/stm32cubeide_1.3.0/stm32cubeide/plugins/com.st.stm32cube.ide.mcu.externaltools.gnu-tools-for-stm32.7-2018-q2-update.win32_1.0.0.201904181610/tools/bin/../lib/gcc/arm-none-eabi/7.3.1/../../../../arm-none-eabi/lib/thumb/v7e-m/fpv4-sp/hard\libc_nano.a(lib_a-exit.o)
                              c:/st/stm32cubeide_1.3.0/stm32cubeide/plugins/com.st.stm32cube.ide.mcu.externaltools.gnu-tools-for-stm32.7-2018-q2-update.win32_1.0.0.201904181610/tools/bin/../lib/gcc/arm-none-eabi/7.3.1/../../../../arm-none-eabi/lib/thumb/v7e-m/fpv4-sp/hard/crt0.o (exit)
c:/st/stm32cubeide_1.3.0/stm32cubeide/plugins/com.st.stm32cube.ide.mcu.externaltools.gnu-tools-for-stm32.7-2018-q2-update.win32_1.0.0.201904181610/tools/bin/../lib/gcc/arm-none-eabi/7.3.1/../../../../arm-none-eabi/lib/thumb/v7e-m/fpv4-sp/hard\libc_nano.a(lib_a-impure.o)
                              c:/st/stm32cubeide_1.3.0/stm32cubeide/plugins/com.st.stm32cube.ide.mcu.externaltools.gnu-tools-for-stm32.7-2018-q2-update.win32_1.0.0.201904181610/tools/bin/../lib/gcc/arm-none-eabi/7.3.1/../../../../arm-none-eabi/lib/thumb/v7e-m/fpv4-sp/hard\libc_nano.a(lib_a-exit.o) (_global_impure_ptr)
c:/st/stm32cubeide_1.3.0/stm32cubeide/plugins/com.st.stm32cube.ide.mcu.externaltools.gnu-tools-for-stm32.7-2018-q2-update.win32_1.0.0.201904181610/tools/bin/../lib/gcc/arm-none-eabi/7.3.1/../../../../arm-none-eabi/lib/thumb/v7e-m/fpv4-sp/hard\libc_nano.a(lib_a-init.o)
                              c:/st/stm32cubeide_1.3.0/stm32cubeide/plugins/com.st.stm32cube.ide.mcu.externaltools.gnu-tools-for-stm32.7-2018-q2-update.win32_1.0.0.201904181610/tools/bin/../lib/gcc/arm-none-eabi/7.3.1/../../../../arm-none-eabi/lib/thumb/v7e-m/fpv4-sp/hard/crt0.o (__libc_init_array)
c:/st/stm32cubeide_1.3.0/stm32cubeide/plugins/com.st.stm32cube.ide.mcu.externaltools.gnu-tools-for-stm32.7-2018-q2-update.win32_1.0.0.201904181610/tools/bin/../lib/gcc/arm-none-eabi/7.3.1/../../../../arm-none-eabi/lib/thumb/v7e-m/fpv4-sp/hard\libc_nano.a(lib_a-memcpy-stub.o)
                              Middlewares/Third_Party/FreeRTOS/Source/queue.o (memcpy)
c:/st/stm32cubeide_1.3.0/stm32cubeide/plugins/com.st.stm32cube.ide.mcu.externaltools.gnu-tools-for-stm32.7-2018-q2-update.win32_1.0.0.201904181610/tools/bin/../lib/gcc/arm-none-eabi/7.3.1/../../../../arm-none-eabi/lib/thumb/v7e-m/fpv4-sp/hard\libc_nano.a(lib_a-memset.o)
                              c:/st/stm32cubeide_1.3.0/stm32cubeide/plugins/com.st.stm32cube.ide.mcu.externaltools.gnu-tools-for-stm32.7-2018-q2-update.win32_1.0.0.201904181610/tools/bin/../lib/gcc/arm-none-eabi/7.3.1/../../../../arm-none-eabi/lib/thumb/v7e-m/fpv4-sp/hard/crt0.o (memset)
c:/st/stm32cubeide_1.3.0/stm32cubeide/plugins/com.st.stm32cube.ide.mcu.externaltools.gnu-tools-for-stm32.7-2018-q2-update.win32_1.0.0.201904181610/tools/bin/../lib/gcc/arm-none-eabi/7.3.1/../../../../arm-none-eabi/lib/thumb/v7e-m/fpv4-sp/hard\libc_nano.a(lib_a-strlen.o)
                              Core/Src/debug.o (strlen)
c:/st/stm32cubeide_1.3.0/stm32cubeide/plugins/com.st.stm32cube.ide.mcu.externaltools.gnu-tools-for-stm32.7-2018-q2-update.win32_1.0.0.201904181610/tools/bin/../lib/gcc/arm-none-eabi/7.3.1/thumb/v7e-m/fpv4-sp/hard\libgcc.a(_aeabi_uldivmod.o)
                              Drivers/STM32F4xx_HAL_Driver/Src/stm32f4xx_hal_rcc.o (__aeabi_uldivmod)
c:/st/stm32cubeide_1.3.0/stm32cubeide/plugins/com.st.stm32cube.ide.mcu.externaltools.gnu-tools-for-stm32.7-2018-q2-update.win32_1.0.0.201904181610/tools/bin/../lib/gcc/arm-none-eabi/7.3.1/thumb/v7e-m/fpv4-sp/hard\libgcc.a(_udivmoddi4.o)
                              c:/st/stm32cubeide_1.3.0/stm32cubeide/plugins/com.st.stm32cube.ide.mcu.externaltools.gnu-tools-for-stm32.7-2018-q2-update.win32_1.0.0.201904181610/tools/bin/../lib/gcc/arm-none-eabi/7.3.1/thumb/v7e-m/fpv4-sp/hard\libgcc.a(_aeabi_uldivmod.o) (__udivmoddi4)
c:/st/stm32cubeide_1.3.0/stm32cubeide/plugins/com.st.stm32cube.ide.mcu.externaltools.gnu-tools-for-stm32.7-2018-q2-update.win32_1.0.0.201904181610/tools/bin/../lib/gcc/arm-none-eabi/7.3.1/thumb/v7e-m/fpv4-sp/hard\libgcc.a(_dvmd_tls.o)
                              c:/st/stm32cubeide_1.3.0/stm32cubeide/plugins/com.st.stm32cube.ide.mcu.externaltools.gnu-tools-for-stm32.7-2018-q2-update.win32_1.0.0.201904181610/tools/bin/../lib/gcc/arm-none-eabi/7.3.1/thumb/v7e-m/fpv4-sp/hard\libgcc.a(_aeabi_uldivmod.o) (__aeabi_ldiv0)

Allocating common symbols
Common symbol       size              file

defaultTaskHandle   0x4               Core/Src/freertos.o
xMotorQueue         0x4               Core/Src/motorcontrol.o
[...]
Memory Configuration

Name             Origin             Length             Attributes
RAM              0x0000000020000000 0x0000000000018000 xrw
FLASH            0x0000000008000000 0x0000000000080000 xr
*default*        0x0000000000000000 0xffffffffffffffff

Linker script and memory map

LOAD c:/st/stm32cubeide_1.3.0/stm32cubeide/plugins/com.st.stm32cube.ide.mcu.externaltools.gnu-tools-for-stm32.7-2018-q2-update.win32_1.0.0.201904181610/tools/bin/../lib/gcc/arm-none-eabi/7.3.1/thumb/v7e-m/fpv4-sp/hard/crti.o
LOAD c:/st/stm32cubeide_1.3.0/stm32cubeide/plugins/com.st.stm32cube.ide.mcu.externaltools.gnu-tools-for-stm32.7-2018-q2-update.win32_1.0.0.201904181610/tools/bin/../lib/gcc/arm-none-eabi/7.3.1/thumb/v7e-m/fpv4-sp/hard/crtbegin.o
LOAD c:/st/stm32cubeide_1.3.0/stm32cubeide/plugins/com.st.stm32cube.ide.mcu.externaltools.gnu-tools-for-stm32.7-2018-q2-update.win32_1.0.0.201904181610/tools/bin/../lib/gcc/arm-none-eabi/7.3.1/../../../../arm-none-eabi/lib/thumb/v7e-m/fpv4-sp/hard/crt0.o
LOAD Core/Src/adc.o
LOAD Core/Src/debug.o
LOAD Core/Src/delay.o
LOAD Core/Src/freertos.o
LOAD Core/Src/gpio.o
LOAD Core/Src/main.o
LOAD Core/Src/motorcontrol.o
LOAD Core/Src/spi.o
LOAD Core/Src/stm32f4xx_hal_msp.o
LOAD Core/Src/stm32f4xx_hal_timebase_tim.o
LOAD Core/Src/stm32f4xx_it.o
LOAD Core/Src/syscalls.o
LOAD Core/Src/sysmem.o
LOAD Core/Src/system_stm32f4xx.o
LOAD Core/Src/tim.o
LOAD Core/Src/tmc2130.o
LOAD Core/Src/usart.o
LOAD Core/Startup/startup_stm32f401retx.o
LOAD Drivers/STM32F4xx_HAL_Driver/Src/stm32f4xx_hal.o
LOAD Drivers/STM32F4xx_HAL_Driver/Src/stm32f4xx_hal_adc.o
LOAD Drivers/STM32F4xx_HAL_Driver/Src/stm32f4xx_hal_adc_ex.o
LOAD Drivers/STM32F4xx_HAL_Driver/Src/stm32f4xx_hal_cortex.o
LOAD Drivers/STM32F4xx_HAL_Driver/Src/stm32f4xx_hal_dma.o
LOAD Drivers/STM32F4xx_HAL_Driver/Src/stm32f4xx_hal_dma_ex.o
LOAD Drivers/STM32F4xx_HAL_Driver/Src/stm32f4xx_hal_exti.o
LOAD Drivers/STM32F4xx_HAL_Driver/Src/stm32f4xx_hal_flash.o
LOAD Drivers/STM32F4xx_HAL_Driver/Src/stm32f4xx_hal_flash_ex.o
LOAD Drivers/STM32F4xx_HAL_Driver/Src/stm32f4xx_hal_flash_ramfunc.o
LOAD Drivers/STM32F4xx_HAL_Driver/Src/stm32f4xx_hal_gpio.o
LOAD Drivers/STM32F4xx_HAL_Driver/Src/stm32f4xx_hal_pwr.o
LOAD Drivers/STM32F4xx_HAL_Driver/Src/stm32f4xx_hal_pwr_ex.o
LOAD Drivers/STM32F4xx_HAL_Driver/Src/stm32f4xx_hal_rcc.o
LOAD Drivers/STM32F4xx_HAL_Driver/Src/stm32f4xx_hal_rcc_ex.o
LOAD Drivers/STM32F4xx_HAL_Driver/Src/stm32f4xx_hal_spi.o
LOAD Drivers/STM32F4xx_HAL_Driver/Src/stm32f4xx_hal_tim.o
LOAD Drivers/STM32F4xx_HAL_Driver/Src/stm32f4xx_hal_tim_ex.o
LOAD Drivers/STM32F4xx_HAL_Driver/Src/stm32f4xx_hal_uart.o
LOAD Middlewares/Third_Party/FreeRTOS/Source/CMSIS_RTOS/cmsis_os.o
LOAD Middlewares/Third_Party/FreeRTOS/Source/croutine.o
LOAD Middlewares/Third_Party/FreeRTOS/Source/event_groups.o
LOAD Middlewares/Third_Party/FreeRTOS/Source/list.o
LOAD Middlewares/Third_Party/FreeRTOS/Source/queue.o
LOAD Middlewares/Third_Party/FreeRTOS/Source/stream_buffer.o
LOAD Middlewares/Third_Party/FreeRTOS/Source/tasks.o
LOAD Middlewares/Third_Party/FreeRTOS/Source/timers.o
LOAD Middlewares/Third_Party/FreeRTOS/Source/portable/GCC/ARM_CM4F/port.o
LOAD Middlewares/Third_Party/FreeRTOS/Source/portable/MemMang/heap_4.o
START GROUP
LOAD c:/st/stm32cubeide_1.3.0/stm32cubeide/plugins/com.st.stm32cube.ide.mcu.externaltools.gnu-tools-for-stm32.7-2018-q2-update.win32_1.0.0.201904181610/tools/bin/../lib/gcc/arm-none-eabi/7.3.1/../../../../arm-none-eabi/lib/thumb/v7e-m/fpv4-sp/hard\libc_nano.a
LOAD c:/st/stm32cubeide_1.3.0/stm32cubeide/plugins/com.st.stm32cube.ide.mcu.externaltools.gnu-tools-for-stm32.7-2018-q2-update.win32_1.0.0.201904181610/tools/bin/../lib/gcc/arm-none-eabi/7.3.1/../../../../arm-none-eabi/lib/thumb/v7e-m/fpv4-sp/hard\libm.a
END GROUP
START GROUP
LOAD c:/st/stm32cubeide_1.3.0/stm32cubeide/plugins/com.st.stm32cube.ide.mcu.externaltools.gnu-tools-for-stm32.7-2018-q2-update.win32_1.0.0.201904181610/tools/bin/../lib/gcc/arm-none-eabi/7.3.1/thumb/v7e-m/fpv4-sp/hard\libgcc.a
LOAD c:/st/stm32cubeide_1.3.0/stm32cubeide/plugins/com.st.stm32cube.ide.mcu.externaltools.gnu-tools-for-stm32.7-2018-q2-update.win32_1.0.0.201904181610/tools/bin/../lib/gcc/arm-none-eabi/7.3.1/../../../../arm-none-eabi/lib/thumb/v7e-m/fpv4-sp/hard\libc_nano.a
END GROUP
START GROUP
LOAD c:/st/stm32cubeide_1.3.0/stm32cubeide/plugins/com.st.stm32cube.ide.mcu.externaltools.gnu-tools-for-stm32.7-2018-q2-update.win32_1.0.0.201904181610/tools/bin/../lib/gcc/arm-none-eabi/7.3.1/thumb/v7e-m/fpv4-sp/hard\libgcc.a
LOAD c:/st/stm32cubeide_1.3.0/stm32cubeide/plugins/com.st.stm32cube.ide.mcu.externaltools.gnu-tools-for-stm32.7-2018-q2-update.win32_1.0.0.201904181610/tools/bin/../lib/gcc/arm-none-eabi/7.3.1/../../../../arm-none-eabi/lib/thumb/v7e-m/fpv4-sp/hard\libc_nano.a
LOAD c:/st/stm32cubeide_1.3.0/stm32cubeide/plugins/com.st.stm32cube.ide.mcu.externaltools.gnu-tools-for-stm32.7-2018-q2-update.win32_1.0.0.201904181610/tools/bin/../lib/gcc/arm-none-eabi/7.3.1/../../../../arm-none-eabi/lib/thumb/v7e-m/fpv4-sp/hard\libnosys.a
END GROUP
START GROUP
LOAD c:/st/stm32cubeide_1.3.0/stm32cubeide/plugins/com.st.stm32cube.ide.mcu.externaltools.gnu-tools-for-stm32.7-2018-q2-update.win32_1.0.0.201904181610/tools/bin/../lib/gcc/arm-none-eabi/7.3.1/thumb/v7e-m/fpv4-sp/hard\libgcc.a
LOAD c:/st/stm32cubeide_1.3.0/stm32cubeide/plugins/com.st.stm32cube.ide.mcu.externaltools.gnu-tools-for-stm32.7-2018-q2-update.win32_1.0.0.201904181610/tools/bin/../lib/gcc/arm-none-eabi/7.3.1/../../../../arm-none-eabi/lib/thumb/v7e-m/fpv4-sp/hard\libc_nano.a
LOAD c:/st/stm32cubeide_1.3.0/stm32cubeide/plugins/com.st.stm32cube.ide.mcu.externaltools.gnu-tools-for-stm32.7-2018-q2-update.win32_1.0.0.201904181610/tools/bin/../lib/gcc/arm-none-eabi/7.3.1/../../../../arm-none-eabi/lib/thumb/v7e-m/fpv4-sp/hard\libnosys.a
END GROUP
LOAD c:/st/stm32cubeide_1.3.0/stm32cubeide/plugins/com.st.stm32cube.ide.mcu.externaltools.gnu-tools-for-stm32.7-2018-q2-update.win32_1.0.0.201904181610/tools/bin/../lib/gcc/arm-none-eabi/7.3.1/thumb/v7e-m/fpv4-sp/hard/crtend.o
LOAD c:/st/stm32cubeide_1.3.0/stm32cubeide/plugins/com.st.stm32cube.ide.mcu.externaltools.gnu-tools-for-stm32.7-2018-q2-update.win32_1.0.0.201904181610/tools/bin/../lib/gcc/arm-none-eabi/7.3.1/thumb/v7e-m/fpv4-sp/hard/crtn.o
                0x0000000020018000                _estack = (ORIGIN (RAM) + LENGTH (RAM))
                0x0000000000000200                _Min_Heap_Size = 0x200
                0x0000000000000400                _Min_Stack_Size = 0x400

.isr_vector     0x0000000008000000      0x194
                0x0000000008000000                . = ALIGN (0x4)
 *(.isr_vector)
 .isr_vector    0x0000000008000000      0x194 Core/Startup/startup_stm32f401retx.o
                0x0000000008000000                g_pfnVectors
                0x0000000008000194                . = ALIGN (0x4)

.text           0x00000000080001a0     0x6c74
                0x00000000080001a0                . = ALIGN (0x4)
 *(.text)
 .text          0x00000000080001a0       0x40 c:/st/stm32cubeide_1.3.0/stm32cubeide/plugins/com.st.stm32cube.ide.mcu.externaltools.gnu-tools-for-stm32.7-2018-q2-update.win32_1.0.0.201904181610/tools/bin/../lib/gcc/arm-none-eabi/7.3.1/thumb/v7e-m/fpv4-sp/hard/crtbegin.o
 .text          0x00000000080001e0       0x10 c:/st/stm32cubeide_1.3.0/stm32cubeide/plugins/com.st.stm32cube.ide.mcu.externaltools.gnu-tools-for-stm32.7-2018-q2-update.win32_1.0.0.201904181610/tools/bin/../lib/gcc/arm-none-eabi/7.3.1/../../../../arm-none-eabi/lib/thumb/v7e-m/fpv4-sp/hard\libc_nano.a(lib_a-strlen.o)
                0x00000000080001e0                strlen
 .text          0x00000000080001f0       0x30 c:/st/stm32cubeide_1.3.0/stm32cubeide/plugins/com.st.stm32cube.ide.mcu.externaltools.gnu-tools-for-stm32.7-2018-q2-update.win32_1.0.0.201904181610/tools/bin/../lib/gcc/arm-none-eabi/7.3.1/thumb/v7e-m/fpv4-sp/hard\libgcc.a(_aeabi_uldivmod.o)
                0x00000000080001f0                __aeabi_uldivmod
 .text          0x0000000008000220      0x2cc c:/st/stm32cubeide_1.3.0/stm32cubeide/plugins/com.st.stm32cube.ide.mcu.externaltools.gnu-tools-for-stm32.7-2018-q2-update.win32_1.0.0.201904181610/tools/bin/../lib/gcc/arm-none-eabi/7.3.1/thumb/v7e-m/fpv4-sp/hard\libgcc.a(_udivmoddi4.o)
                0x0000000008000220                __udivmoddi4
 .text          0x00000000080004ec        0x4 c:/st/stm32cubeide_1.3.0/stm32cubeide/plugins/com.st.stm32cube.ide.mcu.externaltools.gnu-tools-for-stm32.7-2018-q2-update.win32_1.0.0.201904181610/tools/bin/../lib/gcc/arm-none-eabi/7.3.1/thumb/v7e-m/fpv4-sp/hard\libgcc.a(_dvmd_tls.o)
                0x00000000080004ec                __aeabi_idiv0
                0x00000000080004ec                __aeabi_ldiv0
 *(.text*)
 .text.MX_ADC1_Init
                0x00000000080004f0       0xa4 Core/Src/adc.o
                0x00000000080004f0                MX_ADC1_Init
 .text.HAL_ADC_MspInit
                0x0000000008000594       0x88 Core/Src/adc.o
                0x0000000008000594                HAL_ADC_MspInit
 .text.debugPrintln
                0x000000000800061c       0x3a Core/Src/debug.o
                0x000000000800061c                debugPrintln
 *fill*         0x0000000008000656        0x2 
 .text.vApplicationGetIdleTaskMemory
                0x0000000008000658       0x34 Core/Src/freertos.o
                0x0000000008000658                vApplicationGetIdleTaskMemory
 .text.MX_FREERTOS_Init
                0x000000000800068c       0x7c Core/Src/freertos.o
                0x000000000800068c                MX_FREERTOS_Init
 .text.StartDefaultTask
                0x0000000008000708       0x88 Core/Src/freertos.o
                0x0000000008000708                StartDefaultTask
 .text.MX_GPIO_Init
                0x0000000008000790      0x13c Core/Src/gpio.o
                0x0000000008000790                MX_GPIO_Init
 .text.main     0x00000000080008cc       0x3c Core/Src/main.o
                0x00000000080008cc                main
 .text.SystemClock_Config
                0x0000000008000908       0xd8 Core/Src/main.o
                0x0000000008000908                SystemClock_Config
 .text.HAL_TIM_PeriodElapsedCallback
                0x00000000080009e0       0x24 Core/Src/main.o
                0x00000000080009e0                HAL_TIM_PeriodElapsedCallback
 .text.Error_Handler
                0x0000000008000a04        0x6 Core/Src/main.o
                0x0000000008000a04                Error_Handler
 *fill*         0x0000000008000a0a        0x2 
 .text.enable_motor_driver
                0x0000000008000a0c       0x18 Core/Src/motorcontrol.o
                0x0000000008000a0c                enable_motor_driver
 .text.set_motor_dir
                0x0000000008000a24       0x38 Core/Src/motorcontrol.o
                0x0000000008000a24                set_motor_dir
 .text.send_motor_steps
                0x0000000008000a5c       0x60 Core/Src/motorcontrol.o
                0x0000000008000a5c                send_motor_steps
 .text.stop_motor
                0x0000000008000abc       0x20 Core/Src/motorcontrol.o
                0x0000000008000abc                stop_motor
 .text.StartMotorTask
                0x0000000008000adc      0x174 Core/Src/motorcontrol.o
                0x0000000008000adc                StartMotorTask
 .text.MX_SPI1_Init
                0x0000000008000c50       0x6c Core/Src/spi.o
                0x0000000008000c50                MX_SPI1_Init
 .text.HAL_SPI_MspInit
                0x0000000008000cbc       0x90 Core/Src/spi.o
                0x0000000008000cbc                HAL_SPI_MspInit
 .text.HAL_MspInit
                0x0000000008000d4c       0x58 Core/Src/stm32f4xx_hal_msp.o
                0x0000000008000d4c                HAL_MspInit
 .text.HAL_InitTick
                0x0000000008000da4       0xb4 Core/Src/stm32f4xx_hal_timebase_tim.o
                0x0000000008000da4                HAL_InitTick
 .text.NMI_Handler
                0x0000000008000e58        0xe Core/Src/stm32f4xx_it.o
                0x0000000008000e58                NMI_Handler
 .text.HardFault_Handler
                0x0000000008000e66        0x6 Core/Src/stm32f4xx_it.o
                0x0000000008000e66                HardFault_Handler
 .text.MemManage_Handler
                0x0000000008000e6c        0x6 Core/Src/stm32f4xx_it.o
                0x0000000008000e6c                MemManage_Handler
 .text.BusFault_Handler
                0x0000000008000e72        0x6 Core/Src/stm32f4xx_it.o
                0x0000000008000e72                BusFault_Handler
 .text.UsageFault_Handler
                0x0000000008000e78        0x6 Core/Src/stm32f4xx_it.o
                0x0000000008000e78                UsageFault_Handler
 .text.DebugMon_Handler
                0x0000000008000e7e        0xe Core/Src/stm32f4xx_it.o
                0x0000000008000e7e                DebugMon_Handler
 .text.TIM1_UP_TIM10_IRQHandler
                0x0000000008000e8c       0x48 Core/Src/stm32f4xx_it.o
                0x0000000008000e8c                TIM1_UP_TIM10_IRQHandler
 .text.TIM1_TRG_COM_TIM11_IRQHandler
                0x0000000008000ed4       0x14 Core/Src/stm32f4xx_it.o
                0x0000000008000ed4                TIM1_TRG_COM_TIM11_IRQHandler
 .text.TIM1_CC_IRQHandler
                0x0000000008000ee8       0x14 Core/Src/stm32f4xx_it.o
                0x0000000008000ee8                TIM1_CC_IRQHandler
 .text.TIM5_IRQHandler
                0x0000000008000efc       0x14 Core/Src/stm32f4xx_it.o
                0x0000000008000efc                TIM5_IRQHandler
 .text.SystemInit
                0x0000000008000f10       0x2c Core/Src/system_stm32f4xx.o
                0x0000000008000f10                SystemInit
 .text.MX_TIM1_Init
                0x0000000008000f3c      0x148 Core/Src/tim.o
                0x0000000008000f3c                MX_TIM1_Init
 .text.MX_TIM2_Init
                0x0000000008001084       0xec Core/Src/tim.o
                0x0000000008001084                MX_TIM2_Init
 .text.HAL_TIM_Base_MspInit
                0x0000000008001170       0xe8 Core/Src/tim.o
                0x0000000008001170                HAL_TIM_Base_MspInit
 .text.HAL_TIM_MspPostInit
                0x0000000008001258       0x70 Core/Src/tim.o
                0x0000000008001258                HAL_TIM_MspPostInit
 .text.tmc_enable_stallguard
                0x00000000080012c8       0x28 Core/Src/tmc2130.o
                0x00000000080012c8                tmc_enable_stallguard
 .text.tmc_get_status
                0x00000000080012f0       0xa8 Core/Src/tmc2130.o
                0x00000000080012f0                tmc_get_status
 .text.tmc_readwrite_register
                0x0000000008001398       0xe0 Core/Src/tmc2130.o
                0x0000000008001398                tmc_readwrite_register
 .text.tmc_set_motor_current
                0x0000000008001478       0x44 Core/Src/tmc2130.o
                0x0000000008001478                tmc_set_motor_current
 .text.tmc_init
                0x00000000080014bc       0xd4 Core/Src/tmc2130.o
                0x00000000080014bc                tmc_init
 .text.MX_USART2_UART_Init
                0x0000000008001590       0x54 Core/Src/usart.o
                0x0000000008001590                MX_USART2_UART_Init
 .text.HAL_UART_MspInit
                0x00000000080015e4       0x90 Core/Src/usart.o
                0x00000000080015e4                HAL_UART_MspInit
 .text.Reset_Handler
                0x0000000008001674       0x50 Core/Startup/startup_stm32f401retx.o
                0x0000000008001674                Reset_Handler
 .text.Default_Handler
                0x00000000080016c4        0x2 Core/Startup/startup_stm32f401retx.o
                0x00000000080016c4                RTC_Alarm_IRQHandler
                0x00000000080016c4                EXTI2_IRQHandler
                0x00000000080016c4                SPI4_IRQHandler
                0x00000000080016c4                DMA2_Stream5_IRQHandler
                0x00000000080016c4                DMA1_Stream5_IRQHandler
                0x00000000080016c4                PVD_IRQHandler
                0x00000000080016c4                SDIO_IRQHandler
                0x00000000080016c4                TAMP_STAMP_IRQHandler
                0x00000000080016c4                EXTI3_IRQHandler
                0x00000000080016c4                I2C3_ER_IRQHandler
                0x00000000080016c4                EXTI0_IRQHandler
                0x00000000080016c4                I2C2_EV_IRQHandler
                0x00000000080016c4                DMA1_Stream2_IRQHandler
                0x00000000080016c4                FPU_IRQHandler
                0x00000000080016c4                DMA2_Stream2_IRQHandler
                0x00000000080016c4                SPI1_IRQHandler
                0x00000000080016c4                TIM1_BRK_TIM9_IRQHandler
                0x00000000080016c4                DMA2_Stream3_IRQHandler
                0x00000000080016c4                USART6_IRQHandler
                0x00000000080016c4                DMA2_Stream0_IRQHandler
                0x00000000080016c4                TIM4_IRQHandler
                0x00000000080016c4                I2C1_EV_IRQHandler
                0x00000000080016c4                DMA1_Stream6_IRQHandler
                0x00000000080016c4                DMA1_Stream1_IRQHandler
                0x00000000080016c4                TIM3_IRQHandler
                0x00000000080016c4                RCC_IRQHandler
                0x00000000080016c4                Default_Handler
                0x00000000080016c4                EXTI15_10_IRQHandler
                0x00000000080016c4                ADC_IRQHandler
                0x00000000080016c4                DMA1_Stream7_IRQHandler
                0x00000000080016c4                DMA2_Stream7_IRQHandler
                0x00000000080016c4                I2C3_EV_IRQHandler
                0x00000000080016c4                EXTI9_5_IRQHandler
                0x00000000080016c4                RTC_WKUP_IRQHandler
                0x00000000080016c4                SPI2_IRQHandler
                0x00000000080016c4                DMA1_Stream0_IRQHandler
                0x00000000080016c4                EXTI4_IRQHandler
                0x00000000080016c4                WWDG_IRQHandler
                0x00000000080016c4                TIM2_IRQHandler
                0x00000000080016c4                OTG_FS_WKUP_IRQHandler
                0x00000000080016c4                EXTI1_IRQHandler
                0x00000000080016c4                USART2_IRQHandler
                0x00000000080016c4                I2C2_ER_IRQHandler
                0x00000000080016c4                DMA2_Stream1_IRQHandler
                0x00000000080016c4                FLASH_IRQHandler
                0x00000000080016c4                DMA2_Stream4_IRQHandler
                0x00000000080016c4                USART1_IRQHandler
                0x00000000080016c4                OTG_FS_IRQHandler
                0x00000000080016c4                SPI3_IRQHandler
                0x00000000080016c4                DMA1_Stream4_IRQHandler
                0x00000000080016c4                I2C1_ER_IRQHandler
                0x00000000080016c4                DMA2_Stream6_IRQHandler
                0x00000000080016c4                DMA1_Stream3_IRQHandler
 *fill*         0x00000000080016c6        0x2 
 .text.HAL_Init
                0x00000000080016c8       0x44 Drivers/STM32F4xx_HAL_Driver/Src/stm32f4xx_hal.o
                0x00000000080016c8                HAL_Init
 .text.HAL_IncTick
                0x000000000800170c       0x28 Drivers/STM32F4xx_HAL_Driver/Src/stm32f4xx_hal.o
                0x000000000800170c                HAL_IncTick
 .text.HAL_GetTick
                0x0000000008001734       0x18 Drivers/STM32F4xx_HAL_Driver/Src/stm32f4xx_hal.o
                0x0000000008001734                HAL_GetTick
 .text.HAL_Delay
                0x000000000800174c       0x44 Drivers/STM32F4xx_HAL_Driver/Src/stm32f4xx_hal.o
                0x000000000800174c                HAL_Delay
 .text.HAL_ADC_Init
                0x0000000008001790       0x86 Drivers/STM32F4xx_HAL_Driver/Src/stm32f4xx_hal_adc.o
                0x0000000008001790                HAL_ADC_Init
 *fill*         0x0000000008001816        0x2 
 .text.HAL_ADC_ConfigChannel
                0x0000000008001818      0x244 Drivers/STM32F4xx_HAL_Driver/Src/stm32f4xx_hal_adc.o
                0x0000000008001818                HAL_ADC_ConfigChannel
 .text.ADC_Init
                0x0000000008001a5c      0x1f8 Drivers/STM32F4xx_HAL_Driver/Src/stm32f4xx_hal_adc.o
 .text.__NVIC_SetPriorityGrouping
                0x0000000008001c54       0x48 Drivers/STM32F4xx_HAL_Driver/Src/stm32f4xx_hal_cortex.o
 .text.__NVIC_GetPriorityGrouping
                0x0000000008001c9c       0x1c Drivers/STM32F4xx_HAL_Driver/Src/stm32f4xx_hal_cortex.o
 .text.__NVIC_EnableIRQ
                0x0000000008001cb8       0x3c Drivers/STM32F4xx_HAL_Driver/Src/stm32f4xx_hal_cortex.o
 .text.__NVIC_SetPriority
                0x0000000008001cf4       0x54 Drivers/STM32F4xx_HAL_Driver/Src/stm32f4xx_hal_cortex.o
 .text.NVIC_EncodePriority
                0x0000000008001d48       0x66 Drivers/STM32F4xx_HAL_Driver/Src/stm32f4xx_hal_cortex.o
 .text.HAL_NVIC_SetPriorityGrouping
                0x0000000008001dae       0x16 Drivers/STM32F4xx_HAL_Driver/Src/stm32f4xx_hal_cortex.o
                0x0000000008001dae                HAL_NVIC_SetPriorityGrouping
 .text.HAL_NVIC_SetPriority
                0x0000000008001dc4       0x38 Drivers/STM32F4xx_HAL_Driver/Src/stm32f4xx_hal_cortex.o
                0x0000000008001dc4                HAL_NVIC_SetPriority
 .text.HAL_NVIC_EnableIRQ
                0x0000000008001dfc       0x1c Drivers/STM32F4xx_HAL_Driver/Src/stm32f4xx_hal_cortex.o
                0x0000000008001dfc                HAL_NVIC_EnableIRQ
 .text.HAL_GPIO_Init
                0x0000000008001e18      0x304 Drivers/STM32F4xx_HAL_Driver/Src/stm32f4xx_hal_gpio.o
                0x0000000008001e18                HAL_GPIO_Init
 .text.HAL_GPIO_WritePin
                0x000000000800211c       0x32 Drivers/STM32F4xx_HAL_Driver/Src/stm32f4xx_hal_gpio.o
                0x000000000800211c                HAL_GPIO_WritePin
 *fill*         0x000000000800214e        0x2 
 .text.HAL_RCC_OscConfig
                0x0000000008002150      0x4e0 Drivers/STM32F4xx_HAL_Driver/Src/stm32f4xx_hal_rcc.o
                0x0000000008002150                HAL_RCC_OscConfig
 .text.HAL_RCC_ClockConfig
                0x0000000008002630      0x1cc Drivers/STM32F4xx_HAL_Driver/Src/stm32f4xx_hal_rcc.o
                0x0000000008002630                HAL_RCC_ClockConfig
 .text.HAL_RCC_GetSysClockFreq
                0x00000000080027fc      0x1b0 Drivers/STM32F4xx_HAL_Driver/Src/stm32f4xx_hal_rcc.o
                0x00000000080027fc                HAL_RCC_GetSysClockFreq
 .text.HAL_RCC_GetHCLKFreq
                0x00000000080029ac       0x18 Drivers/STM32F4xx_HAL_Driver/Src/stm32f4xx_hal_rcc.o
                0x00000000080029ac                HAL_RCC_GetHCLKFreq
 .text.HAL_RCC_GetPCLK1Freq
                0x00000000080029c4       0x28 Drivers/STM32F4xx_HAL_Driver/Src/stm32f4xx_hal_rcc.o
                0x00000000080029c4                HAL_RCC_GetPCLK1Freq
 .text.HAL_RCC_GetPCLK2Freq
                0x00000000080029ec       0x28 Drivers/STM32F4xx_HAL_Driver/Src/stm32f4xx_hal_rcc.o
                0x00000000080029ec                HAL_RCC_GetPCLK2Freq
 .text.HAL_RCC_GetClockConfig
                0x0000000008002a14       0x64 Drivers/STM32F4xx_HAL_Driver/Src/stm32f4xx_hal_rcc.o
                0x0000000008002a14                HAL_RCC_GetClockConfig
 .text.HAL_SPI_Init
                0x0000000008002a78       0xc8 Drivers/STM32F4xx_HAL_Driver/Src/stm32f4xx_hal_spi.o
                0x0000000008002a78                HAL_SPI_Init
 .text.HAL_SPI_TransmitReceive
                0x0000000008002b40      0x344 Drivers/STM32F4xx_HAL_Driver/Src/stm32f4xx_hal_spi.o
                0x0000000008002b40                HAL_SPI_TransmitReceive
 .text.HAL_SPI_GetState
                0x0000000008002e84       0x1c Drivers/STM32F4xx_HAL_Driver/Src/stm32f4xx_hal_spi.o
                0x0000000008002e84                HAL_SPI_GetState
 .text.SPI_WaitFlagStateUntilTimeout
                0x0000000008002ea0       0xd4 Drivers/STM32F4xx_HAL_Driver/Src/stm32f4xx_hal_spi.o
 .text.SPI_EndRxTxTransaction
                0x0000000008002f74       0x84 Drivers/STM32F4xx_HAL_Driver/Src/stm32f4xx_hal_spi.o
 .text.HAL_TIM_Base_Init
                0x0000000008002ff8       0x56 Drivers/STM32F4xx_HAL_Driver/Src/stm32f4xx_hal_tim.o
                0x0000000008002ff8                HAL_TIM_Base_Init
 .text.HAL_TIM_Base_Start_IT
                0x000000000800304e       0x48 Drivers/STM32F4xx_HAL_Driver/Src/stm32f4xx_hal_tim.o
                0x000000000800304e                HAL_TIM_Base_Start_IT
 .text.HAL_TIM_OC_Init
                0x0000000008003096       0x56 Drivers/STM32F4xx_HAL_Driver/Src/stm32f4xx_hal_tim.o
                0x0000000008003096                HAL_TIM_OC_Init
 .text.HAL_TIM_OC_MspInit
                0x00000000080030ec       0x14 Drivers/STM32F4xx_HAL_Driver/Src/stm32f4xx_hal_tim.o
                0x00000000080030ec                HAL_TIM_OC_MspInit
 .text.HAL_TIM_OC_Start_IT
                0x0000000008003100       0xf0 Drivers/STM32F4xx_HAL_Driver/Src/stm32f4xx_hal_tim.o
                0x0000000008003100                HAL_TIM_OC_Start_IT
 .text.HAL_TIM_OC_Stop_IT
                0x00000000080031f0      0x11c Drivers/STM32F4xx_HAL_Driver/Src/stm32f4xx_hal_tim.o
                0x00000000080031f0                HAL_TIM_OC_Stop_IT
 .text.HAL_TIM_PWM_Init
                0x000000000800330c       0x56 Drivers/STM32F4xx_HAL_Driver/Src/stm32f4xx_hal_tim.o
                0x000000000800330c                HAL_TIM_PWM_Init
 .text.HAL_TIM_PWM_MspInit
                0x0000000008003362       0x14 Drivers/STM32F4xx_HAL_Driver/Src/stm32f4xx_hal_tim.o
                0x0000000008003362                HAL_TIM_PWM_MspInit
 *fill*         0x0000000008003376        0x2 
 .text.HAL_TIM_PWM_Start
                0x0000000008003378       0x64 Drivers/STM32F4xx_HAL_Driver/Src/stm32f4xx_hal_tim.o
                0x0000000008003378                HAL_TIM_PWM_Start
 .text.HAL_TIM_PWM_Stop
                0x00000000080033dc       0x98 Drivers/STM32F4xx_HAL_Driver/Src/stm32f4xx_hal_tim.o
                0x00000000080033dc                HAL_TIM_PWM_Stop
 .text.HAL_TIM_IRQHandler
                0x0000000008003474      0x210 Drivers/STM32F4xx_HAL_Driver/Src/stm32f4xx_hal_tim.o
                0x0000000008003474                HAL_TIM_IRQHandler
 .text.HAL_TIM_OC_ConfigChannel
                0x0000000008003684       0xc0 Drivers/STM32F4xx_HAL_Driver/Src/stm32f4xx_hal_tim.o
                0x0000000008003684                HAL_TIM_OC_ConfigChannel
 .text.HAL_TIM_PWM_ConfigChannel
                0x0000000008003744      0x18c Drivers/STM32F4xx_HAL_Driver/Src/stm32f4xx_hal_tim.o
                0x0000000008003744                HAL_TIM_PWM_ConfigChannel
 .text.HAL_TIM_ConfigClockSource
                0x00000000080038d0      0x16e Drivers/STM32F4xx_HAL_Driver/Src/stm32f4xx_hal_tim.o
                0x00000000080038d0                HAL_TIM_ConfigClockSource
 .text.HAL_TIM_SlaveConfigSynchro
                0x0000000008003a3e       0x84 Drivers/STM32F4xx_HAL_Driver/Src/stm32f4xx_hal_tim.o
                0x0000000008003a3e                HAL_TIM_SlaveConfigSynchro
 .text.HAL_TIM_OC_DelayElapsedCallback
                0x0000000008003ac2       0x14 Drivers/STM32F4xx_HAL_Driver/Src/stm32f4xx_hal_tim.o
                0x0000000008003ac2                HAL_TIM_OC_DelayElapsedCallback
 .text.HAL_TIM_IC_CaptureCallback
                0x0000000008003ad6       0x14 Drivers/STM32F4xx_HAL_Driver/Src/stm32f4xx_hal_tim.o
                0x0000000008003ad6                HAL_TIM_IC_CaptureCallback
 .text.HAL_TIM_PWM_PulseFinishedCallback
                0x0000000008003aea       0x14 Drivers/STM32F4xx_HAL_Driver/Src/stm32f4xx_hal_tim.o
                0x0000000008003aea                HAL_TIM_PWM_PulseFinishedCallback
 .text.HAL_TIM_TriggerCallback
                0x0000000008003afe       0x14 Drivers/STM32F4xx_HAL_Driver/Src/stm32f4xx_hal_tim.o
                0x0000000008003afe                HAL_TIM_TriggerCallback
 *fill*         0x0000000008003b12        0x2 
 .text.TIM_Base_SetConfig
                0x0000000008003b14      0x100 Drivers/STM32F4xx_HAL_Driver/Src/stm32f4xx_hal_tim.o
                0x0000000008003b14                TIM_Base_SetConfig
 .text.TIM_OC1_SetConfig
                0x0000000008003c14       0xcc Drivers/STM32F4xx_HAL_Driver/Src/stm32f4xx_hal_tim.o
 .text.TIM_OC2_SetConfig
                0x0000000008003ce0       0xd8 Drivers/STM32F4xx_HAL_Driver/Src/stm32f4xx_hal_tim.o
                0x0000000008003ce0                TIM_OC2_SetConfig
 .text.TIM_OC3_SetConfig
                0x0000000008003db8       0xd4 Drivers/STM32F4xx_HAL_Driver/Src/stm32f4xx_hal_tim.o
 .text.TIM_OC4_SetConfig
                0x0000000008003e8c       0xa0 Drivers/STM32F4xx_HAL_Driver/Src/stm32f4xx_hal_tim.o
 .text.TIM_SlaveTimer_SetConfig
                0x0000000008003f2c      0x10c Drivers/STM32F4xx_HAL_Driver/Src/stm32f4xx_hal_tim.o
 .text.TIM_TI1_ConfigInputStage
                0x0000000008004038       0x5e Drivers/STM32F4xx_HAL_Driver/Src/stm32f4xx_hal_tim.o
 .text.TIM_TI2_ConfigInputStage
                0x0000000008004096       0x60 Drivers/STM32F4xx_HAL_Driver/Src/stm32f4xx_hal_tim.o
 .text.TIM_ITRx_SetConfig
                0x00000000080040f6       0x36 Drivers/STM32F4xx_HAL_Driver/Src/stm32f4xx_hal_tim.o
 .text.TIM_ETR_SetConfig
                0x000000000800412c       0x40 Drivers/STM32F4xx_HAL_Driver/Src/stm32f4xx_hal_tim.o
                0x000000000800412c                TIM_ETR_SetConfig
 .text.TIM_CCxChannelCmd
                0x000000000800416c       0x4a Drivers/STM32F4xx_HAL_Driver/Src/stm32f4xx_hal_tim.o
                0x000000000800416c                TIM_CCxChannelCmd
 *fill*         0x00000000080041b6        0x2 
 .text.HAL_TIMEx_MasterConfigSynchronization
                0x00000000080041b8       0xdc Drivers/STM32F4xx_HAL_Driver/Src/stm32f4xx_hal_tim_ex.o
                0x00000000080041b8                HAL_TIMEx_MasterConfigSynchronization
 .text.HAL_TIMEx_ConfigBreakDeadTime
                0x0000000008004294       0xa4 Drivers/STM32F4xx_HAL_Driver/Src/stm32f4xx_hal_tim_ex.o
                0x0000000008004294                HAL_TIMEx_ConfigBreakDeadTime
 .text.HAL_TIMEx_CommutCallback
                0x0000000008004338       0x14 Drivers/STM32F4xx_HAL_Driver/Src/stm32f4xx_hal_tim_ex.o
                0x0000000008004338                HAL_TIMEx_CommutCallback
 .text.HAL_TIMEx_BreakCallback
                0x000000000800434c       0x14 Drivers/STM32F4xx_HAL_Driver/Src/stm32f4xx_hal_tim_ex.o
                0x000000000800434c                HAL_TIMEx_BreakCallback
 .text.HAL_UART_Init
                0x0000000008004360       0x9a Drivers/STM32F4xx_HAL_Driver/Src/stm32f4xx_hal_uart.o
                0x0000000008004360                HAL_UART_Init
 .text.HAL_UART_Transmit
                0x00000000080043fa      0x132 Drivers/STM32F4xx_HAL_Driver/Src/stm32f4xx_hal_uart.o
                0x00000000080043fa                HAL_UART_Transmit
 .text.UART_WaitOnFlagUntilTimeout
                0x000000000800452c       0x94 Drivers/STM32F4xx_HAL_Driver/Src/stm32f4xx_hal_uart.o
 .text.UART_SetConfig
                0x00000000080045c0      0x6f8 Drivers/STM32F4xx_HAL_Driver/Src/stm32f4xx_hal_uart.o
 .text.makeFreeRtosPriority
                0x0000000008004cb8       0x30 Middlewares/Third_Party/FreeRTOS/Source/CMSIS_RTOS/cmsis_os.o
 .text.osKernelStart
                0x0000000008004ce8        0xe Middlewares/Third_Party/FreeRTOS/Source/CMSIS_RTOS/cmsis_os.o
                0x0000000008004ce8                osKernelStart
 .text.osThreadCreate
                0x0000000008004cf6       0x98 Middlewares/Third_Party/FreeRTOS/Source/CMSIS_RTOS/cmsis_os.o
                0x0000000008004cf6                osThreadCreate
 .text.osDelay  0x0000000008004d8e       0x28 Middlewares/Third_Party/FreeRTOS/Source/CMSIS_RTOS/cmsis_os.o
                0x0000000008004d8e                osDelay
 .text.vListInitialise
                0x0000000008004db6       0x40 Middlewares/Third_Party/FreeRTOS/Source/list.o
                0x0000000008004db6                vListInitialise
 .text.vListInitialiseItem
                0x0000000008004df6       0x1a Middlewares/Third_Party/FreeRTOS/Source/list.o
                0x0000000008004df6                vListInitialiseItem
 .text.vListInsertEnd
                0x0000000008004e10       0x48 Middlewares/Third_Party/FreeRTOS/Source/list.o
                0x0000000008004e10                vListInsertEnd
 .text.vListInsert
                0x0000000008004e58       0x72 Middlewares/Third_Party/FreeRTOS/Source/list.o
                0x0000000008004e58                vListInsert
 .text.uxListRemove
                0x0000000008004eca       0x54 Middlewares/Third_Party/FreeRTOS/Source/list.o
                0x0000000008004eca                uxListRemove
 *fill*         0x0000000008004f1e        0x2 
 .text.xQueueGenericReset
                0x0000000008004f20       0xd0 Middlewares/Third_Party/FreeRTOS/Source/queue.o
                0x0000000008004f20                xQueueGenericReset
 .text.xQueueGenericCreate
                0x0000000008004ff0       0x7e Middlewares/Third_Party/FreeRTOS/Source/queue.o
                0x0000000008004ff0                xQueueGenericCreate
 .text.prvInitialiseNewQueue
                0x000000000800506e       0x3e Middlewares/Third_Party/FreeRTOS/Source/queue.o
 .text.xQueueGenericSend
                0x00000000080050ac      0x1f4 Middlewares/Third_Party/FreeRTOS/Source/queue.o
                0x00000000080050ac                xQueueGenericSend
 .text.xQueueGenericSendFromISR
                0x00000000080052a0      0x128 Middlewares/Third_Party/FreeRTOS/Source/queue.o
                0x00000000080052a0                xQueueGenericSendFromISR
 .text.xQueueReceive
                0x00000000080053c8      0x1b8 Middlewares/Third_Party/FreeRTOS/Source/queue.o
                0x00000000080053c8                xQueueReceive
 .text.uxQueueMessagesWaiting
                0x0000000008005580       0x3a Middlewares/Third_Party/FreeRTOS/Source/queue.o
                0x0000000008005580                uxQueueMessagesWaiting
 .text.prvCopyDataToQueue
                0x00000000080055ba       0xd4 Middlewares/Third_Party/FreeRTOS/Source/queue.o
 .text.prvCopyDataFromQueue
                0x000000000800568e       0x4c Middlewares/Third_Party/FreeRTOS/Source/queue.o
 .text.prvUnlockQueue
                0x00000000080056da       0xa4 Middlewares/Third_Party/FreeRTOS/Source/queue.o
 .text.prvIsQueueEmpty
                0x000000000800577e       0x2c Middlewares/Third_Party/FreeRTOS/Source/queue.o
 .text.prvIsQueueFull
                0x00000000080057aa       0x30 Middlewares/Third_Party/FreeRTOS/Source/queue.o
 .text.xTaskCreateStatic
                0x00000000080057da       0xb4 Middlewares/Third_Party/FreeRTOS/Source/tasks.o
                0x00000000080057da                xTaskCreateStatic
 .text.xTaskCreate
                0x000000000800588e       0x8a Middlewares/Third_Party/FreeRTOS/Source/tasks.o
                0x000000000800588e                xTaskCreate
 .text.prvInitialiseNewTask
                0x0000000008005918      0x10c Middlewares/Third_Party/FreeRTOS/Source/tasks.o
 .text.prvAddNewTaskToReadyList
                0x0000000008005a24       0xd4 Middlewares/Third_Party/FreeRTOS/Source/tasks.o
 .text.vTaskDelay
                0x0000000008005af8       0x68 Middlewares/Third_Party/FreeRTOS/Source/tasks.o
                0x0000000008005af8                vTaskDelay
 .text.vTaskStartScheduler
                0x0000000008005b60       0xbc Middlewares/Third_Party/FreeRTOS/Source/tasks.o
                0x0000000008005b60                vTaskStartScheduler
 .text.vTaskSuspendAll
                0x0000000008005c1c       0x1c Middlewares/Third_Party/FreeRTOS/Source/tasks.o
                0x0000000008005c1c                vTaskSuspendAll
 .text.xTaskResumeAll
                0x0000000008005c38      0x138 Middlewares/Third_Party/FreeRTOS/Source/tasks.o
                0x0000000008005c38                xTaskResumeAll
 .text.xTaskIncrementTick
                0x0000000008005d70      0x170 Middlewares/Third_Party/FreeRTOS/Source/tasks.o
                0x0000000008005d70                xTaskIncrementTick
 .text.vTaskSwitchContext
                0x0000000008005ee0       0xb4 Middlewares/Third_Party/FreeRTOS/Source/tasks.o
                0x0000000008005ee0                vTaskSwitchContext
 .text.vTaskPlaceOnEventList
                0x0000000008005f94       0x48 Middlewares/Third_Party/FreeRTOS/Source/tasks.o
                0x0000000008005f94                vTaskPlaceOnEventList
 .text.xTaskRemoveFromEventList
                0x0000000008005fdc       0xc4 Middlewares/Third_Party/FreeRTOS/Source/tasks.o
                0x0000000008005fdc                xTaskRemoveFromEventList
 .text.vTaskInternalSetTimeOutState
                0x00000000080060a0       0x2c Middlewares/Third_Party/FreeRTOS/Source/tasks.o
                0x00000000080060a0                vTaskInternalSetTimeOutState
 .text.xTaskCheckForTimeOut
                0x00000000080060cc       0xc0 Middlewares/Third_Party/FreeRTOS/Source/tasks.o
                0x00000000080060cc                xTaskCheckForTimeOut
 .text.vTaskMissedYield
                0x000000000800618c       0x18 Middlewares/Third_Party/FreeRTOS/Source/tasks.o
                0x000000000800618c                vTaskMissedYield
 .text.prvIdleTask
                0x00000000080061a4       0x30 Middlewares/Third_Party/FreeRTOS/Source/tasks.o
 .text.prvInitialiseTaskLists
                0x00000000080061d4       0x80 Middlewares/Third_Party/FreeRTOS/Source/tasks.o
 .text.prvCheckTasksWaitingTermination
                0x0000000008006254       0x58 Middlewares/Third_Party/FreeRTOS/Source/tasks.o
 .text.prvDeleteTCB
                0x00000000080062ac       0x5c Middlewares/Third_Party/FreeRTOS/Source/tasks.o
 .text.prvResetNextTaskUnblockTime
                0x0000000008006308       0x40 Middlewares/Third_Party/FreeRTOS/Source/tasks.o
 .text.xTaskGetSchedulerState
                0x0000000008006348       0x3c Middlewares/Third_Party/FreeRTOS/Source/tasks.o
                0x0000000008006348                xTaskGetSchedulerState
 .text.xTaskPriorityDisinherit
                0x0000000008006384      0x108 Middlewares/Third_Party/FreeRTOS/Source/tasks.o
                0x0000000008006384                xTaskPriorityDisinherit
 .text.prvAddCurrentTaskToDelayedList
                0x000000000800648c       0xcc Middlewares/Third_Party/FreeRTOS/Source/tasks.o
 .text.pxPortInitialiseStack
                0x0000000008006558       0x68 Middlewares/Third_Party/FreeRTOS/Source/portable/GCC/ARM_CM4F/port.o
                0x0000000008006558                pxPortInitialiseStack
 .text.prvTaskExitError
                0x00000000080065c0       0x54 Middlewares/Third_Party/FreeRTOS/Source/portable/GCC/ARM_CM4F/port.o
 *fill*         0x0000000008006614        0xc 
 .text.SVC_Handler
                0x0000000008006620       0x28 Middlewares/Third_Party/FreeRTOS/Source/portable/GCC/ARM_CM4F/port.o
                0x0000000008006620                SVC_Handler
 .text.prvPortStartFirstTask
                0x0000000008006648       0x28 Middlewares/Third_Party/FreeRTOS/Source/portable/GCC/ARM_CM4F/port.o
 .text.xPortStartScheduler
                0x0000000008006670      0x13c Middlewares/Third_Party/FreeRTOS/Source/portable/GCC/ARM_CM4F/port.o
                0x0000000008006670                xPortStartScheduler
 .text.vPortEnterCritical
                0x00000000080067ac       0x5c Middlewares/Third_Party/FreeRTOS/Source/portable/GCC/ARM_CM4F/port.o
                0x00000000080067ac                vPortEnterCritical
 .text.vPortExitCritical
                0x0000000008006808       0x50 Middlewares/Third_Party/FreeRTOS/Source/portable/GCC/ARM_CM4F/port.o
                0x0000000008006808                vPortExitCritical
 *fill*         0x0000000008006858        0x8 
 .text.PendSV_Handler
                0x0000000008006860       0x68 Middlewares/Third_Party/FreeRTOS/Source/portable/GCC/ARM_CM4F/port.o
                0x0000000008006860                PendSV_Handler
 .text.SysTick_Handler
                0x00000000080068c8       0x40 Middlewares/Third_Party/FreeRTOS/Source/portable/GCC/ARM_CM4F/port.o
                0x00000000080068c8                SysTick_Handler
 .text.vPortSetupTimerInterrupt
                0x0000000008006908       0x48 Middlewares/Third_Party/FreeRTOS/Source/portable/GCC/ARM_CM4F/port.o
                0x0000000008006908                vPortSetupTimerInterrupt
 .text.vPortEnableVFP
                0x0000000008006950       0x14 Middlewares/Third_Party/FreeRTOS/Source/portable/GCC/ARM_CM4F/port.o
 .text.vPortValidateInterruptPriority
                0x0000000008006964       0x7c Middlewares/Third_Party/FreeRTOS/Source/portable/GCC/ARM_CM4F/port.o
                0x0000000008006964                vPortValidateInterruptPriority
 .text.pvPortMalloc
                0x00000000080069e0      0x184 Middlewares/Third_Party/FreeRTOS/Source/portable/MemMang/heap_4.o
                0x00000000080069e0                pvPortMalloc
 .text.vPortFree
                0x0000000008006b64       0xb0 Middlewares/Third_Party/FreeRTOS/Source/portable/MemMang/heap_4.o
                0x0000000008006b64                vPortFree
 .text.prvHeapInit
                0x0000000008006c14       0xc4 Middlewares/Third_Party/FreeRTOS/Source/portable/MemMang/heap_4.o
 .text.prvInsertBlockIntoFreeList
                0x0000000008006cd8       0xb4 Middlewares/Third_Party/FreeRTOS/Source/portable/MemMang/heap_4.o
 .text.__libc_init_array
                0x0000000008006d8c       0x48 c:/st/stm32cubeide_1.3.0/stm32cubeide/plugins/com.st.stm32cube.ide.mcu.externaltools.gnu-tools-for-stm32.7-2018-q2-update.win32_1.0.0.201904181610/tools/bin/../lib/gcc/arm-none-eabi/7.3.1/../../../../arm-none-eabi/lib/thumb/v7e-m/fpv4-sp/hard\libc_nano.a(lib_a-init.o)
                0x0000000008006d8c                __libc_init_array
 .text.memcpy   0x0000000008006dd4       0x16 c:/st/stm32cubeide_1.3.0/stm32cubeide/plugins/com.st.stm32cube.ide.mcu.externaltools.gnu-tools-for-stm32.7-2018-q2-update.win32_1.0.0.201904181610/tools/bin/../lib/gcc/arm-none-eabi/7.3.1/../../../../arm-none-eabi/lib/thumb/v7e-m/fpv4-sp/hard\libc_nano.a(lib_a-memcpy-stub.o)
                0x0000000008006dd4                memcpy
 .text.memset   0x0000000008006dea       0x10 c:/st/stm32cubeide_1.3.0/stm32cubeide/plugins/com.st.stm32cube.ide.mcu.externaltools.gnu-tools-for-stm32.7-2018-q2-update.win32_1.0.0.201904181610/tools/bin/../lib/gcc/arm-none-eabi/7.3.1/../../../../arm-none-eabi/lib/thumb/v7e-m/fpv4-sp/hard\libc_nano.a(lib_a-memset.o)
                0x0000000008006dea                memset
 *(.glue_7)
 .glue_7        0x0000000008006dfa        0x0 linker stubs
 *(.glue_7t)
 .glue_7t       0x0000000008006dfa        0x0 linker stubs
 *(.eh_frame)
 *fill*         0x0000000008006dfa        0x2 
 .eh_frame      0x0000000008006dfc        0x0 c:/st/stm32cubeide_1.3.0/stm32cubeide/plugins/com.st.stm32cube.ide.mcu.externaltools.gnu-tools-for-stm32.7-2018-q2-update.win32_1.0.0.201904181610/tools/bin/../lib/gcc/arm-none-eabi/7.3.1/thumb/v7e-m/fpv4-sp/hard/crtbegin.o
 *(.init)
 .init          0x0000000008006dfc        0x4 c:/st/stm32cubeide_1.3.0/stm32cubeide/plugins/com.st.stm32cube.ide.mcu.externaltools.gnu-tools-for-stm32.7-2018-q2-update.win32_1.0.0.201904181610/tools/bin/../lib/gcc/arm-none-eabi/7.3.1/thumb/v7e-m/fpv4-sp/hard/crti.o
                0x0000000008006dfc                _init
 .init          0x0000000008006e00        0x8 c:/st/stm32cubeide_1.3.0/stm32cubeide/plugins/com.st.stm32cube.ide.mcu.externaltools.gnu-tools-for-stm32.7-2018-q2-update.win32_1.0.0.201904181610/tools/bin/../lib/gcc/arm-none-eabi/7.3.1/thumb/v7e-m/fpv4-sp/hard/crtn.o
 *(.fini)
 .fini          0x0000000008006e08        0x4 c:/st/stm32cubeide_1.3.0/stm32cubeide/plugins/com.st.stm32cube.ide.mcu.externaltools.gnu-tools-for-stm32.7-2018-q2-update.win32_1.0.0.201904181610/tools/bin/../lib/gcc/arm-none-eabi/7.3.1/thumb/v7e-m/fpv4-sp/hard/crti.o
                0x0000000008006e08                _fini
 .fini          0x0000000008006e0c        0x8 c:/st/stm32cubeide_1.3.0/stm32cubeide/plugins/com.st.stm32cube.ide.mcu.externaltools.gnu-tools-for-stm32.7-2018-q2-update.win32_1.0.0.201904181610/tools/bin/../lib/gcc/arm-none-eabi/7.3.1/thumb/v7e-m/fpv4-sp/hard/crtn.o
                0x0000000008006e14                . = ALIGN (0x4)
                0x0000000008006e14                _etext = .

.vfp11_veneer   0x0000000008006e14        0x0
 .vfp11_veneer  0x0000000008006e14        0x0 linker stubs

.v4_bx          0x0000000008006e14        0x0
 .v4_bx         0x0000000008006e14        0x0 linker stubs

.iplt           0x0000000008006e14        0x0
 .iplt          0x0000000008006e14        0x0 c:/st/stm32cubeide_1.3.0/stm32cubeide/plugins/com.st.stm32cube.ide.mcu.externaltools.gnu-tools-for-stm32.7-2018-q2-update.win32_1.0.0.201904181610/tools/bin/../lib/gcc/arm-none-eabi/7.3.1/thumb/v7e-m/fpv4-sp/hard/crtbegin.o

.rodata         0x0000000008006e14       0x94
                0x0000000008006e14                . = ALIGN (0x4)
 *(.rodata)
 .rodata        0x0000000008006e14       0x50 Core/Src/freertos.o
 .rodata        0x0000000008006e64       0x22 Core/Src/motorcontrol.o
 *fill*         0x0000000008006e86        0x2 
 .rodata        0x0000000008006e88        0x5 Middlewares/Third_Party/FreeRTOS/Source/tasks.o
 *(.rodata*)
 *fill*         0x0000000008006e8d        0x3 
 .rodata.AHBPrescTable
                0x0000000008006e90       0x10 Core/Src/system_stm32f4xx.o
                0x0000000008006e90                AHBPrescTable
 .rodata.APBPrescTable
                0x0000000008006ea0        0x8 Core/Src/system_stm32f4xx.o
                0x0000000008006ea0                APBPrescTable
                0x0000000008006ea8                . = ALIGN (0x4)

.ARM.extab      0x0000000008006ea8        0x0
                0x0000000008006ea8                . = ALIGN (0x4)
 *(.ARM.extab* .gnu.linkonce.armextab.*)
                0x0000000008006ea8                . = ALIGN (0x4)

.ARM            0x0000000008006ea8        0x8
                0x0000000008006ea8                . = ALIGN (0x4)
                0x0000000008006ea8                __exidx_start = .
 *(.ARM.exidx*)
 .ARM.exidx     0x0000000008006ea8        0x8 c:/st/stm32cubeide_1.3.0/stm32cubeide/plugins/com.st.stm32cube.ide.mcu.externaltools.gnu-tools-for-stm32.7-2018-q2-update.win32_1.0.0.201904181610/tools/bin/../lib/gcc/arm-none-eabi/7.3.1/thumb/v7e-m/fpv4-sp/hard\libgcc.a(_udivmoddi4.o)
                0x0000000008006eb0                __exidx_end = .
                0x0000000008006eb0                . = ALIGN (0x4)

.rel.dyn        0x0000000008006eb0        0x0
 .rel.iplt      0x0000000008006eb0        0x0 c:/st/stm32cubeide_1.3.0/stm32cubeide/plugins/com.st.stm32cube.ide.mcu.externaltools.gnu-tools-for-stm32.7-2018-q2-update.win32_1.0.0.201904181610/tools/bin/../lib/gcc/arm-none-eabi/7.3.1/thumb/v7e-m/fpv4-sp/hard/crtbegin.o

.preinit_array  0x0000000008006eb0        0x0
                0x0000000008006eb0                . = ALIGN (0x4)
                0x0000000008006eb0                PROVIDE (__preinit_array_start = .)
 *(.preinit_array*)
                0x0000000008006eb0                PROVIDE (__preinit_array_end = .)
                0x0000000008006eb0                . = ALIGN (0x4)

.init_array     0x0000000008006eb0        0x4
                0x0000000008006eb0                . = ALIGN (0x4)
                0x0000000008006eb0                PROVIDE (__init_array_start = .)
 *(SORT_BY_NAME(.init_array.*))
 *(.init_array*)
 .init_array    0x0000000008006eb0        0x4 c:/st/stm32cubeide_1.3.0/stm32cubeide/plugins/com.st.stm32cube.ide.mcu.externaltools.gnu-tools-for-stm32.7-2018-q2-update.win32_1.0.0.201904181610/tools/bin/../lib/gcc/arm-none-eabi/7.3.1/thumb/v7e-m/fpv4-sp/hard/crtbegin.o
                0x0000000008006eb4                PROVIDE (__init_array_end = .)
                0x0000000008006eb4                . = ALIGN (0x4)

.fini_array     0x0000000008006eb4        0x4
                0x0000000008006eb4                . = ALIGN (0x4)
                [!provide]                        PROVIDE (__fini_array_start = .)
 *(SORT_BY_NAME(.fini_array.*))
 *(.fini_array*)
 .fini_array    0x0000000008006eb4        0x4 c:/st/stm32cubeide_1.3.0/stm32cubeide/plugins/com.st.stm32cube.ide.mcu.externaltools.gnu-tools-for-stm32.7-2018-q2-update.win32_1.0.0.201904181610/tools/bin/../lib/gcc/arm-none-eabi/7.3.1/thumb/v7e-m/fpv4-sp/hard/crtbegin.o
                [!provide]                        PROVIDE (__fini_array_end = .)
                0x0000000008006eb8                . = ALIGN (0x4)
                0x0000000008006eb8                _sidata = LOADADDR (.data)

.data           0x0000000020000000       0x10 load address 0x0000000008006eb8
                0x0000000020000000                . = ALIGN (0x4)
                0x0000000020000000                _sdata = .
 *(.data)
 *(.data*)
 .data.SystemCoreClock
                0x0000000020000000        0x4 Core/Src/system_stm32f4xx.o
                0x0000000020000000                SystemCoreClock
 .data.uwTickPrio
                0x0000000020000004        0x4 Drivers/STM32F4xx_HAL_Driver/Src/stm32f4xx_hal.o
                0x0000000020000004                uwTickPrio
 .data.uwTickFreq
                0x0000000020000008        0x1 Drivers/STM32F4xx_HAL_Driver/Src/stm32f4xx_hal.o
                0x0000000020000008                uwTickFreq
 *fill*         0x0000000020000009        0x3 
 .data.uxCriticalNesting
                0x000000002000000c        0x4 Middlewares/Third_Party/FreeRTOS/Source/portable/GCC/ARM_CM4F/port.o
                0x0000000020000010                . = ALIGN (0x4)
                0x0000000020000010                _edata = .

.igot.plt       0x0000000020000010        0x0 load address 0x0000000008006ec8
 .igot.plt      0x0000000020000010        0x0 c:/st/stm32cubeide_1.3.0/stm32cubeide/plugins/com.st.stm32cube.ide.mcu.externaltools.gnu-tools-for-stm32.7-2018-q2-update.win32_1.0.0.201904181610/tools/bin/../lib/gcc/arm-none-eabi/7.3.1/thumb/v7e-m/fpv4-sp/hard/crtbegin.o
                0x0000000020000010                . = ALIGN (0x4)

.bss            0x0000000020000010     0x416c load address 0x0000000008006ec8
                0x0000000020000010                _sbss = .
                0x0000000020000010                __bss_start__ = _sbss
 *(.bss)
 .bss           0x0000000020000010       0x1c c:/st/stm32cubeide_1.3.0/stm32cubeide/plugins/com.st.stm32cube.ide.mcu.externaltools.gnu-tools-for-stm32.7-2018-q2-update.win32_1.0.0.201904181610/tools/bin/../lib/gcc/arm-none-eabi/7.3.1/thumb/v7e-m/fpv4-sp/hard/crtbegin.o
 *(.bss*)
 .bss.xIdleTaskTCBBuffer
                0x000000002000002c       0x54 Core/Src/freertos.o
 .bss.xIdleStack
                0x0000000020000080      0x200 Core/Src/freertos.o
 .bss.pxCurrentTCB
                0x0000000020000280        0x4 Middlewares/Third_Party/FreeRTOS/Source/tasks.o
                0x0000000020000280                pxCurrentTCB
 .bss.pxReadyTasksLists
                0x0000000020000284       0x8c Middlewares/Third_Party/FreeRTOS/Source/tasks.o
 .bss.xDelayedTaskList1
                0x0000000020000310       0x14 Middlewares/Third_Party/FreeRTOS/Source/tasks.o
 .bss.xDelayedTaskList2
                0x0000000020000324       0x14 Middlewares/Third_Party/FreeRTOS/Source/tasks.o
 .bss.pxDelayedTaskList
                0x0000000020000338        0x4 Middlewares/Third_Party/FreeRTOS/Source/tasks.o
 .bss.pxOverflowDelayedTaskList
                0x000000002000033c        0x4 Middlewares/Third_Party/FreeRTOS/Source/tasks.o
 .bss.xPendingReadyList
                0x0000000020000340       0x14 Middlewares/Third_Party/FreeRTOS/Source/tasks.o
 .bss.xTasksWaitingTermination
                0x0000000020000354       0x14 Middlewares/Third_Party/FreeRTOS/Source/tasks.o
 .bss.uxDeletedTasksWaitingCleanUp
                0x0000000020000368        0x4 Middlewares/Third_Party/FreeRTOS/Source/tasks.o
 .bss.xSuspendedTaskList
                0x000000002000036c       0x14 Middlewares/Third_Party/FreeRTOS/Source/tasks.o
 .bss.uxCurrentNumberOfTasks
                0x0000000020000380        0x4 Middlewares/Third_Party/FreeRTOS/Source/tasks.o
 .bss.xTickCount
                0x0000000020000384        0x4 Middlewares/Third_Party/FreeRTOS/Source/tasks.o
 .bss.uxTopReadyPriority
                0x0000000020000388        0x4 Middlewares/Third_Party/FreeRTOS/Source/tasks.o
 .bss.xSchedulerRunning
                0x000000002000038c        0x4 Middlewares/Third_Party/FreeRTOS/Source/tasks.o
 .bss.uxPendedTicks
                0x0000000020000390        0x4 Middlewares/Third_Party/FreeRTOS/Source/tasks.o
 .bss.xYieldPending
                0x0000000020000394        0x4 Middlewares/Third_Party/FreeRTOS/Source/tasks.o
 .bss.xNumOfOverflows
                0x0000000020000398        0x4 Middlewares/Third_Party/FreeRTOS/Source/tasks.o
 .bss.uxTaskNumber
                0x000000002000039c        0x4 Middlewares/Third_Party/FreeRTOS/Source/tasks.o
 .bss.xNextTaskUnblockTime
                0x00000000200003a0        0x4 Middlewares/Third_Party/FreeRTOS/Source/tasks.o
 .bss.xIdleTaskHandle
                0x00000000200003a4        0x4 Middlewares/Third_Party/FreeRTOS/Source/tasks.o
 .bss.uxSchedulerSuspended
                0x00000000200003a8        0x4 Middlewares/Third_Party/FreeRTOS/Source/tasks.o
 .bss.ucMaxSysCallPriority
                0x00000000200003ac        0x1 Middlewares/Third_Party/FreeRTOS/Source/portable/GCC/ARM_CM4F/port.o
 *fill*         0x00000000200003ad        0x3 
 .bss.ulMaxPRIGROUPValue
                0x00000000200003b0        0x4 Middlewares/Third_Party/FreeRTOS/Source/portable/GCC/ARM_CM4F/port.o
 .bss.ucHeap    0x00000000200003b4     0x3c00 Middlewares/Third_Party/FreeRTOS/Source/portable/MemMang/heap_4.o
 .bss.xStart    0x0000000020003fb4        0x8 Middlewares/Third_Party/FreeRTOS/Source/portable/MemMang/heap_4.o
 .bss.pxEnd     0x0000000020003fbc        0x4 Middlewares/Third_Party/FreeRTOS/Source/portable/MemMang/heap_4.o
 .bss.xFreeBytesRemaining
                0x0000000020003fc0        0x4 Middlewares/Third_Party/FreeRTOS/Source/portable/MemMang/heap_4.o
 .bss.xMinimumEverFreeBytesRemaining
                0x0000000020003fc4        0x4 Middlewares/Third_Party/FreeRTOS/Source/portable/MemMang/heap_4.o
 .bss.xBlockAllocatedBit
                0x0000000020003fc8        0x4 Middlewares/Third_Party/FreeRTOS/Source/portable/MemMang/heap_4.o
 *(COMMON)
 COMMON         0x0000000020003fcc       0x48 Core/Src/adc.o
                0x0000000020003fcc                hadc1
 COMMON         0x0000000020004014        0x8 Core/Src/freertos.o
                0x0000000020004014                defaultTaskHandle
                0x0000000020004018                motorTaskHandle
 COMMON         0x000000002000401c        0x4 Core/Src/motorcontrol.o
                0x000000002000401c                xMotorQueue
 COMMON         0x0000000020004020       0x58 Core/Src/spi.o
                0x0000000020004020                hspi1
 COMMON         0x0000000020004078       0x40 Core/Src/stm32f4xx_hal_timebase_tim.o
                0x0000000020004078                htim5
 COMMON         0x00000000200040b8       0x80 Core/Src/tim.o
                0x00000000200040b8                htim1
                0x00000000200040f8                htim2
 COMMON         0x0000000020004138       0x40 Core/Src/usart.o
                0x0000000020004138                huart2
 COMMON         0x0000000020004178        0x4 Drivers/STM32F4xx_HAL_Driver/Src/stm32f4xx_hal.o
                0x0000000020004178                uwTick
                0x000000002000417c                . = ALIGN (0x4)
                0x000000002000417c                _ebss = .
                0x000000002000417c                __bss_end__ = _ebss

._user_heap_stack
                0x000000002000417c      0x604 load address 0x0000000008006ec8
                0x0000000020004180                . = ALIGN (0x8)
 *fill*         0x000000002000417c        0x4 
                0x0000000020004180                PROVIDE (end = .)
                [!provide]                        PROVIDE (_end = .)
                0x0000000020004380                . = (. + _Min_Heap_Size)
 *fill*         0x0000000020004180      0x200 
                0x0000000020004780                . = (. + _Min_Stack_Size)
 *fill*         0x0000000020004380      0x400 
                0x0000000020004780                . = ALIGN (0x8)

/DISCARD/
 libc.a(*)
 libm.a(*)
 libgcc.a(*)

.ARM.attributes
                0x0000000000000000       0x30
 *(.ARM.attributes)
 .ARM.attributes
                0x0000000000000000       0x22 c:/st/stm32cubeide_1.3.0/stm32cubeide/plugins/com.st.stm32cube.ide.mcu.externaltools.gnu-tools-for-stm32.7-2018-q2-update.win32_1.0.0.201904181610/tools/bin/../lib/gcc/arm-none-eabi/7.3.1/thumb/v7e-m/fpv4-sp/hard/crti.o
 .ARM.attributes
                0x0000000000000022       0x34 c:/st/stm32cubeide_1.3.0/stm32cubeide/plugins/com.st.stm32cube.ide.mcu.externaltools.gnu-tools-for-stm32.7-2018-q2-update.win32_1.0.0.201904181610/tools/bin/../lib/gcc/arm-none-eabi/7.3.1/thumb/v7e-m/fpv4-sp/hard/crtbegin.o
 .ARM.attributes
                0x0000000000000056       0x39 Core/Src/adc.o
 .ARM.attributes
                0x000000000000008f       0x39 Core/Src/debug.o
 .ARM.attributes
                0x00000000000000c8       0x39 Core/Src/freertos.o
 .ARM.attributes
                0x0000000000000101       0x39 Core/Src/gpio.o
 .ARM.attributes
                0x000000000000013a       0x39 Core/Src/main.o
 .ARM.attributes
                0x0000000000000173       0x39 Core/Src/motorcontrol.o
 .ARM.attributes
                0x00000000000001ac       0x39 Core/Src/spi.o
 .ARM.attributes
                0x00000000000001e5       0x39 Core/Src/stm32f4xx_hal_msp.o
 .ARM.attributes
                0x000000000000021e       0x39 Core/Src/stm32f4xx_hal_timebase_tim.o
 .ARM.attributes
                0x0000000000000257       0x39 Core/Src/stm32f4xx_it.o
 .ARM.attributes
                0x0000000000000290       0x39 Core/Src/system_stm32f4xx.o
 .ARM.attributes
                0x00000000000002c9       0x39 Core/Src/tim.o
 .ARM.attributes
                0x0000000000000302       0x39 Core/Src/tmc2130.o
 .ARM.attributes
                0x000000000000033b       0x39 Core/Src/usart.o
 .ARM.attributes
                0x0000000000000374       0x21 Core/Startup/startup_stm32f401retx.o
 .ARM.attributes
                0x0000000000000395       0x39 Drivers/STM32F4xx_HAL_Driver/Src/stm32f4xx_hal.o
 .ARM.attributes
                0x00000000000003ce       0x39 Drivers/STM32F4xx_HAL_Driver/Src/stm32f4xx_hal_adc.o
 .ARM.attributes
                0x0000000000000407       0x39 Drivers/STM32F4xx_HAL_Driver/Src/stm32f4xx_hal_cortex.o
 .ARM.attributes
                0x0000000000000440       0x39 Drivers/STM32F4xx_HAL_Driver/Src/stm32f4xx_hal_gpio.o
 .ARM.attributes
                0x0000000000000479       0x39 Drivers/STM32F4xx_HAL_Driver/Src/stm32f4xx_hal_rcc.o
 .ARM.attributes
                0x00000000000004b2       0x39 Drivers/STM32F4xx_HAL_Driver/Src/stm32f4xx_hal_spi.o
 .ARM.attributes
                0x00000000000004eb       0x39 Drivers/STM32F4xx_HAL_Driver/Src/stm32f4xx_hal_tim.o
 .ARM.attributes
                0x0000000000000524       0x39 Drivers/STM32F4xx_HAL_Driver/Src/stm32f4xx_hal_tim_ex.o
 .ARM.attributes
                0x000000000000055d       0x39 Drivers/STM32F4xx_HAL_Driver/Src/stm32f4xx_hal_uart.o
 .ARM.attributes
                0x0000000000000596       0x39 Middlewares/Third_Party/FreeRTOS/Source/CMSIS_RTOS/cmsis_os.o
 .ARM.attributes
                0x00000000000005cf       0x39 Middlewares/Third_Party/FreeRTOS/Source/list.o
 .ARM.attributes
                0x0000000000000608       0x39 Middlewares/Third_Party/FreeRTOS/Source/queue.o
 .ARM.attributes
                0x0000000000000641       0x39 Middlewares/Third_Party/FreeRTOS/Source/tasks.o
 .ARM.attributes
                0x000000000000067a       0x39 Middlewares/Third_Party/FreeRTOS/Source/portable/GCC/ARM_CM4F/port.o
 .ARM.attributes
                0x00000000000006b3       0x39 Middlewares/Third_Party/FreeRTOS/Source/portable/MemMang/heap_4.o
 .ARM.attributes
                0x00000000000006ec       0x34 c:/st/stm32cubeide_1.3.0/stm32cubeide/plugins/com.st.stm32cube.ide.mcu.externaltools.gnu-tools-for-stm32.7-2018-q2-update.win32_1.0.0.201904181610/tools/bin/../lib/gcc/arm-none-eabi/7.3.1/../../../../arm-none-eabi/lib/thumb/v7e-m/fpv4-sp/hard\libc_nano.a(lib_a-init.o)
 .ARM.attributes
                0x0000000000000720       0x34 c:/st/stm32cubeide_1.3.0/stm32cubeide/plugins/com.st.stm32cube.ide.mcu.externaltools.gnu-tools-for-stm32.7-2018-q2-update.win32_1.0.0.201904181610/tools/bin/../lib/gcc/arm-none-eabi/7.3.1/../../../../arm-none-eabi/lib/thumb/v7e-m/fpv4-sp/hard\libc_nano.a(lib_a-memcpy-stub.o)
 .ARM.attributes
                0x0000000000000754       0x34 c:/st/stm32cubeide_1.3.0/stm32cubeide/plugins/com.st.stm32cube.ide.mcu.externaltools.gnu-tools-for-stm32.7-2018-q2-update.win32_1.0.0.201904181610/tools/bin/../lib/gcc/arm-none-eabi/7.3.1/../../../../arm-none-eabi/lib/thumb/v7e-m/fpv4-sp/hard\libc_nano.a(lib_a-memset.o)
 .ARM.attributes
                0x0000000000000788       0x1b c:/st/stm32cubeide_1.3.0/stm32cubeide/plugins/com.st.stm32cube.ide.mcu.externaltools.gnu-tools-for-stm32.7-2018-q2-update.win32_1.0.0.201904181610/tools/bin/../lib/gcc/arm-none-eabi/7.3.1/../../../../arm-none-eabi/lib/thumb/v7e-m/fpv4-sp/hard\libc_nano.a(lib_a-strlen.o)
 .ARM.attributes
                0x00000000000007a3       0x22 c:/st/stm32cubeide_1.3.0/stm32cubeide/plugins/com.st.stm32cube.ide.mcu.externaltools.gnu-tools-for-stm32.7-2018-q2-update.win32_1.0.0.201904181610/tools/bin/../lib/gcc/arm-none-eabi/7.3.1/thumb/v7e-m/fpv4-sp/hard\libgcc.a(_aeabi_uldivmod.o)
 .ARM.attributes
                0x00000000000007c5       0x34 c:/st/stm32cubeide_1.3.0/stm32cubeide/plugins/com.st.stm32cube.ide.mcu.externaltools.gnu-tools-for-stm32.7-2018-q2-update.win32_1.0.0.201904181610/tools/bin/../lib/gcc/arm-none-eabi/7.3.1/thumb/v7e-m/fpv4-sp/hard\libgcc.a(_udivmoddi4.o)
 .ARM.attributes
                0x00000000000007f9       0x22 c:/st/stm32cubeide_1.3.0/stm32cubeide/plugins/com.st.stm32cube.ide.mcu.externaltools.gnu-tools-for-stm32.7-2018-q2-update.win32_1.0.0.201904181610/tools/bin/../lib/gcc/arm-none-eabi/7.3.1/thumb/v7e-m/fpv4-sp/hard\libgcc.a(_dvmd_tls.o)
 .ARM.attributes
                0x000000000000081b       0x22 c:/st/stm32cubeide_1.3.0/stm32cubeide/plugins/com.st.stm32cube.ide.mcu.externaltools.gnu-tools-for-stm32.7-2018-q2-update.win32_1.0.0.201904181610/tools/bin/../lib/gcc/arm-none-eabi/7.3.1/thumb/v7e-m/fpv4-sp/hard/crtn.o
OUTPUT(loop_controller.elf elf32-littlearm)

.debug_info     0x0000000000000000    0x19835
 .debug_info    0x0000000000000000      0xa02 Core/Src/adc.o
 .debug_info    0x0000000000000a02      0x652 Core/Src/debug.o
 .debug_info    0x0000000000001054      0x5b1 Core/Src/freertos.o
 .debug_info    0x0000000000001605      0x4f2 Core/Src/gpio.o
 .debug_info    0x0000000000001af7     0x1100 Core/Src/main.o
 .debug_info    0x0000000000002bf7     0x1352 Core/Src/motorcontrol.o
 .debug_info    0x0000000000003f49      0x9d9 Core/Src/spi.o
 .debug_info    0x0000000000004922      0x51a Core/Src/stm32f4xx_hal_msp.o
 .debug_info    0x0000000000004e3c      0xab9 Core/Src/stm32f4xx_hal_timebase_tim.o
 .debug_info    0x00000000000058f5      0x7b0 Core/Src/stm32f4xx_it.o
 .debug_info    0x00000000000060a5      0x57e Core/Src/system_stm32f4xx.o
 .debug_info    0x0000000000006623      0xe15 Core/Src/tim.o
 .debug_info    0x0000000000007438      0x8f7 Core/Src/tmc2130.o
 .debug_info    0x0000000000007d2f      0x96c Core/Src/usart.o
 .debug_info    0x000000000000869b       0x22 Core/Startup/startup_stm32f401retx.o
 .debug_info    0x00000000000086bd      0x8ce Drivers/STM32F4xx_HAL_Driver/Src/stm32f4xx_hal.o
 .debug_info    0x0000000000008f8b      0xce6 Drivers/STM32F4xx_HAL_Driver/Src/stm32f4xx_hal_adc.o
 .debug_info    0x0000000000009c71      0xd92 Drivers/STM32F4xx_HAL_Driver/Src/stm32f4xx_hal_cortex.o
 .debug_info    0x000000000000aa03      0x7d7 Drivers/STM32F4xx_HAL_Driver/Src/stm32f4xx_hal_gpio.o
 .debug_info    0x000000000000b1da      0x929 Drivers/STM32F4xx_HAL_Driver/Src/stm32f4xx_hal_rcc.o
 .debug_info    0x000000000000bb03     0x1632 Drivers/STM32F4xx_HAL_Driver/Src/stm32f4xx_hal_spi.o
 .debug_info    0x000000000000d135     0x24a1 Drivers/STM32F4xx_HAL_Driver/Src/stm32f4xx_hal_tim.o
 .debug_info    0x000000000000f5d6     0x114f Drivers/STM32F4xx_HAL_Driver/Src/stm32f4xx_hal_tim_ex.o
 .debug_info    0x0000000000010725     0x1244 Drivers/STM32F4xx_HAL_Driver/Src/stm32f4xx_hal_uart.o
 .debug_info    0x0000000000011969     0x1e7e Middlewares/Third_Party/FreeRTOS/Source/CMSIS_RTOS/cmsis_os.o
 .debug_info    0x00000000000137e7      0xacb Middlewares/Third_Party/FreeRTOS/Source/list.o
 .debug_info    0x00000000000142b2     0x1fd2 Middlewares/Third_Party/FreeRTOS/Source/queue.o
 .debug_info    0x0000000000016284     0x2494 Middlewares/Third_Party/FreeRTOS/Source/tasks.o
 .debug_info    0x0000000000018718      0x533 Middlewares/Third_Party/FreeRTOS/Source/portable/GCC/ARM_CM4F/port.o
 .debug_info    0x0000000000018c4b      0xbea Middlewares/Third_Party/FreeRTOS/Source/portable/MemMang/heap_4.o

.debug_abbrev   0x0000000000000000     0x3a34
 .debug_abbrev  0x0000000000000000      0x199 Core/Src/adc.o
 .debug_abbrev  0x0000000000000199      0x17c Core/Src/debug.o
 .debug_abbrev  0x0000000000000315      0x177 Core/Src/freertos.o
 .debug_abbrev  0x000000000000048c      0x134 Core/Src/gpio.o
 .debug_abbrev  0x00000000000005c0      0x1b7 Core/Src/main.o
 .debug_abbrev  0x0000000000000777      0x252 Core/Src/motorcontrol.o
 .debug_abbrev  0x00000000000009c9      0x199 Core/Src/spi.o
 .debug_abbrev  0x0000000000000b62      0x112 Core/Src/stm32f4xx_hal_msp.o
 .debug_abbrev  0x0000000000000c74      0x1ac Core/Src/stm32f4xx_hal_timebase_tim.o
 .debug_abbrev  0x0000000000000e20      0x19b Core/Src/stm32f4xx_it.o
 .debug_abbrev  0x0000000000000fbb      0x12b Core/Src/system_stm32f4xx.o
 .debug_abbrev  0x00000000000010e6      0x1b3 Core/Src/tim.o
 .debug_abbrev  0x0000000000001299      0x1c8 Core/Src/tmc2130.o
 .debug_abbrev  0x0000000000001461      0x199 Core/Src/usart.o
 .debug_abbrev  0x00000000000015fa       0x12 Core/Startup/startup_stm32f401retx.o
 .debug_abbrev  0x000000000000160c      0x1f2 Drivers/STM32F4xx_HAL_Driver/Src/stm32f4xx_hal.o
 .debug_abbrev  0x00000000000017fe      0x1cd Drivers/STM32F4xx_HAL_Driver/Src/stm32f4xx_hal_adc.o
 .debug_abbrev  0x00000000000019cb      0x2fa Drivers/STM32F4xx_HAL_Driver/Src/stm32f4xx_hal_cortex.o
 .debug_abbrev  0x0000000000001cc5      0x1c9 Drivers/STM32F4xx_HAL_Driver/Src/stm32f4xx_hal_gpio.o
 .debug_abbrev  0x0000000000001e8e      0x245 Drivers/STM32F4xx_HAL_Driver/Src/stm32f4xx_hal_rcc.o
 .debug_abbrev  0x00000000000020d3      0x240 Drivers/STM32F4xx_HAL_Driver/Src/stm32f4xx_hal_spi.o
 .debug_abbrev  0x0000000000002313      0x23f Drivers/STM32F4xx_HAL_Driver/Src/stm32f4xx_hal_tim.o
 .debug_abbrev  0x0000000000002552      0x22d Drivers/STM32F4xx_HAL_Driver/Src/stm32f4xx_hal_tim_ex.o
 .debug_abbrev  0x000000000000277f      0x251 Drivers/STM32F4xx_HAL_Driver/Src/stm32f4xx_hal_uart.o
 .debug_abbrev  0x00000000000029d0      0x379 Middlewares/Third_Party/FreeRTOS/Source/CMSIS_RTOS/cmsis_os.o
 .debug_abbrev  0x0000000000002d49      0x1cf Middlewares/Third_Party/FreeRTOS/Source/list.o
 .debug_abbrev  0x0000000000002f18      0x336 Middlewares/Third_Party/FreeRTOS/Source/queue.o
 .debug_abbrev  0x000000000000324e      0x338 Middlewares/Third_Party/FreeRTOS/Source/tasks.o
 .debug_abbrev  0x0000000000003586      0x210 Middlewares/Third_Party/FreeRTOS/Source/portable/GCC/ARM_CM4F/port.o
 .debug_abbrev  0x0000000000003796      0x29e Middlewares/Third_Party/FreeRTOS/Source/portable/MemMang/heap_4.o

.debug_aranges  0x0000000000000000     0x1508
 .debug_aranges
                0x0000000000000000       0x30 Core/Src/adc.o
 .debug_aranges
                0x0000000000000030       0x20 Core/Src/debug.o
 .debug_aranges
                0x0000000000000050       0x30 Core/Src/freertos.o
 .debug_aranges
                0x0000000000000080       0x20 Core/Src/gpio.o
 .debug_aranges
                0x00000000000000a0       0x38 Core/Src/main.o
 .debug_aranges
                0x00000000000000d8       0x48 Core/Src/motorcontrol.o
 .debug_aranges
                0x0000000000000120       0x30 Core/Src/spi.o
 .debug_aranges
                0x0000000000000150       0x20 Core/Src/stm32f4xx_hal_msp.o
 .debug_aranges
                0x0000000000000170       0x30 Core/Src/stm32f4xx_hal_timebase_tim.o
 .debug_aranges
                0x00000000000001a0       0x68 Core/Src/stm32f4xx_it.o
 .debug_aranges
                0x0000000000000208       0x28 Core/Src/system_stm32f4xx.o
 .debug_aranges
                0x0000000000000230       0x40 Core/Src/tim.o
 .debug_aranges
                0x0000000000000270       0x40 Core/Src/tmc2130.o
 .debug_aranges
                0x00000000000002b0       0x30 Core/Src/usart.o
 .debug_aranges
                0x00000000000002e0       0x28 Core/Startup/startup_stm32f401retx.o
 .debug_aranges
                0x0000000000000308       0xf0 Drivers/STM32F4xx_HAL_Driver/Src/stm32f4xx_hal.o
 .debug_aranges
                0x00000000000003f8       0xe8 Drivers/STM32F4xx_HAL_Driver/Src/stm32f4xx_hal_adc.o
 .debug_aranges
                0x00000000000004e0      0x118 Drivers/STM32F4xx_HAL_Driver/Src/stm32f4xx_hal_cortex.o
 .debug_aranges
                0x00000000000005f8       0x58 Drivers/STM32F4xx_HAL_Driver/Src/stm32f4xx_hal_gpio.o
 .debug_aranges
                0x0000000000000650       0x88 Drivers/STM32F4xx_HAL_Driver/Src/stm32f4xx_hal_rcc.o
 .debug_aranges
                0x00000000000006d8      0x1d0 Drivers/STM32F4xx_HAL_Driver/Src/stm32f4xx_hal_spi.o
 .debug_aranges
                0x00000000000008a8      0x3a8 Drivers/STM32F4xx_HAL_Driver/Src/stm32f4xx_hal_tim.o
 .debug_aranges
                0x0000000000000c50      0x150 Drivers/STM32F4xx_HAL_Driver/Src/stm32f4xx_hal_tim_ex.o
 .debug_aranges
                0x0000000000000da0      0x1d0 Drivers/STM32F4xx_HAL_Driver/Src/stm32f4xx_hal_uart.o
 .debug_aranges
                0x0000000000000f70      0x1d8 Middlewares/Third_Party/FreeRTOS/Source/CMSIS_RTOS/cmsis_os.o
 .debug_aranges
                0x0000000000001148       0x40 Middlewares/Third_Party/FreeRTOS/Source/list.o
 .debug_aranges
                0x0000000000001188      0x108 Middlewares/Third_Party/FreeRTOS/Source/queue.o
 .debug_aranges
                0x0000000000001290      0x1a8 Middlewares/Third_Party/FreeRTOS/Source/tasks.o
 .debug_aranges
                0x0000000000001438       0x80 Middlewares/Third_Party/FreeRTOS/Source/portable/GCC/ARM_CM4F/port.o
 .debug_aranges
                0x00000000000014b8       0x50 Middlewares/Third_Party/FreeRTOS/Source/portable/MemMang/heap_4.o

.debug_ranges   0x0000000000000000     0x1330
 .debug_ranges  0x0000000000000000       0x20 Core/Src/adc.o
 .debug_ranges  0x0000000000000020       0x10 Core/Src/debug.o
 .debug_ranges  0x0000000000000030       0x20 Core/Src/freertos.o
 .debug_ranges  0x0000000000000050       0x10 Core/Src/gpio.o
 .debug_ranges  0x0000000000000060       0x28 Core/Src/main.o
 .debug_ranges  0x0000000000000088       0x38 Core/Src/motorcontrol.o
 .debug_ranges  0x00000000000000c0       0x20 Core/Src/spi.o
 .debug_ranges  0x00000000000000e0       0x10 Core/Src/stm32f4xx_hal_msp.o
 .debug_ranges  0x00000000000000f0       0x20 Core/Src/stm32f4xx_hal_timebase_tim.o
 .debug_ranges  0x0000000000000110       0x58 Core/Src/stm32f4xx_it.o
 .debug_ranges  0x0000000000000168       0x18 Core/Src/system_stm32f4xx.o
 .debug_ranges  0x0000000000000180       0x30 Core/Src/tim.o
 .debug_ranges  0x00000000000001b0       0x30 Core/Src/tmc2130.o
 .debug_ranges  0x00000000000001e0       0x20 Core/Src/usart.o
 .debug_ranges  0x0000000000000200       0x20 Core/Startup/startup_stm32f401retx.o
 .debug_ranges  0x0000000000000220       0xe0 Drivers/STM32F4xx_HAL_Driver/Src/stm32f4xx_hal.o
 .debug_ranges  0x0000000000000300       0xd8 Drivers/STM32F4xx_HAL_Driver/Src/stm32f4xx_hal_adc.o
 .debug_ranges  0x00000000000003d8      0x108 Drivers/STM32F4xx_HAL_Driver/Src/stm32f4xx_hal_cortex.o
 .debug_ranges  0x00000000000004e0       0x48 Drivers/STM32F4xx_HAL_Driver/Src/stm32f4xx_hal_gpio.o
 .debug_ranges  0x0000000000000528       0x78 Drivers/STM32F4xx_HAL_Driver/Src/stm32f4xx_hal_rcc.o
 .debug_ranges  0x00000000000005a0      0x1c0 Drivers/STM32F4xx_HAL_Driver/Src/stm32f4xx_hal_spi.o
 .debug_ranges  0x0000000000000760      0x398 Drivers/STM32F4xx_HAL_Driver/Src/stm32f4xx_hal_tim.o
 .debug_ranges  0x0000000000000af8      0x140 Drivers/STM32F4xx_HAL_Driver/Src/stm32f4xx_hal_tim_ex.o
 .debug_ranges  0x0000000000000c38      0x1c0 Drivers/STM32F4xx_HAL_Driver/Src/stm32f4xx_hal_uart.o
 .debug_ranges  0x0000000000000df8      0x1c8 Middlewares/Third_Party/FreeRTOS/Source/CMSIS_RTOS/cmsis_os.o
 .debug_ranges  0x0000000000000fc0       0x30 Middlewares/Third_Party/FreeRTOS/Source/list.o
 .debug_ranges  0x0000000000000ff0       0xf8 Middlewares/Third_Party/FreeRTOS/Source/queue.o
 .debug_ranges  0x00000000000010e8      0x198 Middlewares/Third_Party/FreeRTOS/Source/tasks.o
 .debug_ranges  0x0000000000001280       0x70 Middlewares/Third_Party/FreeRTOS/Source/portable/GCC/ARM_CM4F/port.o
 .debug_ranges  0x00000000000012f0       0x40 Middlewares/Third_Party/FreeRTOS/Source/portable/MemMang/heap_4.o

.debug_macro    0x0000000000000000    0x18e7f
 .debug_macro   0x0000000000000000      0x20a Core/Src/adc.o
 .debug_macro   0x000000000000020a      0xa5a Core/Src/adc.o
 .debug_macro   0x0000000000000c64      0x196 Core/Src/adc.o
 .debug_macro   0x0000000000000dfa       0x2e Core/Src/adc.o
 .debug_macro   0x0000000000000e28       0x28 Core/Src/adc.o
 .debug_macro   0x0000000000000e50       0x22 Core/Src/adc.o
 .debug_macro   0x0000000000000e72       0x8e Core/Src/adc.o
 .debug_macro   0x0000000000000f00       0x51 Core/Src/adc.o
 .debug_macro   0x0000000000000f51       0xef Core/Src/adc.o
 .debug_macro   0x0000000000001040       0x6a Core/Src/adc.o
 .debug_macro   0x00000000000010aa      0x1df Core/Src/adc.o
 .debug_macro   0x0000000000001289       0x1c Core/Src/adc.o
 .debug_macro   0x00000000000012a5       0x22 Core/Src/adc.o
 .debug_macro   0x00000000000012c7       0xdf Core/Src/adc.o
 .debug_macro   0x00000000000013a6     0x102d Core/Src/adc.o
 .debug_macro   0x00000000000023d3      0x11f Core/Src/adc.o
 .debug_macro   0x00000000000024f2     0xb850 Core/Src/adc.o
 .debug_macro   0x000000000000dd42       0x43 Core/Src/adc.o
 .debug_macro   0x000000000000dd85     0x3659 Core/Src/adc.o
 .debug_macro   0x00000000000113de      0x174 Core/Src/adc.o
 .debug_macro   0x0000000000011552       0x5a Core/Src/adc.o
 .debug_macro   0x00000000000115ac      0x416 Core/Src/adc.o
 .debug_macro   0x00000000000119c2      0x9fe Core/Src/adc.o
 .debug_macro   0x00000000000123c0      0x15f Core/Src/adc.o
 .debug_macro   0x000000000001251f      0x117 Core/Src/adc.o
 .debug_macro   0x0000000000012636       0xf8 Core/Src/adc.o
 .debug_macro   0x000000000001272e       0x27 Core/Src/adc.o
 .debug_macro   0x0000000000012755      0x287 Core/Src/adc.o
 .debug_macro   0x00000000000129dc       0x5f Core/Src/adc.o
 .debug_macro   0x0000000000012a3b      0x236 Core/Src/adc.o
 .debug_macro   0x0000000000012c71      0x391 Core/Src/adc.o
 .debug_macro   0x0000000000013002      0x176 Core/Src/adc.o
 .debug_macro   0x0000000000013178       0xf9 Core/Src/adc.o
 .debug_macro   0x0000000000013271      0x132 Core/Src/adc.o
 .debug_macro   0x00000000000133a3      0x264 Core/Src/adc.o
 .debug_macro   0x0000000000013607       0x2e Core/Src/adc.o
 .debug_macro   0x0000000000013635      0x11a Core/Src/adc.o
 .debug_macro   0x000000000001374f       0x85 Core/Src/adc.o
 .debug_macro   0x00000000000137d4       0x89 Core/Src/adc.o
 .debug_macro   0x000000000001385d      0x225 Core/Src/adc.o
 .debug_macro   0x0000000000013a82      0x8a0 Core/Src/adc.o
 .debug_macro   0x0000000000014322       0x47 Core/Src/adc.o
 .debug_macro   0x0000000000014369      0x287 Core/Src/adc.o
 .debug_macro   0x00000000000145f0      0x126 Core/Src/adc.o
 .debug_macro   0x0000000000014716       0x88 Core/Src/adc.o
 .debug_macro   0x000000000001479e      0x20a Core/Src/debug.o
 .debug_macro   0x00000000000149a8      0x2bd Core/Src/freertos.o
 .debug_macro   0x0000000000014c65      0x20a Core/Src/gpio.o
 .debug_macro   0x0000000000014e6f      0x306 Core/Src/main.o
 .debug_macro   0x0000000000015175       0xea Core/Src/main.o
 .debug_macro   0x000000000001525f       0xbe Core/Src/main.o
 .debug_macro   0x000000000001531d      0x3b9 Core/Src/motorcontrol.o
 .debug_macro   0x00000000000156d6       0x46 Core/Src/motorcontrol.o
 .debug_macro   0x000000000001571c       0x18 Core/Src/motorcontrol.o
 .debug_macro   0x0000000000015734       0x3c Core/Src/motorcontrol.o
 .debug_macro   0x0000000000015770       0x34 Core/Src/motorcontrol.o
 .debug_macro   0x00000000000157a4       0x52 Core/Src/motorcontrol.o
 .debug_macro   0x00000000000157f6       0x1f Core/Src/motorcontrol.o
 .debug_macro   0x0000000000015815       0x43 Core/Src/motorcontrol.o
 .debug_macro   0x0000000000015858       0x20 Core/Src/motorcontrol.o
 .debug_macro   0x0000000000015878      0x1a3 Core/Src/motorcontrol.o
 .debug_macro   0x0000000000015a1b      0x32a Core/Src/motorcontrol.o
 .debug_macro   0x0000000000015d45       0x10 Core/Src/motorcontrol.o
 .debug_macro   0x0000000000015d55       0x35 Core/Src/motorcontrol.o
 .debug_macro   0x0000000000015d8a       0x20 Core/Src/motorcontrol.o
 .debug_macro   0x0000000000015daa      0x20a Core/Src/spi.o
 .debug_macro   0x0000000000015fb4      0x200 Core/Src/stm32f4xx_hal_msp.o
 .debug_macro   0x00000000000161b4      0x1f1 Core/Src/stm32f4xx_hal_timebase_tim.o
 .debug_macro   0x00000000000163a5      0x29d Core/Src/stm32f4xx_it.o
 .debug_macro   0x0000000000016642       0x87 Core/Src/stm32f4xx_it.o
 .debug_macro   0x00000000000166c9      0x1f7 Core/Src/system_stm32f4xx.o
 .debug_macro   0x00000000000168c0      0x20a Core/Src/tim.o
 .debug_macro   0x0000000000016aca      0x2d4 Core/Src/tmc2130.o
 .debug_macro   0x0000000000016d9e       0x8e Core/Src/tmc2130.o
 .debug_macro   0x0000000000016e2c      0x20a Core/Src/usart.o
 .debug_macro   0x0000000000017036      0x251 Drivers/STM32F4xx_HAL_Driver/Src/stm32f4xx_hal.o
 .debug_macro   0x0000000000017287      0x1f2 Drivers/STM32F4xx_HAL_Driver/Src/stm32f4xx_hal_adc.o
 .debug_macro   0x0000000000017479      0x1f1 Drivers/STM32F4xx_HAL_Driver/Src/stm32f4xx_hal_cortex.o
 .debug_macro   0x000000000001766a      0x227 Drivers/STM32F4xx_HAL_Driver/Src/stm32f4xx_hal_gpio.o
 .debug_macro   0x0000000000017891      0x215 Drivers/STM32F4xx_HAL_Driver/Src/stm32f4xx_hal_rcc.o
 .debug_macro   0x0000000000017aa6      0x200 Drivers/STM32F4xx_HAL_Driver/Src/stm32f4xx_hal_spi.o
 .debug_macro   0x0000000000017ca6      0x1f2 Drivers/STM32F4xx_HAL_Driver/Src/stm32f4xx_hal_tim.o
 .debug_macro   0x0000000000017e98      0x1f1 Drivers/STM32F4xx_HAL_Driver/Src/stm32f4xx_hal_tim_ex.o
 .debug_macro   0x0000000000018089      0x1f2 Drivers/STM32F4xx_HAL_Driver/Src/stm32f4xx_hal_uart.o
 .debug_macro   0x000000000001827b      0x1f1 Middlewares/Third_Party/FreeRTOS/Source/CMSIS_RTOS/cmsis_os.o
 .debug_macro   0x000000000001846c       0xc7 Middlewares/Third_Party/FreeRTOS/Source/CMSIS_RTOS/cmsis_os.o
 .debug_macro   0x0000000000018533      0x17a Middlewares/Third_Party/FreeRTOS/Source/list.o
 .debug_macro   0x00000000000186ad      0x209 Middlewares/Third_Party/FreeRTOS/Source/queue.o
 .debug_macro   0x00000000000188b6       0x16 Middlewares/Third_Party/FreeRTOS/Source/queue.o
 .debug_macro   0x00000000000188cc      0x26c Middlewares/Third_Party/FreeRTOS/Source/tasks.o
 .debug_macro   0x0000000000018b38       0x10 Middlewares/Third_Party/FreeRTOS/Source/tasks.o
 .debug_macro   0x0000000000018b48      0x196 Middlewares/Third_Party/FreeRTOS/Source/portable/GCC/ARM_CM4F/port.o
 .debug_macro   0x0000000000018cde      0x1a1 Middlewares/Third_Party/FreeRTOS/Source/portable/MemMang/heap_4.o

.debug_line     0x0000000000000000    0x128c8
 .debug_line    0x0000000000000000      0x742 Core/Src/adc.o
 .debug_line    0x0000000000000742      0x716 Core/Src/debug.o
 .debug_line    0x0000000000000e58      0x8cb Core/Src/freertos.o
 .debug_line    0x0000000000001723      0x71e Core/Src/gpio.o
 .debug_line    0x0000000000001e41      0x927 Core/Src/main.o
 .debug_line    0x0000000000002768      0xac9 Core/Src/motorcontrol.o
 .debug_line    0x0000000000003231      0x73d Core/Src/spi.o
 .debug_line    0x000000000000396e      0x70a Core/Src/stm32f4xx_hal_msp.o
 .debug_line    0x0000000000004078      0x73d Core/Src/stm32f4xx_hal_timebase_tim.o
 .debug_line    0x00000000000047b5      0x8ef Core/Src/stm32f4xx_it.o
 .debug_line    0x00000000000050a4      0x724 Core/Src/system_stm32f4xx.o
 .debug_line    0x00000000000057c8      0x7b9 Core/Src/tim.o
 .debug_line    0x0000000000005f81      0x966 Core/Src/tmc2130.o
 .debug_line    0x00000000000068e7      0x73d Core/Src/usart.o
 .debug_line    0x0000000000007024       0x85 Core/Startup/startup_stm32f401retx.o
 .debug_line    0x00000000000070a9      0x90e Drivers/STM32F4xx_HAL_Driver/Src/stm32f4xx_hal.o
 .debug_line    0x00000000000079b7      0xb34 Drivers/STM32F4xx_HAL_Driver/Src/stm32f4xx_hal_adc.o
 .debug_line    0x00000000000084eb      0xa32 Drivers/STM32F4xx_HAL_Driver/Src/stm32f4xx_hal_cortex.o
 .debug_line    0x0000000000008f1d      0x8b1 Drivers/STM32F4xx_HAL_Driver/Src/stm32f4xx_hal_gpio.o
 .debug_line    0x00000000000097ce      0x966 Drivers/STM32F4xx_HAL_Driver/Src/stm32f4xx_hal_rcc.o
 .debug_line    0x000000000000a134     0x10ca Drivers/STM32F4xx_HAL_Driver/Src/stm32f4xx_hal_spi.o
 .debug_line    0x000000000000b1fe     0x17cb Drivers/STM32F4xx_HAL_Driver/Src/stm32f4xx_hal_tim.o
 .debug_line    0x000000000000c9c9      0xd19 Drivers/STM32F4xx_HAL_Driver/Src/stm32f4xx_hal_tim_ex.o
 .debug_line    0x000000000000d6e2     0x101c Drivers/STM32F4xx_HAL_Driver/Src/stm32f4xx_hal_uart.o
 .debug_line    0x000000000000e6fe      0xcc0 Middlewares/Third_Party/FreeRTOS/Source/CMSIS_RTOS/cmsis_os.o
 .debug_line    0x000000000000f3be      0x66c Middlewares/Third_Party/FreeRTOS/Source/list.o
 .debug_line    0x000000000000fa2a      0xf76 Middlewares/Third_Party/FreeRTOS/Source/queue.o
 .debug_line    0x00000000000109a0     0x1133 Middlewares/Third_Party/FreeRTOS/Source/tasks.o
 .debug_line    0x0000000000011ad3      0x6a3 Middlewares/Third_Party/FreeRTOS/Source/portable/GCC/ARM_CM4F/port.o
 .debug_line    0x0000000000012176      0x752 Middlewares/Third_Party/FreeRTOS/Source/portable/MemMang/heap_4.o

.debug_str      0x0000000000000000    0x9a437
 .debug_str     0x0000000000000000    0x8a572 Core/Src/adc.o
                                      0x8a876 (size before relaxing)
 .debug_str     0x000000000008a572      0x1de Core/Src/debug.o
                                      0x8a6b8 (size before relaxing)
 .debug_str     0x000000000008a750     0x627f Core/Src/freertos.o
                                      0x90558 (size before relaxing)
 .debug_str     0x00000000000909cf       0x46 Core/Src/gpio.o
                                      0x8a437 (size before relaxing)
 .debug_str     0x0000000000090a15      0x752 Core/Src/main.o
                                      0x90fe9 (size before relaxing)
 .debug_str     0x0000000000091167     0x3030 Core/Src/motorcontrol.o
                                      0x93be2 (size before relaxing)
 .debug_str     0x0000000000094197       0x4b Core/Src/spi.o
                                      0x8a894 (size before relaxing)
 .debug_str     0x00000000000941e2      0x3ae Core/Src/stm32f4xx_hal_msp.o
                                      0x8a728 (size before relaxing)
 .debug_str     0x0000000000094590       0xaa Core/Src/stm32f4xx_hal_timebase_tim.o
                                      0x8aa3f (size before relaxing)
 .debug_str     0x000000000009463a       0xec Core/Src/stm32f4xx_it.o
                                      0x8ed83 (size before relaxing)
 .debug_str     0x0000000000094726       0xc4 Core/Src/system_stm32f4xx.o
                                      0x8a22b (size before relaxing)
 .debug_str     0x00000000000947ea      0x26c Core/Src/tim.o
                                      0x8ae6c (size before relaxing)
 .debug_str     0x0000000000094a56       0xc1 Core/Src/tmc2130.o
                                      0x90967 (size before relaxing)
 .debug_str     0x0000000000094b17       0x57 Core/Src/usart.o
                                      0x8a877 (size before relaxing)
 .debug_str     0x0000000000094b6e       0x36 Core/Startup/startup_stm32f401retx.o
                                         0x77 (size before relaxing)
 .debug_str     0x0000000000094ba4      0x53d Drivers/STM32F4xx_HAL_Driver/Src/stm32f4xx_hal.o
                                      0x8ab96 (size before relaxing)
 .debug_str     0x00000000000950e1      0x2a2 Drivers/STM32F4xx_HAL_Driver/Src/stm32f4xx_hal_adc.o
                                      0x8a7b0 (size before relaxing)
 .debug_str     0x0000000000095383      0x389 Drivers/STM32F4xx_HAL_Driver/Src/stm32f4xx_hal_cortex.o
                                      0x8a973 (size before relaxing)
 .debug_str     0x000000000009570c      0x20c Drivers/STM32F4xx_HAL_Driver/Src/stm32f4xx_hal_gpio.o
                                      0x8a46a (size before relaxing)
 .debug_str     0x0000000000095918      0x24f Drivers/STM32F4xx_HAL_Driver/Src/stm32f4xx_hal_rcc.o
                                      0x8a618 (size before relaxing)
 .debug_str     0x0000000000095b67      0x55f Drivers/STM32F4xx_HAL_Driver/Src/stm32f4xx_hal_spi.o
                                      0x8aa87 (size before relaxing)
 .debug_str     0x00000000000960c6      0xc27 Drivers/STM32F4xx_HAL_Driver/Src/stm32f4xx_hal_tim.o
                                      0x8b325 (size before relaxing)
 .debug_str     0x0000000000096ced      0x40e Drivers/STM32F4xx_HAL_Driver/Src/stm32f4xx_hal_tim_ex.o
                                      0x8ab25 (size before relaxing)
 .debug_str     0x00000000000970fb      0x507 Drivers/STM32F4xx_HAL_Driver/Src/stm32f4xx_hal_uart.o
                                      0x8aa65 (size before relaxing)
 .debug_str     0x0000000000097602      0x8b2 Middlewares/Third_Party/FreeRTOS/Source/CMSIS_RTOS/cmsis_os.o
                                       0xe13f (size before relaxing)
 .debug_str     0x0000000000097eb4      0x219 Middlewares/Third_Party/FreeRTOS/Source/list.o
                                       0xa771 (size before relaxing)
 .debug_str     0x00000000000980cd      0x7f3 Middlewares/Third_Party/FreeRTOS/Source/queue.o
                                       0xbf5d (size before relaxing)
 .debug_str     0x00000000000988c0     0x111a Middlewares/Third_Party/FreeRTOS/Source/tasks.o
                                       0xc992 (size before relaxing)
 .debug_str     0x00000000000999da      0x803 Middlewares/Third_Party/FreeRTOS/Source/portable/GCC/ARM_CM4F/port.o
                                       0x853a (size before relaxing)
 .debug_str     0x000000000009a1dd      0x25a Middlewares/Third_Party/FreeRTOS/Source/portable/MemMang/heap_4.o
                                       0xaf64 (size before relaxing)

.comment        0x0000000000000000       0x7b
 .comment       0x0000000000000000       0x7b Core/Src/adc.o
                                         0x7c (size before relaxing)
 .comment       0x000000000000007b       0x7c Core/Src/debug.o
 .comment       0x000000000000007b       0x7c Core/Src/freertos.o
 .comment       0x000000000000007b       0x7c Core/Src/gpio.o
 .comment       0x000000000000007b       0x7c Core/Src/main.o
 .comment       0x000000000000007b       0x7c Core/Src/motorcontrol.o
 .comment       0x000000000000007b       0x7c Core/Src/spi.o
 .comment       0x000000000000007b       0x7c Core/Src/stm32f4xx_hal_msp.o
 .comment       0x000000000000007b       0x7c Core/Src/stm32f4xx_hal_timebase_tim.o
 .comment       0x000000000000007b       0x7c Core/Src/stm32f4xx_it.o
 .comment       0x000000000000007b       0x7c Core/Src/system_stm32f4xx.o
 .comment       0x000000000000007b       0x7c Core/Src/tim.o
 .comment       0x000000000000007b       0x7c Core/Src/tmc2130.o
 .comment       0x000000000000007b       0x7c Core/Src/usart.o
 .comment       0x000000000000007b       0x7c Drivers/STM32F4xx_HAL_Driver/Src/stm32f4xx_hal.o
 .comment       0x000000000000007b       0x7c Drivers/STM32F4xx_HAL_Driver/Src/stm32f4xx_hal_adc.o
 .comment       0x000000000000007b       0x7c Drivers/STM32F4xx_HAL_Driver/Src/stm32f4xx_hal_cortex.o
 .comment       0x000000000000007b       0x7c Drivers/STM32F4xx_HAL_Driver/Src/stm32f4xx_hal_gpio.o
 .comment       0x000000000000007b       0x7c Drivers/STM32F4xx_HAL_Driver/Src/stm32f4xx_hal_rcc.o
 .comment       0x000000000000007b       0x7c Drivers/STM32F4xx_HAL_Driver/Src/stm32f4xx_hal_spi.o
 .comment       0x000000000000007b       0x7c Drivers/STM32F4xx_HAL_Driver/Src/stm32f4xx_hal_tim.o
 .comment       0x000000000000007b       0x7c Drivers/STM32F4xx_HAL_Driver/Src/stm32f4xx_hal_tim_ex.o
 .comment       0x000000000000007b       0x7c Drivers/STM32F4xx_HAL_Driver/Src/stm32f4xx_hal_uart.o
 .comment       0x000000000000007b       0x7c Middlewares/Third_Party/FreeRTOS/Source/CMSIS_RTOS/cmsis_os.o
 .comment       0x000000000000007b       0x7c Middlewares/Third_Party/FreeRTOS/Source/list.o
 .comment       0x000000000000007b       0x7c Middlewares/Third_Party/FreeRTOS/Source/queue.o
 .comment       0x000000000000007b       0x7c Middlewares/Third_Party/FreeRTOS/Source/tasks.o
 .comment       0x000000000000007b       0x7c Middlewares/Third_Party/FreeRTOS/Source/portable/GCC/ARM_CM4F/port.o
 .comment       0x000000000000007b       0x7c Middlewares/Third_Party/FreeRTOS/Source/portable/MemMang/heap_4.o

.debug_frame    0x0000000000000000     0x55bc
 .debug_frame   0x0000000000000000       0x7c Core/Src/adc.o
 .debug_frame   0x000000000000007c       0x34 Core/Src/debug.o
 .debug_frame   0x00000000000000b0       0x80 Core/Src/freertos.o
 .debug_frame   0x0000000000000130       0x34 Core/Src/gpio.o
 .debug_frame   0x0000000000000164       0x8c Core/Src/main.o
 .debug_frame   0x00000000000001f0       0xcc Core/Src/motorcontrol.o
 .debug_frame   0x00000000000002bc       0x74 Core/Src/spi.o
 .debug_frame   0x0000000000000330       0x34 Core/Src/stm32f4xx_hal_msp.o
 .debug_frame   0x0000000000000364       0x74 Core/Src/stm32f4xx_hal_timebase_tim.o
 .debug_frame   0x00000000000003d8      0x128 Core/Src/stm32f4xx_it.o
 .debug_frame   0x0000000000000500       0x58 Core/Src/system_stm32f4xx.o
 .debug_frame   0x0000000000000558       0xc4 Core/Src/tim.o
 .debug_frame   0x000000000000061c       0xd0 Core/Src/tmc2130.o
 .debug_frame   0x00000000000006ec       0x74 Core/Src/usart.o
 .debug_frame   0x0000000000000760      0x374 Drivers/STM32F4xx_HAL_Driver/Src/stm32f4xx_hal.o
 .debug_frame   0x0000000000000ad4      0x3fc Drivers/STM32F4xx_HAL_Driver/Src/stm32f4xx_hal_adc.o
 .debug_frame   0x0000000000000ed0      0x498 Drivers/STM32F4xx_HAL_Driver/Src/stm32f4xx_hal_cortex.o
 .debug_frame   0x0000000000001368      0x14c Drivers/STM32F4xx_HAL_Driver/Src/stm32f4xx_hal_gpio.o
 .debug_frame   0x00000000000014b4      0x1f0 Drivers/STM32F4xx_HAL_Driver/Src/stm32f4xx_hal_rcc.o
 .debug_frame   0x00000000000016a4      0x824 Drivers/STM32F4xx_HAL_Driver/Src/stm32f4xx_hal_spi.o
 .debug_frame   0x0000000000001ec8     0x10e8 Drivers/STM32F4xx_HAL_Driver/Src/stm32f4xx_hal_tim.o
 .debug_frame   0x0000000000002fb0      0x5c0 Drivers/STM32F4xx_HAL_Driver/Src/stm32f4xx_hal_tim_ex.o
 .debug_frame   0x0000000000003570      0x844 Drivers/STM32F4xx_HAL_Driver/Src/stm32f4xx_hal_uart.o
 .debug_frame   0x0000000000003db4      0x80c Middlewares/Third_Party/FreeRTOS/Source/CMSIS_RTOS/cmsis_os.o
 .debug_frame   0x00000000000045c0       0xd8 Middlewares/Third_Party/FreeRTOS/Source/list.o
 .debug_frame   0x0000000000004698      0x46c Middlewares/Third_Party/FreeRTOS/Source/queue.o
 .debug_frame   0x0000000000004b04      0x734 Middlewares/Third_Party/FreeRTOS/Source/tasks.o
 .debug_frame   0x0000000000005238      0x1a8 Middlewares/Third_Party/FreeRTOS/Source/portable/GCC/ARM_CM4F/port.o
 .debug_frame   0x00000000000053e0      0x108 Middlewares/Third_Party/FreeRTOS/Source/portable/MemMang/heap_4.o
 .debug_frame   0x00000000000054e8       0x2c c:/st/stm32cubeide_1.3.0/stm32cubeide/plugins/com.st.stm32cube.ide.mcu.externaltools.gnu-tools-for-stm32.7-2018-q2-update.win32_1.0.0.201904181610/tools/bin/../lib/gcc/arm-none-eabi/7.3.1/../../../../arm-none-eabi/lib/thumb/v7e-m/fpv4-sp/hard\libc_nano.a(lib_a-init.o)
 .debug_frame   0x0000000000005514       0x28 c:/st/stm32cubeide_1.3.0/stm32cubeide/plugins/com.st.stm32cube.ide.mcu.externaltools.gnu-tools-for-stm32.7-2018-q2-update.win32_1.0.0.201904181610/tools/bin/../lib/gcc/arm-none-eabi/7.3.1/../../../../arm-none-eabi/lib/thumb/v7e-m/fpv4-sp/hard\libc_nano.a(lib_a-memcpy-stub.o)
 .debug_frame   0x000000000000553c       0x20 c:/st/stm32cubeide_1.3.0/stm32cubeide/plugins/com.st.stm32cube.ide.mcu.externaltools.gnu-tools-for-stm32.7-2018-q2-update.win32_1.0.0.201904181610/tools/bin/../lib/gcc/arm-none-eabi/7.3.1/../../../../arm-none-eabi/lib/thumb/v7e-m/fpv4-sp/hard\libc_nano.a(lib_a-memset.o)
 .debug_frame   0x000000000000555c       0x2c c:/st/stm32cubeide_1.3.0/stm32cubeide/plugins/com.st.stm32cube.ide.mcu.externaltools.gnu-tools-for-stm32.7-2018-q2-update.win32_1.0.0.201904181610/tools/bin/../lib/gcc/arm-none-eabi/7.3.1/thumb/v7e-m/fpv4-sp/hard\libgcc.a(_aeabi_uldivmod.o)
 .debug_frame   0x0000000000005588       0x34 c:/st/stm32cubeide_1.3.0/stm32cubeide/plugins/com.st.stm32cube.ide.mcu.externaltools.gnu-tools-for-stm32.7-2018-q2-update.win32_1.0.0.201904181610/tools/bin/../lib/gcc/arm-none-eabi/7.3.1/thumb/v7e-m/fpv4-sp/hard\libgcc.a(_udivmoddi4.o)