Archive member included to satisfy reference by file (symbol)

c:/st/stm32cubeide_1.3.0/stm32cubeide/plugins/com.st.stm32cube.ide.mcu.externaltools.gnu-tools-for-stm32.7-2018-q2-update.win32_1.0.0.201904181610/tools/bin/../lib/gcc/arm-none-eabi/7.3.1/../../../../arm-none-eabi/lib/thumb/v7e-m/fpv4-sp/hard\libc_nano.a(lib_a-errno.o)
                              Core/Src/syscalls.o (__errno)
c:/st/stm32cubeide_1.3.0/stm32cubeide/plugins/com.st.stm32cube.ide.mcu.externaltools.gnu-tools-for-stm32.7-2018-q2-update.win32_1.0.0.201904181610/tools/bin/../lib/gcc/arm-none-eabi/7.3.1/../../../../arm-none-eabi/lib/thumb/v7e-m/fpv4-sp/hard\libc_nano.a(lib_a-exit.o)
                              c:/st/stm32cubeide_1.3.0/stm32cubeide/plugins/com.st.stm32cube.ide.mcu.externaltools.gnu-tools-for-stm32.7-2018-q2-update.win32_1.0.0.201904181610/tools/bin/../lib/gcc/arm-none-eabi/7.3.1/../../../../arm-none-eabi/lib/thumb/v7e-m/fpv4-sp/hard/crt0.o (exit)
c:/st/stm32cubeide_1.3.0/stm32cubeide/plugins/com.st.stm32cube.ide.mcu.externaltools.gnu-tools-for-stm32.7-2018-q2-update.win32_1.0.0.201904181610/tools/bin/../lib/gcc/arm-none-eabi/7.3.1/../../../../arm-none-eabi/lib/thumb/v7e-m/fpv4-sp/hard\libc_nano.a(lib_a-impure.o)
                              c:/st/stm32cubeide_1.3.0/stm32cubeide/plugins/com.st.stm32cube.ide.mcu.externaltools.gnu-tools-for-stm32.7-2018-q2-update.win32_1.0.0.201904181610/tools/bin/../lib/gcc/arm-none-eabi/7.3.1/../../../../arm-none-eabi/lib/thumb/v7e-m/fpv4-sp/hard\libc_nano.a(lib_a-exit.o) (_global_impure_ptr)
c:/st/stm32cubeide_1.3.0/stm32cubeide/plugins/com.st.stm32cube.ide.mcu.externaltools.gnu-tools-for-stm32.7-2018-q2-update.win32_1.0.0.201904181610/tools/bin/../lib/gcc/arm-none-eabi/7.3.1/../../../../arm-none-eabi/lib/thumb/v7e-m/fpv4-sp/hard\libc_nano.a(lib_a-init.o)
                              c:/st/stm32cubeide_1.3.0/stm32cubeide/plugins/com.st.stm32cube.ide.mcu.externaltools.gnu-tools-for-stm32.7-2018-q2-update.win32_1.0.0.201904181610/tools/bin/../lib/gcc/arm-none-eabi/7.3.1/../../../../arm-none-eabi/lib/thumb/v7e-m/fpv4-sp/hard/crt0.o (__libc_init_array)
c:/st/stm32cubeide_1.3.0/stm32cubeide/plugins/com.st.stm32cube.ide.mcu.externaltools.gnu-tools-for-stm32.7-2018-q2-update.win32_1.0.0.201904181610/tools/bin/../lib/gcc/arm-none-eabi/7.3.1/../../../../arm-none-eabi/lib/thumb/v7e-m/fpv4-sp/hard\libc_nano.a(lib_a-memcpy-stub.o)
                              Middlewares/Third_Party/FreeRTOS/Source/queue.o (memcpy)
c:/st/stm32cubeide_1.3.0/stm32cubeide/plugins/com.st.stm32cube.ide.mcu.externaltools.gnu-tools-for-stm32.7-2018-q2-update.win32_1.0.0.201904181610/tools/bin/../lib/gcc/arm-none-eabi/7.3.1/../../../../arm-none-eabi/lib/thumb/v7e-m/fpv4-sp/hard\libc_nano.a(lib_a-memset.o)
                              c:/st/stm32cubeide_1.3.0/stm32cubeide/plugins/com.st.stm32cube.ide.mcu.externaltools.gnu-tools-for-stm32.7-2018-q2-update.win32_1.0.0.201904181610/tools/bin/../lib/gcc/arm-none-eabi/7.3.1/../../../../arm-none-eabi/lib/thumb/v7e-m/fpv4-sp/hard/crt0.o (memset)
c:/st/stm32cubeide_1.3.0/stm32cubeide/plugins/com.st.stm32cube.ide.mcu.externaltools.gnu-tools-for-stm32.7-2018-q2-update.win32_1.0.0.201904181610/tools/bin/../lib/gcc/arm-none-eabi/7.3.1/thumb/v7e-m/fpv4-sp/hard\libgcc.a(_aeabi_uldivmod.o)
                              Drivers/STM32F4xx_HAL_Driver/Src/stm32f4xx_hal_rcc.o (__aeabi_uldivmod)
c:/st/stm32cubeide_1.3.0/stm32cubeide/plugins/com.st.stm32cube.ide.mcu.externaltools.gnu-tools-for-stm32.7-2018-q2-update.win32_1.0.0.201904181610/tools/bin/../lib/gcc/arm-none-eabi/7.3.1/thumb/v7e-m/fpv4-sp/hard\libgcc.a(_udivmoddi4.o)
                              c:/st/stm32cubeide_1.3.0/stm32cubeide/plugins/com.st.stm32cube.ide.mcu.externaltools.gnu-tools-for-stm32.7-2018-q2-update.win32_1.0.0.201904181610/tools/bin/../lib/gcc/arm-none-eabi/7.3.1/thumb/v7e-m/fpv4-sp/hard\libgcc.a(_aeabi_uldivmod.o) (__udivmoddi4)
c:/st/stm32cubeide_1.3.0/stm32cubeide/plugins/com.st.stm32cube.ide.mcu.externaltools.gnu-tools-for-stm32.7-2018-q2-update.win32_1.0.0.201904181610/tools/bin/../lib/gcc/arm-none-eabi/7.3.1/thumb/v7e-m/fpv4-sp/hard\libgcc.a(_dvmd_tls.o)
                              c:/st/stm32cubeide_1.3.0/stm32cubeide/plugins/com.st.stm32cube.ide.mcu.externaltools.gnu-tools-for-stm32.7-2018-q2-update.win32_1.0.0.201904181610/tools/bin/../lib/gcc/arm-none-eabi/7.3.1/thumb/v7e-m/fpv4-sp/hard\libgcc.a(_aeabi_uldivmod.o) (__aeabi_ldiv0)

Allocating common symbols
Common symbol       size              file

defaultTaskHandle   0x4               Core/Src/freertos.o
uwTick              0x4               Drivers/STM32F4xx_HAL_Driver/Src/stm32f4xx_hal.o
xQueueRegistry      0x40              Middlewares/Third_Party/FreeRTOS/Source/queue.o
pFlash              0x20              Drivers/STM32F4xx_HAL_Driver/Src/stm32f4xx_hal_flash.o
htim5               0x40              Core/Src/stm32f4xx_hal_timebase_tim.o
hadc1               0x48              Core/Src/adc.o
htim1               0x40              Core/Src/tim.o
[...]
Memory Configuration

Name             Origin             Length             Attributes
RAM              0x0000000020000000 0x0000000000018000 xrw
FLASH            0x0000000008000000 0x0000000000080000 xr
*default*        0x0000000000000000 0xffffffffffffffff

Linker script and memory map

LOAD c:/st/stm32cubeide_1.3.0/stm32cubeide/plugins/com.st.stm32cube.ide.mcu.externaltools.gnu-tools-for-stm32.7-2018-q2-update.win32_1.0.0.201904181610/tools/bin/../lib/gcc/arm-none-eabi/7.3.1/thumb/v7e-m/fpv4-sp/hard/crti.o
LOAD c:/st/stm32cubeide_1.3.0/stm32cubeide/plugins/com.st.stm32cube.ide.mcu.externaltools.gnu-tools-for-stm32.7-2018-q2-update.win32_1.0.0.201904181610/tools/bin/../lib/gcc/arm-none-eabi/7.3.1/thumb/v7e-m/fpv4-sp/hard/crtbegin.o
LOAD c:/st/stm32cubeide_1.3.0/stm32cubeide/plugins/com.st.stm32cube.ide.mcu.externaltools.gnu-tools-for-stm32.7-2018-q2-update.win32_1.0.0.201904181610/tools/bin/../lib/gcc/arm-none-eabi/7.3.1/../../../../arm-none-eabi/lib/thumb/v7e-m/fpv4-sp/hard/crt0.o
LOAD Core/Src/adc.o
LOAD Core/Src/delay.o
LOAD Core/Src/dwt_stm32_delay.o
LOAD Core/Src/freertos.o
LOAD Core/Src/gpio.o
LOAD Core/Src/main.o
LOAD Core/Src/motorcontrol.o
LOAD Core/Src/spi.o
LOAD Core/Src/stm32f4xx_hal_msp.o
LOAD Core/Src/stm32f4xx_hal_timebase_tim.o
LOAD Core/Src/stm32f4xx_it.o
LOAD Core/Src/syscalls.o
LOAD Core/Src/sysmem.o
LOAD Core/Src/system_stm32f4xx.o
LOAD Core/Src/tim.o
LOAD Core/Src/tmc2130.o
LOAD Core/Src/usart.o
LOAD Core/Startup/startup_stm32f401retx.o
LOAD Drivers/STM32F4xx_HAL_Driver/Src/stm32f4xx_hal.o
LOAD Drivers/STM32F4xx_HAL_Driver/Src/stm32f4xx_hal_adc.o
LOAD Drivers/STM32F4xx_HAL_Driver/Src/stm32f4xx_hal_adc_ex.o
LOAD Drivers/STM32F4xx_HAL_Driver/Src/stm32f4xx_hal_cortex.o
LOAD Drivers/STM32F4xx_HAL_Driver/Src/stm32f4xx_hal_dma.o
LOAD Drivers/STM32F4xx_HAL_Driver/Src/stm32f4xx_hal_dma_ex.o
LOAD Drivers/STM32F4xx_HAL_Driver/Src/stm32f4xx_hal_exti.o
LOAD Drivers/STM32F4xx_HAL_Driver/Src/stm32f4xx_hal_flash.o
LOAD Drivers/STM32F4xx_HAL_Driver/Src/stm32f4xx_hal_flash_ex.o
LOAD Drivers/STM32F4xx_HAL_Driver/Src/stm32f4xx_hal_flash_ramfunc.o
LOAD Drivers/STM32F4xx_HAL_Driver/Src/stm32f4xx_hal_gpio.o
LOAD Drivers/STM32F4xx_HAL_Driver/Src/stm32f4xx_hal_pwr.o
LOAD Drivers/STM32F4xx_HAL_Driver/Src/stm32f4xx_hal_pwr_ex.o
LOAD Drivers/STM32F4xx_HAL_Driver/Src/stm32f4xx_hal_rcc.o
LOAD Drivers/STM32F4xx_HAL_Driver/Src/stm32f4xx_hal_rcc_ex.o
LOAD Drivers/STM32F4xx_HAL_Driver/Src/stm32f4xx_hal_spi.o
LOAD Drivers/STM32F4xx_HAL_Driver/Src/stm32f4xx_hal_tim.o
LOAD Drivers/STM32F4xx_HAL_Driver/Src/stm32f4xx_hal_tim_ex.o
LOAD Drivers/STM32F4xx_HAL_Driver/Src/stm32f4xx_hal_uart.o
LOAD Middlewares/Third_Party/FreeRTOS/Source/CMSIS_RTOS/cmsis_os.o
LOAD Middlewares/Third_Party/FreeRTOS/Source/croutine.o
LOAD Middlewares/Third_Party/FreeRTOS/Source/event_groups.o
LOAD Middlewares/Third_Party/FreeRTOS/Source/list.o
LOAD Middlewares/Third_Party/FreeRTOS/Source/queue.o
LOAD Middlewares/Third_Party/FreeRTOS/Source/stream_buffer.o
LOAD Middlewares/Third_Party/FreeRTOS/Source/tasks.o
LOAD Middlewares/Third_Party/FreeRTOS/Source/timers.o
LOAD Middlewares/Third_Party/FreeRTOS/Source/portable/GCC/ARM_CM4F/port.o
LOAD Middlewares/Third_Party/FreeRTOS/Source/portable/MemMang/heap_4.o
START GROUP
LOAD c:/st/stm32cubeide_1.3.0/stm32cubeide/plugins/com.st.stm32cube.ide.mcu.externaltools.gnu-tools-for-stm32.7-2018-q2-update.win32_1.0.0.201904181610/tools/bin/../lib/gcc/arm-none-eabi/7.3.1/../../../../arm-none-eabi/lib/thumb/v7e-m/fpv4-sp/hard\libc_nano.a
LOAD c:/st/stm32cubeide_1.3.0/stm32cubeide/plugins/com.st.stm32cube.ide.mcu.externaltools.gnu-tools-for-stm32.7-2018-q2-update.win32_1.0.0.201904181610/tools/bin/../lib/gcc/arm-none-eabi/7.3.1/../../../../arm-none-eabi/lib/thumb/v7e-m/fpv4-sp/hard\libm.a
END GROUP
START GROUP
LOAD c:/st/stm32cubeide_1.3.0/stm32cubeide/plugins/com.st.stm32cube.ide.mcu.externaltools.gnu-tools-for-stm32.7-2018-q2-update.win32_1.0.0.201904181610/tools/bin/../lib/gcc/arm-none-eabi/7.3.1/thumb/v7e-m/fpv4-sp/hard\libgcc.a
LOAD c:/st/stm32cubeide_1.3.0/stm32cubeide/plugins/com.st.stm32cube.ide.mcu.externaltools.gnu-tools-for-stm32.7-2018-q2-update.win32_1.0.0.201904181610/tools/bin/../lib/gcc/arm-none-eabi/7.3.1/../../../../arm-none-eabi/lib/thumb/v7e-m/fpv4-sp/hard\libc_nano.a
END GROUP
START GROUP
LOAD c:/st/stm32cubeide_1.3.0/stm32cubeide/plugins/com.st.stm32cube.ide.mcu.externaltools.gnu-tools-for-stm32.7-2018-q2-update.win32_1.0.0.201904181610/tools/bin/../lib/gcc/arm-none-eabi/7.3.1/thumb/v7e-m/fpv4-sp/hard\libgcc.a
LOAD c:/st/stm32cubeide_1.3.0/stm32cubeide/plugins/com.st.stm32cube.ide.mcu.externaltools.gnu-tools-for-stm32.7-2018-q2-update.win32_1.0.0.201904181610/tools/bin/../lib/gcc/arm-none-eabi/7.3.1/../../../../arm-none-eabi/lib/thumb/v7e-m/fpv4-sp/hard\libc_nano.a
LOAD c:/st/stm32cubeide_1.3.0/stm32cubeide/plugins/com.st.stm32cube.ide.mcu.externaltools.gnu-tools-for-stm32.7-2018-q2-update.win32_1.0.0.201904181610/tools/bin/../lib/gcc/arm-none-eabi/7.3.1/../../../../arm-none-eabi/lib/thumb/v7e-m/fpv4-sp/hard\libnosys.a
END GROUP
START GROUP
LOAD c:/st/stm32cubeide_1.3.0/stm32cubeide/plugins/com.st.stm32cube.ide.mcu.externaltools.gnu-tools-for-stm32.7-2018-q2-update.win32_1.0.0.201904181610/tools/bin/../lib/gcc/arm-none-eabi/7.3.1/thumb/v7e-m/fpv4-sp/hard\libgcc.a
LOAD c:/st/stm32cubeide_1.3.0/stm32cubeide/plugins/com.st.stm32cube.ide.mcu.externaltools.gnu-tools-for-stm32.7-2018-q2-update.win32_1.0.0.201904181610/tools/bin/../lib/gcc/arm-none-eabi/7.3.1/../../../../arm-none-eabi/lib/thumb/v7e-m/fpv4-sp/hard\libc_nano.a
LOAD c:/st/stm32cubeide_1.3.0/stm32cubeide/plugins/com.st.stm32cube.ide.mcu.externaltools.gnu-tools-for-stm32.7-2018-q2-update.win32_1.0.0.201904181610/tools/bin/../lib/gcc/arm-none-eabi/7.3.1/../../../../arm-none-eabi/lib/thumb/v7e-m/fpv4-sp/hard\libnosys.a
END GROUP
LOAD c:/st/stm32cubeide_1.3.0/stm32cubeide/plugins/com.st.stm32cube.ide.mcu.externaltools.gnu-tools-for-stm32.7-2018-q2-update.win32_1.0.0.201904181610/tools/bin/../lib/gcc/arm-none-eabi/7.3.1/thumb/v7e-m/fpv4-sp/hard/crtend.o
LOAD c:/st/stm32cubeide_1.3.0/stm32cubeide/plugins/com.st.stm32cube.ide.mcu.externaltools.gnu-tools-for-stm32.7-2018-q2-update.win32_1.0.0.201904181610/tools/bin/../lib/gcc/arm-none-eabi/7.3.1/thumb/v7e-m/fpv4-sp/hard/crtn.o
                0x0000000020018000                _estack = (ORIGIN (RAM) + LENGTH (RAM))
                0x0000000000000200                _Min_Heap_Size = 0x200
                0x0000000000000400                _Min_Stack_Size = 0x400

.isr_vector     0x0000000008000000      0x194
                0x0000000008000000                . = ALIGN (0x4)
 *(.isr_vector)
 .isr_vector    0x0000000008000000      0x194 Core/Startup/startup_stm32f401retx.o
                0x0000000008000000                g_pfnVectors
                0x0000000008000194                . = ALIGN (0x4)

.text           0x00000000080001a0     0x4c88
                0x00000000080001a0                . = ALIGN (0x4)
 *(.text)
 .text          0x00000000080001a0       0x40 c:/st/stm32cubeide_1.3.0/stm32cubeide/plugins/com.st.stm32cube.ide.mcu.externaltools.gnu-tools-for-stm32.7-2018-q2-update.win32_1.0.0.201904181610/tools/bin/../lib/gcc/arm-none-eabi/7.3.1/thumb/v7e-m/fpv4-sp/hard/crtbegin.o
 .text          0x00000000080001e0       0x30 c:/st/stm32cubeide_1.3.0/stm32cubeide/plugins/com.st.stm32cube.ide.mcu.externaltools.gnu-tools-for-stm32.7-2018-q2-update.win32_1.0.0.201904181610/tools/bin/../lib/gcc/arm-none-eabi/7.3.1/thumb/v7e-m/fpv4-sp/hard\libgcc.a(_aeabi_uldivmod.o)
                0x00000000080001e0                __aeabi_uldivmod
 .text          0x0000000008000210      0x2cc c:/st/stm32cubeide_1.3.0/stm32cubeide/plugins/com.st.stm32cube.ide.mcu.externaltools.gnu-tools-for-stm32.7-2018-q2-update.win32_1.0.0.201904181610/tools/bin/../lib/gcc/arm-none-eabi/7.3.1/thumb/v7e-m/fpv4-sp/hard\libgcc.a(_udivmoddi4.o)
                0x0000000008000210                __udivmoddi4
 .text          0x00000000080004dc        0x4 c:/st/stm32cubeide_1.3.0/stm32cubeide/plugins/com.st.stm32cube.ide.mcu.externaltools.gnu-tools-for-stm32.7-2018-q2-update.win32_1.0.0.201904181610/tools/bin/../lib/gcc/arm-none-eabi/7.3.1/thumb/v7e-m/fpv4-sp/hard\libgcc.a(_dvmd_tls.o)
                0x00000000080004dc                __aeabi_idiv0
                0x00000000080004dc                __aeabi_ldiv0
 *(.text*)
 .text.MX_ADC1_Init
                0x00000000080004e0       0xa4 Core/Src/adc.o
                0x00000000080004e0                MX_ADC1_Init
 .text.HAL_ADC_MspInit
                0x0000000008000584       0x88 Core/Src/adc.o
                0x0000000008000584                HAL_ADC_MspInit
 .text.DWT_Delay_Init
                0x000000000800060c       0x60 Core/Src/dwt_stm32_delay.o
                0x000000000800060c                DWT_Delay_Init
 .text.MX_GPIO_Init
                0x000000000800066c      0x13c Core/Src/gpio.o
                0x000000000800066c                MX_GPIO_Init
 .text.main     0x00000000080007a8      0x200 Core/Src/main.o
                0x00000000080007a8                main
 .text.SystemClock_Config
                0x00000000080009a8       0xd8 Core/Src/main.o
                0x00000000080009a8                SystemClock_Config
 .text.HAL_TIM_PeriodElapsedCallback
                0x0000000008000a80       0x24 Core/Src/main.o
                0x0000000008000a80                HAL_TIM_PeriodElapsedCallback
 .text.Error_Handler
                0x0000000008000aa4        0x6 Core/Src/main.o
                0x0000000008000aa4                Error_Handler
 *fill*         0x0000000008000aaa        0x2 
 .text.enable_motor_driver
                0x0000000008000aac       0x18 Core/Src/motorcontrol.o
                0x0000000008000aac                enable_motor_driver
 .text.set_motor_dir
                0x0000000008000ac4       0x38 Core/Src/motorcontrol.o
                0x0000000008000ac4                set_motor_dir
 .text.send_motor_steps
                0x0000000008000afc       0x60 Core/Src/motorcontrol.o
                0x0000000008000afc                send_motor_steps
 .text.MX_SPI1_Init
                0x0000000008000b5c       0x6c Core/Src/spi.o
                0x0000000008000b5c                MX_SPI1_Init
 .text.HAL_SPI_MspInit
                0x0000000008000bc8       0x90 Core/Src/spi.o
                0x0000000008000bc8                HAL_SPI_MspInit
 .text.HAL_MspInit
                0x0000000008000c58       0x58 Core/Src/stm32f4xx_hal_msp.o
                0x0000000008000c58                HAL_MspInit
 .text.HAL_InitTick
                0x0000000008000cb0       0xb4 Core/Src/stm32f4xx_hal_timebase_tim.o
                0x0000000008000cb0                HAL_InitTick
 .text.NMI_Handler
                0x0000000008000d64        0xe Core/Src/stm32f4xx_it.o
                0x0000000008000d64                NMI_Handler
 .text.HardFault_Handler
                0x0000000008000d72        0x6 Core/Src/stm32f4xx_it.o
                0x0000000008000d72                HardFault_Handler
 .text.MemManage_Handler
                0x0000000008000d78        0x6 Core/Src/stm32f4xx_it.o
                0x0000000008000d78                MemManage_Handler
 .text.BusFault_Handler
                0x0000000008000d7e        0x6 Core/Src/stm32f4xx_it.o
                0x0000000008000d7e                BusFault_Handler
 .text.UsageFault_Handler
                0x0000000008000d84        0x6 Core/Src/stm32f4xx_it.o
                0x0000000008000d84                UsageFault_Handler
 .text.DebugMon_Handler
                0x0000000008000d8a        0xe Core/Src/stm32f4xx_it.o
                0x0000000008000d8a                DebugMon_Handler
 .text.TIM1_UP_TIM10_IRQHandler
                0x0000000008000d98       0x28 Core/Src/stm32f4xx_it.o
                0x0000000008000d98                TIM1_UP_TIM10_IRQHandler
 .text.TIM1_TRG_COM_TIM11_IRQHandler
                0x0000000008000dc0       0x14 Core/Src/stm32f4xx_it.o
                0x0000000008000dc0                TIM1_TRG_COM_TIM11_IRQHandler
 .text.TIM1_CC_IRQHandler
                0x0000000008000dd4       0x14 Core/Src/stm32f4xx_it.o
                0x0000000008000dd4                TIM1_CC_IRQHandler
 .text.TIM5_IRQHandler
                0x0000000008000de8       0x14 Core/Src/stm32f4xx_it.o
                0x0000000008000de8                TIM5_IRQHandler
 .text.SystemInit
                0x0000000008000dfc       0x2c Core/Src/system_stm32f4xx.o
                0x0000000008000dfc                SystemInit
 .text.MX_TIM1_Init
                0x0000000008000e28      0x148 Core/Src/tim.o
                0x0000000008000e28                MX_TIM1_Init
 .text.MX_TIM2_Init
                0x0000000008000f70       0xec Core/Src/tim.o
                0x0000000008000f70                MX_TIM2_Init
 .text.HAL_TIM_Base_MspInit
                0x000000000800105c       0xe8 Core/Src/tim.o
                0x000000000800105c                HAL_TIM_Base_MspInit
 .text.HAL_TIM_MspPostInit
                0x0000000008001144       0x70 Core/Src/tim.o
                0x0000000008001144                HAL_TIM_MspPostInit
 .text.tmc_enable_stallguard
                0x00000000080011b4       0x28 Core/Src/tmc2130.o
                0x00000000080011b4                tmc_enable_stallguard
 .text.tmc_get_status
                0x00000000080011dc       0xa8 Core/Src/tmc2130.o
                0x00000000080011dc                tmc_get_status
 .text.tmc_readwrite_register
                0x0000000008001284       0xe0 Core/Src/tmc2130.o
                0x0000000008001284                tmc_readwrite_register
 .text.tmc_set_motor_current
                0x0000000008001364       0x44 Core/Src/tmc2130.o
                0x0000000008001364                tmc_set_motor_current
 .text.tmc_init
                0x00000000080013a8       0xd4 Core/Src/tmc2130.o
                0x00000000080013a8                tmc_init
 .text.MX_USART2_UART_Init
                0x000000000800147c       0x54 Core/Src/usart.o
                0x000000000800147c                MX_USART2_UART_Init
 .text.HAL_UART_MspInit
                0x00000000080014d0       0x90 Core/Src/usart.o
                0x00000000080014d0                HAL_UART_MspInit
 .text.Reset_Handler
                0x0000000008001560       0x50 Core/Startup/startup_stm32f401retx.o
                0x0000000008001560                Reset_Handler
 .text.Default_Handler
                0x00000000080015b0        0x2 Core/Startup/startup_stm32f401retx.o
                0x00000000080015b0                RTC_Alarm_IRQHandler
                0x00000000080015b0                EXTI2_IRQHandler
                0x00000000080015b0                SPI4_IRQHandler
                0x00000000080015b0                DMA2_Stream5_IRQHandler
                0x00000000080015b0                DMA1_Stream5_IRQHandler
                0x00000000080015b0                PVD_IRQHandler
                0x00000000080015b0                SDIO_IRQHandler
                0x00000000080015b0                TAMP_STAMP_IRQHandler
                0x00000000080015b0                EXTI3_IRQHandler
                0x00000000080015b0                I2C3_ER_IRQHandler
                0x00000000080015b0                EXTI0_IRQHandler
                0x00000000080015b0                I2C2_EV_IRQHandler
                0x00000000080015b0                DMA1_Stream2_IRQHandler
                0x00000000080015b0                FPU_IRQHandler
                0x00000000080015b0                DMA2_Stream2_IRQHandler
                0x00000000080015b0                SPI1_IRQHandler
                0x00000000080015b0                TIM1_BRK_TIM9_IRQHandler
                0x00000000080015b0                DMA2_Stream3_IRQHandler
                0x00000000080015b0                USART6_IRQHandler
                0x00000000080015b0                DMA2_Stream0_IRQHandler
                0x00000000080015b0                TIM4_IRQHandler
                0x00000000080015b0                I2C1_EV_IRQHandler
                0x00000000080015b0                DMA1_Stream6_IRQHandler
                0x00000000080015b0                DMA1_Stream1_IRQHandler
                0x00000000080015b0                TIM3_IRQHandler
                0x00000000080015b0                RCC_IRQHandler
                0x00000000080015b0                Default_Handler
                0x00000000080015b0                EXTI15_10_IRQHandler
                0x00000000080015b0                ADC_IRQHandler
                0x00000000080015b0                DMA1_Stream7_IRQHandler
                0x00000000080015b0                DMA2_Stream7_IRQHandler
                0x00000000080015b0                I2C3_EV_IRQHandler
                0x00000000080015b0                EXTI9_5_IRQHandler
                0x00000000080015b0                RTC_WKUP_IRQHandler
                0x00000000080015b0                SPI2_IRQHandler
                0x00000000080015b0                DMA1_Stream0_IRQHandler
                0x00000000080015b0                EXTI4_IRQHandler
                0x00000000080015b0                WWDG_IRQHandler
                0x00000000080015b0                TIM2_IRQHandler
                0x00000000080015b0                OTG_FS_WKUP_IRQHandler
                0x00000000080015b0                EXTI1_IRQHandler
                0x00000000080015b0                USART2_IRQHandler
                0x00000000080015b0                I2C2_ER_IRQHandler
                0x00000000080015b0                DMA2_Stream1_IRQHandler
                0x00000000080015b0                FLASH_IRQHandler
                0x00000000080015b0                DMA2_Stream4_IRQHandler
                0x00000000080015b0                USART1_IRQHandler
                0x00000000080015b0                OTG_FS_IRQHandler
                0x00000000080015b0                SPI3_IRQHandler
                0x00000000080015b0                DMA1_Stream4_IRQHandler
                0x00000000080015b0                I2C1_ER_IRQHandler
                0x00000000080015b0                DMA2_Stream6_IRQHandler
                0x00000000080015b0                DMA1_Stream3_IRQHandler
 *fill*         0x00000000080015b2        0x2 
 .text.HAL_Init
                0x00000000080015b4       0x44 Drivers/STM32F4xx_HAL_Driver/Src/stm32f4xx_hal.o
                0x00000000080015b4                HAL_Init
 .text.HAL_IncTick
                0x00000000080015f8       0x28 Drivers/STM32F4xx_HAL_Driver/Src/stm32f4xx_hal.o
                0x00000000080015f8                HAL_IncTick
 .text.HAL_GetTick
                0x0000000008001620       0x18 Drivers/STM32F4xx_HAL_Driver/Src/stm32f4xx_hal.o
                0x0000000008001620                HAL_GetTick
 .text.HAL_Delay
                0x0000000008001638       0x44 Drivers/STM32F4xx_HAL_Driver/Src/stm32f4xx_hal.o
                0x0000000008001638                HAL_Delay
 .text.HAL_ADC_Init
                0x000000000800167c       0x86 Drivers/STM32F4xx_HAL_Driver/Src/stm32f4xx_hal_adc.o
                0x000000000800167c                HAL_ADC_Init
 *fill*         0x0000000008001702        0x2 
 .text.HAL_ADC_ConfigChannel
                0x0000000008001704      0x244 Drivers/STM32F4xx_HAL_Driver/Src/stm32f4xx_hal_adc.o
                0x0000000008001704                HAL_ADC_ConfigChannel
 .text.ADC_Init
                0x0000000008001948      0x1f8 Drivers/STM32F4xx_HAL_Driver/Src/stm32f4xx_hal_adc.o
 .text.__NVIC_SetPriorityGrouping
                0x0000000008001b40       0x48 Drivers/STM32F4xx_HAL_Driver/Src/stm32f4xx_hal_cortex.o
 .text.__NVIC_GetPriorityGrouping
                0x0000000008001b88       0x1c Drivers/STM32F4xx_HAL_Driver/Src/stm32f4xx_hal_cortex.o
 .text.__NVIC_EnableIRQ
                0x0000000008001ba4       0x3c Drivers/STM32F4xx_HAL_Driver/Src/stm32f4xx_hal_cortex.o
 .text.__NVIC_SetPriority
                0x0000000008001be0       0x54 Drivers/STM32F4xx_HAL_Driver/Src/stm32f4xx_hal_cortex.o
 .text.NVIC_EncodePriority
                0x0000000008001c34       0x66 Drivers/STM32F4xx_HAL_Driver/Src/stm32f4xx_hal_cortex.o
 .text.HAL_NVIC_SetPriorityGrouping
                0x0000000008001c9a       0x16 Drivers/STM32F4xx_HAL_Driver/Src/stm32f4xx_hal_cortex.o
                0x0000000008001c9a                HAL_NVIC_SetPriorityGrouping
 .text.HAL_NVIC_SetPriority
                0x0000000008001cb0       0x38 Drivers/STM32F4xx_HAL_Driver/Src/stm32f4xx_hal_cortex.o
                0x0000000008001cb0                HAL_NVIC_SetPriority
 .text.HAL_NVIC_EnableIRQ
                0x0000000008001ce8       0x1c Drivers/STM32F4xx_HAL_Driver/Src/stm32f4xx_hal_cortex.o
                0x0000000008001ce8                HAL_NVIC_EnableIRQ
 .text.HAL_GPIO_Init
                0x0000000008001d04      0x304 Drivers/STM32F4xx_HAL_Driver/Src/stm32f4xx_hal_gpio.o
                0x0000000008001d04                HAL_GPIO_Init
 .text.HAL_GPIO_WritePin
                0x0000000008002008       0x32 Drivers/STM32F4xx_HAL_Driver/Src/stm32f4xx_hal_gpio.o
                0x0000000008002008                HAL_GPIO_WritePin
 *fill*         0x000000000800203a        0x2 
 .text.HAL_RCC_OscConfig
                0x000000000800203c      0x4e0 Drivers/STM32F4xx_HAL_Driver/Src/stm32f4xx_hal_rcc.o
                0x000000000800203c                HAL_RCC_OscConfig
 .text.HAL_RCC_ClockConfig
                0x000000000800251c      0x1cc Drivers/STM32F4xx_HAL_Driver/Src/stm32f4xx_hal_rcc.o
                0x000000000800251c                HAL_RCC_ClockConfig
 .text.HAL_RCC_GetSysClockFreq
                0x00000000080026e8      0x1b0 Drivers/STM32F4xx_HAL_Driver/Src/stm32f4xx_hal_rcc.o
                0x00000000080026e8                HAL_RCC_GetSysClockFreq
 .text.HAL_RCC_GetHCLKFreq
                0x0000000008002898       0x18 Drivers/STM32F4xx_HAL_Driver/Src/stm32f4xx_hal_rcc.o
                0x0000000008002898                HAL_RCC_GetHCLKFreq
 .text.HAL_RCC_GetPCLK1Freq
                0x00000000080028b0       0x28 Drivers/STM32F4xx_HAL_Driver/Src/stm32f4xx_hal_rcc.o
                0x00000000080028b0                HAL_RCC_GetPCLK1Freq
 .text.HAL_RCC_GetPCLK2Freq
                0x00000000080028d8       0x28 Drivers/STM32F4xx_HAL_Driver/Src/stm32f4xx_hal_rcc.o
                0x00000000080028d8                HAL_RCC_GetPCLK2Freq
 .text.HAL_RCC_GetClockConfig
                0x0000000008002900       0x64 Drivers/STM32F4xx_HAL_Driver/Src/stm32f4xx_hal_rcc.o
                0x0000000008002900                HAL_RCC_GetClockConfig
 .text.HAL_SPI_Init
                0x0000000008002964       0xc8 Drivers/STM32F4xx_HAL_Driver/Src/stm32f4xx_hal_spi.o
                0x0000000008002964                HAL_SPI_Init
 .text.HAL_SPI_TransmitReceive
                0x0000000008002a2c      0x344 Drivers/STM32F4xx_HAL_Driver/Src/stm32f4xx_hal_spi.o
                0x0000000008002a2c                HAL_SPI_TransmitReceive
 .text.HAL_SPI_GetState
                0x0000000008002d70       0x1c Drivers/STM32F4xx_HAL_Driver/Src/stm32f4xx_hal_spi.o
                0x0000000008002d70                HAL_SPI_GetState
 .text.SPI_WaitFlagStateUntilTimeout
                0x0000000008002d8c       0xd4 Drivers/STM32F4xx_HAL_Driver/Src/stm32f4xx_hal_spi.o
 .text.SPI_EndRxTxTransaction
                0x0000000008002e60       0x84 Drivers/STM32F4xx_HAL_Driver/Src/stm32f4xx_hal_spi.o
 .text.HAL_TIM_Base_Init
                0x0000000008002ee4       0x56 Drivers/STM32F4xx_HAL_Driver/Src/stm32f4xx_hal_tim.o
                0x0000000008002ee4                HAL_TIM_Base_Init
 .text.HAL_TIM_Base_Start_IT
                0x0000000008002f3a       0x48 Drivers/STM32F4xx_HAL_Driver/Src/stm32f4xx_hal_tim.o
                0x0000000008002f3a                HAL_TIM_Base_Start_IT
 .text.HAL_TIM_OC_Init
                0x0000000008002f82       0x56 Drivers/STM32F4xx_HAL_Driver/Src/stm32f4xx_hal_tim.o
                0x0000000008002f82                HAL_TIM_OC_Init
 .text.HAL_TIM_OC_MspInit
                0x0000000008002fd8       0x14 Drivers/STM32F4xx_HAL_Driver/Src/stm32f4xx_hal_tim.o
                0x0000000008002fd8                HAL_TIM_OC_MspInit
 .text.HAL_TIM_OC_Start_IT
                0x0000000008002fec       0xf0 Drivers/STM32F4xx_HAL_Driver/Src/stm32f4xx_hal_tim.o
                0x0000000008002fec                HAL_TIM_OC_Start_IT
 .text.HAL_TIM_OC_Stop_IT
                0x00000000080030dc      0x11c Drivers/STM32F4xx_HAL_Driver/Src/stm32f4xx_hal_tim.o
                0x00000000080030dc                HAL_TIM_OC_Stop_IT
 .text.HAL_TIM_PWM_Init
                0x00000000080031f8       0x56 Drivers/STM32F4xx_HAL_Driver/Src/stm32f4xx_hal_tim.o
                0x00000000080031f8                HAL_TIM_PWM_Init
 .text.HAL_TIM_PWM_MspInit
                0x000000000800324e       0x14 Drivers/STM32F4xx_HAL_Driver/Src/stm32f4xx_hal_tim.o
                0x000000000800324e                HAL_TIM_PWM_MspInit
 *fill*         0x0000000008003262        0x2 
 .text.HAL_TIM_PWM_Start
                0x0000000008003264       0x64 Drivers/STM32F4xx_HAL_Driver/Src/stm32f4xx_hal_tim.o
                0x0000000008003264                HAL_TIM_PWM_Start
 .text.HAL_TIM_PWM_Stop
                0x00000000080032c8       0x98 Drivers/STM32F4xx_HAL_Driver/Src/stm32f4xx_hal_tim.o
                0x00000000080032c8                HAL_TIM_PWM_Stop
 .text.HAL_TIM_IRQHandler
                0x0000000008003360      0x210 Drivers/STM32F4xx_HAL_Driver/Src/stm32f4xx_hal_tim.o
                0x0000000008003360                HAL_TIM_IRQHandler
 .text.HAL_TIM_OC_ConfigChannel
                0x0000000008003570       0xc0 Drivers/STM32F4xx_HAL_Driver/Src/stm32f4xx_hal_tim.o
                0x0000000008003570                HAL_TIM_OC_ConfigChannel
 .text.HAL_TIM_PWM_ConfigChannel
                0x0000000008003630      0x18c Drivers/STM32F4xx_HAL_Driver/Src/stm32f4xx_hal_tim.o
                0x0000000008003630                HAL_TIM_PWM_ConfigChannel
 .text.HAL_TIM_ConfigClockSource
                0x00000000080037bc      0x16e Drivers/STM32F4xx_HAL_Driver/Src/stm32f4xx_hal_tim.o
                0x00000000080037bc                HAL_TIM_ConfigClockSource
 .text.HAL_TIM_SlaveConfigSynchro
                0x000000000800392a       0x84 Drivers/STM32F4xx_HAL_Driver/Src/stm32f4xx_hal_tim.o
                0x000000000800392a                HAL_TIM_SlaveConfigSynchro
 .text.HAL_TIM_OC_DelayElapsedCallback
                0x00000000080039ae       0x14 Drivers/STM32F4xx_HAL_Driver/Src/stm32f4xx_hal_tim.o
                0x00000000080039ae                HAL_TIM_OC_DelayElapsedCallback
 .text.HAL_TIM_IC_CaptureCallback
                0x00000000080039c2       0x14 Drivers/STM32F4xx_HAL_Driver/Src/stm32f4xx_hal_tim.o
                0x00000000080039c2                HAL_TIM_IC_CaptureCallback
 .text.HAL_TIM_PWM_PulseFinishedCallback
                0x00000000080039d6       0x14 Drivers/STM32F4xx_HAL_Driver/Src/stm32f4xx_hal_tim.o
                0x00000000080039d6                HAL_TIM_PWM_PulseFinishedCallback
 .text.HAL_TIM_TriggerCallback
                0x00000000080039ea       0x14 Drivers/STM32F4xx_HAL_Driver/Src/stm32f4xx_hal_tim.o
                0x00000000080039ea                HAL_TIM_TriggerCallback
 *fill*         0x00000000080039fe        0x2 
 .text.TIM_Base_SetConfig
                0x0000000008003a00      0x100 Drivers/STM32F4xx_HAL_Driver/Src/stm32f4xx_hal_tim.o
                0x0000000008003a00                TIM_Base_SetConfig
 .text.TIM_OC1_SetConfig
                0x0000000008003b00       0xcc Drivers/STM32F4xx_HAL_Driver/Src/stm32f4xx_hal_tim.o
 .text.TIM_OC2_SetConfig
                0x0000000008003bcc       0xd8 Drivers/STM32F4xx_HAL_Driver/Src/stm32f4xx_hal_tim.o
                0x0000000008003bcc                TIM_OC2_SetConfig
 .text.TIM_OC3_SetConfig
                0x0000000008003ca4       0xd4 Drivers/STM32F4xx_HAL_Driver/Src/stm32f4xx_hal_tim.o
 .text.TIM_OC4_SetConfig
                0x0000000008003d78       0xa0 Drivers/STM32F4xx_HAL_Driver/Src/stm32f4xx_hal_tim.o
 .text.TIM_SlaveTimer_SetConfig
                0x0000000008003e18      0x10c Drivers/STM32F4xx_HAL_Driver/Src/stm32f4xx_hal_tim.o
 .text.TIM_TI1_ConfigInputStage
                0x0000000008003f24       0x5e Drivers/STM32F4xx_HAL_Driver/Src/stm32f4xx_hal_tim.o
 .text.TIM_TI2_ConfigInputStage
                0x0000000008003f82       0x60 Drivers/STM32F4xx_HAL_Driver/Src/stm32f4xx_hal_tim.o
 .text.TIM_ITRx_SetConfig
                0x0000000008003fe2       0x36 Drivers/STM32F4xx_HAL_Driver/Src/stm32f4xx_hal_tim.o
 .text.TIM_ETR_SetConfig
                0x0000000008004018       0x40 Drivers/STM32F4xx_HAL_Driver/Src/stm32f4xx_hal_tim.o
                0x0000000008004018                TIM_ETR_SetConfig
 .text.TIM_CCxChannelCmd
                0x0000000008004058       0x4a Drivers/STM32F4xx_HAL_Driver/Src/stm32f4xx_hal_tim.o
                0x0000000008004058                TIM_CCxChannelCmd
 *fill*         0x00000000080040a2        0x2 
 .text.HAL_TIMEx_MasterConfigSynchronization
                0x00000000080040a4       0xdc Drivers/STM32F4xx_HAL_Driver/Src/stm32f4xx_hal_tim_ex.o
                0x00000000080040a4                HAL_TIMEx_MasterConfigSynchronization
 .text.HAL_TIMEx_ConfigBreakDeadTime
                0x0000000008004180       0xa4 Drivers/STM32F4xx_HAL_Driver/Src/stm32f4xx_hal_tim_ex.o
                0x0000000008004180                HAL_TIMEx_ConfigBreakDeadTime
 .text.HAL_TIMEx_CommutCallback
                0x0000000008004224       0x14 Drivers/STM32F4xx_HAL_Driver/Src/stm32f4xx_hal_tim_ex.o
                0x0000000008004224                HAL_TIMEx_CommutCallback
 .text.HAL_TIMEx_BreakCallback
                0x0000000008004238       0x14 Drivers/STM32F4xx_HAL_Driver/Src/stm32f4xx_hal_tim_ex.o
                0x0000000008004238                HAL_TIMEx_BreakCallback
 .text.HAL_UART_Init
                0x000000000800424c       0x9a Drivers/STM32F4xx_HAL_Driver/Src/stm32f4xx_hal_uart.o
                0x000000000800424c                HAL_UART_Init
 *fill*         0x00000000080042e6        0x2 
 .text.UART_SetConfig
                0x00000000080042e8      0x6f8 Drivers/STM32F4xx_HAL_Driver/Src/stm32f4xx_hal_uart.o
 .text.vListInsertEnd
                0x00000000080049e0       0x48 Middlewares/Third_Party/FreeRTOS/Source/list.o
                0x00000000080049e0                vListInsertEnd
 .text.uxListRemove
                0x0000000008004a28       0x54 Middlewares/Third_Party/FreeRTOS/Source/list.o
                0x0000000008004a28                uxListRemove
 .text.xTaskIncrementTick
                0x0000000008004a7c      0x170 Middlewares/Third_Party/FreeRTOS/Source/tasks.o
                0x0000000008004a7c                xTaskIncrementTick
 .text.vTaskSwitchContext
                0x0000000008004bec       0xb4 Middlewares/Third_Party/FreeRTOS/Source/tasks.o
                0x0000000008004bec                vTaskSwitchContext
 .text.prvResetNextTaskUnblockTime
                0x0000000008004ca0       0x40 Middlewares/Third_Party/FreeRTOS/Source/tasks.o
 .text.SVC_Handler
                0x0000000008004ce0       0x28 Middlewares/Third_Party/FreeRTOS/Source/portable/GCC/ARM_CM4F/port.o
                0x0000000008004ce0                SVC_Handler
 *fill*         0x0000000008004d08        0x8 
 .text.PendSV_Handler
                0x0000000008004d10       0x68 Middlewares/Third_Party/FreeRTOS/Source/portable/GCC/ARM_CM4F/port.o
                0x0000000008004d10                PendSV_Handler
 .text.SysTick_Handler
                0x0000000008004d78       0x40 Middlewares/Third_Party/FreeRTOS/Source/portable/GCC/ARM_CM4F/port.o
                0x0000000008004d78                SysTick_Handler
 .text.__libc_init_array
                0x0000000008004db8       0x48 c:/st/stm32cubeide_1.3.0/stm32cubeide/plugins/com.st.stm32cube.ide.mcu.externaltools.gnu-tools-for-stm32.7-2018-q2-update.win32_1.0.0.201904181610/tools/bin/../lib/gcc/arm-none-eabi/7.3.1/../../../../arm-none-eabi/lib/thumb/v7e-m/fpv4-sp/hard\libc_nano.a(lib_a-init.o)
                0x0000000008004db8                __libc_init_array
 .text.memset   0x0000000008004e00       0x10 c:/st/stm32cubeide_1.3.0/stm32cubeide/plugins/com.st.stm32cube.ide.mcu.externaltools.gnu-tools-for-stm32.7-2018-q2-update.win32_1.0.0.201904181610/tools/bin/../lib/gcc/arm-none-eabi/7.3.1/../../../../arm-none-eabi/lib/thumb/v7e-m/fpv4-sp/hard\libc_nano.a(lib_a-memset.o)
                0x0000000008004e00                memset
 *(.glue_7)
 .glue_7        0x0000000008004e10        0x0 linker stubs
 *(.glue_7t)
 .glue_7t       0x0000000008004e10        0x0 linker stubs
 *(.eh_frame)
 .eh_frame      0x0000000008004e10        0x0 c:/st/stm32cubeide_1.3.0/stm32cubeide/plugins/com.st.stm32cube.ide.mcu.externaltools.gnu-tools-for-stm32.7-2018-q2-update.win32_1.0.0.201904181610/tools/bin/../lib/gcc/arm-none-eabi/7.3.1/thumb/v7e-m/fpv4-sp/hard/crtbegin.o
 *(.init)
 .init          0x0000000008004e10        0x4 c:/st/stm32cubeide_1.3.0/stm32cubeide/plugins/com.st.stm32cube.ide.mcu.externaltools.gnu-tools-for-stm32.7-2018-q2-update.win32_1.0.0.201904181610/tools/bin/../lib/gcc/arm-none-eabi/7.3.1/thumb/v7e-m/fpv4-sp/hard/crti.o
                0x0000000008004e10                _init
 .init          0x0000000008004e14        0x8 c:/st/stm32cubeide_1.3.0/stm32cubeide/plugins/com.st.stm32cube.ide.mcu.externaltools.gnu-tools-for-stm32.7-2018-q2-update.win32_1.0.0.201904181610/tools/bin/../lib/gcc/arm-none-eabi/7.3.1/thumb/v7e-m/fpv4-sp/hard/crtn.o
 *(.fini)
 .fini          0x0000000008004e1c        0x4 c:/st/stm32cubeide_1.3.0/stm32cubeide/plugins/com.st.stm32cube.ide.mcu.externaltools.gnu-tools-for-stm32.7-2018-q2-update.win32_1.0.0.201904181610/tools/bin/../lib/gcc/arm-none-eabi/7.3.1/thumb/v7e-m/fpv4-sp/hard/crti.o
                0x0000000008004e1c                _fini
 .fini          0x0000000008004e20        0x8 c:/st/stm32cubeide_1.3.0/stm32cubeide/plugins/com.st.stm32cube.ide.mcu.externaltools.gnu-tools-for-stm32.7-2018-q2-update.win32_1.0.0.201904181610/tools/bin/../lib/gcc/arm-none-eabi/7.3.1/thumb/v7e-m/fpv4-sp/hard/crtn.o
                0x0000000008004e28                . = ALIGN (0x4)
                0x0000000008004e28                _etext = .

.vfp11_veneer   0x0000000008004e28        0x0
 .vfp11_veneer  0x0000000008004e28        0x0 linker stubs

.v4_bx          0x0000000008004e28        0x0
 .v4_bx         0x0000000008004e28        0x0 linker stubs

.iplt           0x0000000008004e28        0x0
 .iplt          0x0000000008004e28        0x0 c:/st/stm32cubeide_1.3.0/stm32cubeide/plugins/com.st.stm32cube.ide.mcu.externaltools.gnu-tools-for-stm32.7-2018-q2-update.win32_1.0.0.201904181610/tools/bin/../lib/gcc/arm-none-eabi/7.3.1/thumb/v7e-m/fpv4-sp/hard/crtbegin.o

.rodata         0x0000000008004e28       0x18
                0x0000000008004e28                . = ALIGN (0x4)
 *(.rodata)
 *(.rodata*)
 .rodata.AHBPrescTable
                0x0000000008004e28       0x10 Core/Src/system_stm32f4xx.o
                0x0000000008004e28                AHBPrescTable
 .rodata.APBPrescTable
                0x0000000008004e38        0x8 Core/Src/system_stm32f4xx.o
                0x0000000008004e38                APBPrescTable
                0x0000000008004e40                . = ALIGN (0x4)

.ARM.extab      0x0000000008004e40        0x0
                0x0000000008004e40                . = ALIGN (0x4)
 *(.ARM.extab* .gnu.linkonce.armextab.*)
                0x0000000008004e40                . = ALIGN (0x4)

.ARM            0x0000000008004e40        0x8
                0x0000000008004e40                . = ALIGN (0x4)
                0x0000000008004e40                __exidx_start = .
 *(.ARM.exidx*)
 .ARM.exidx     0x0000000008004e40        0x8 c:/st/stm32cubeide_1.3.0/stm32cubeide/plugins/com.st.stm32cube.ide.mcu.externaltools.gnu-tools-for-stm32.7-2018-q2-update.win32_1.0.0.201904181610/tools/bin/../lib/gcc/arm-none-eabi/7.3.1/thumb/v7e-m/fpv4-sp/hard\libgcc.a(_udivmoddi4.o)
                0x0000000008004e48                __exidx_end = .
                0x0000000008004e48                . = ALIGN (0x4)

.rel.dyn        0x0000000008004e48        0x0
 .rel.iplt      0x0000000008004e48        0x0 c:/st/stm32cubeide_1.3.0/stm32cubeide/plugins/com.st.stm32cube.ide.mcu.externaltools.gnu-tools-for-stm32.7-2018-q2-update.win32_1.0.0.201904181610/tools/bin/../lib/gcc/arm-none-eabi/7.3.1/thumb/v7e-m/fpv4-sp/hard/crtbegin.o

.preinit_array  0x0000000008004e48        0x0
                0x0000000008004e48                . = ALIGN (0x4)
                0x0000000008004e48                PROVIDE (__preinit_array_start = .)
 *(.preinit_array*)
                0x0000000008004e48                PROVIDE (__preinit_array_end = .)
                0x0000000008004e48                . = ALIGN (0x4)

.init_array     0x0000000008004e48        0x4
                0x0000000008004e48                . = ALIGN (0x4)
                0x0000000008004e48                PROVIDE (__init_array_start = .)
 *(SORT_BY_NAME(.init_array.*))
 *(.init_array*)
 .init_array    0x0000000008004e48        0x4 c:/st/stm32cubeide_1.3.0/stm32cubeide/plugins/com.st.stm32cube.ide.mcu.externaltools.gnu-tools-for-stm32.7-2018-q2-update.win32_1.0.0.201904181610/tools/bin/../lib/gcc/arm-none-eabi/7.3.1/thumb/v7e-m/fpv4-sp/hard/crtbegin.o
                0x0000000008004e4c                PROVIDE (__init_array_end = .)
                0x0000000008004e4c                . = ALIGN (0x4)

.fini_array     0x0000000008004e4c        0x4
                0x0000000008004e4c                . = ALIGN (0x4)
                [!provide]                        PROVIDE (__fini_array_start = .)
 *(SORT_BY_NAME(.fini_array.*))
 *(.fini_array*)
 .fini_array    0x0000000008004e4c        0x4 c:/st/stm32cubeide_1.3.0/stm32cubeide/plugins/com.st.stm32cube.ide.mcu.externaltools.gnu-tools-for-stm32.7-2018-q2-update.win32_1.0.0.201904181610/tools/bin/../lib/gcc/arm-none-eabi/7.3.1/thumb/v7e-m/fpv4-sp/hard/crtbegin.o
                [!provide]                        PROVIDE (__fini_array_end = .)
                0x0000000008004e50                . = ALIGN (0x4)
                0x0000000008004e50                _sidata = LOADADDR (.data)

.data           0x0000000020000000        0xc load address 0x0000000008004e50
                0x0000000020000000                . = ALIGN (0x4)
                0x0000000020000000                _sdata = .
 *(.data)
 *(.data*)
 .data.SystemCoreClock
                0x0000000020000000        0x4 Core/Src/system_stm32f4xx.o
                0x0000000020000000                SystemCoreClock
 .data.uwTickPrio
                0x0000000020000004        0x4 Drivers/STM32F4xx_HAL_Driver/Src/stm32f4xx_hal.o
                0x0000000020000004                uwTickPrio
 .data.uwTickFreq
                0x0000000020000008        0x1 Drivers/STM32F4xx_HAL_Driver/Src/stm32f4xx_hal.o
                0x0000000020000008                uwTickFreq
                0x000000002000000c                . = ALIGN (0x4)
 *fill*         0x0000000020000009        0x3 
                0x000000002000000c                _edata = .

.igot.plt       0x000000002000000c        0x0 load address 0x0000000008004e5c
 .igot.plt      0x000000002000000c        0x0 c:/st/stm32cubeide_1.3.0/stm32cubeide/plugins/com.st.stm32cube.ide.mcu.externaltools.gnu-tools-for-stm32.7-2018-q2-update.win32_1.0.0.201904181610/tools/bin/../lib/gcc/arm-none-eabi/7.3.1/thumb/v7e-m/fpv4-sp/hard/crtbegin.o
                0x000000002000000c                . = ALIGN (0x4)

.bss            0x000000002000000c      0x274 load address 0x0000000008004e5c
                0x000000002000000c                _sbss = .
                0x000000002000000c                __bss_start__ = _sbss
 *(.bss)
 .bss           0x000000002000000c       0x1c c:/st/stm32cubeide_1.3.0/stm32cubeide/plugins/com.st.stm32cube.ide.mcu.externaltools.gnu-tools-for-stm32.7-2018-q2-update.win32_1.0.0.201904181610/tools/bin/../lib/gcc/arm-none-eabi/7.3.1/thumb/v7e-m/fpv4-sp/hard/crtbegin.o
 *(.bss*)
 .bss.pxCurrentTCB
                0x0000000020000028        0x4 Middlewares/Third_Party/FreeRTOS/Source/tasks.o
                0x0000000020000028                pxCurrentTCB
 .bss.pxReadyTasksLists
                0x000000002000002c       0x8c Middlewares/Third_Party/FreeRTOS/Source/tasks.o
 .bss.pxDelayedTaskList
                0x00000000200000b8        0x4 Middlewares/Third_Party/FreeRTOS/Source/tasks.o
 .bss.pxOverflowDelayedTaskList
                0x00000000200000bc        0x4 Middlewares/Third_Party/FreeRTOS/Source/tasks.o
 .bss.xTickCount
                0x00000000200000c0        0x4 Middlewares/Third_Party/FreeRTOS/Source/tasks.o
 .bss.uxTopReadyPriority
                0x00000000200000c4        0x4 Middlewares/Third_Party/FreeRTOS/Source/tasks.o
 .bss.uxPendedTicks
                0x00000000200000c8        0x4 Middlewares/Third_Party/FreeRTOS/Source/tasks.o
 .bss.xYieldPending
                0x00000000200000cc        0x4 Middlewares/Third_Party/FreeRTOS/Source/tasks.o
 .bss.xNumOfOverflows
                0x00000000200000d0        0x4 Middlewares/Third_Party/FreeRTOS/Source/tasks.o
 .bss.xNextTaskUnblockTime
                0x00000000200000d4        0x4 Middlewares/Third_Party/FreeRTOS/Source/tasks.o
 .bss.uxSchedulerSuspended
                0x00000000200000d8        0x4 Middlewares/Third_Party/FreeRTOS/Source/tasks.o
 *(COMMON)
 COMMON         0x00000000200000dc       0x48 Core/Src/adc.o
                0x00000000200000dc                hadc1
 COMMON         0x0000000020000124       0x58 Core/Src/spi.o
                0x0000000020000124                hspi1
 COMMON         0x000000002000017c       0x40 Core/Src/stm32f4xx_hal_timebase_tim.o
                0x000000002000017c                htim5
 COMMON         0x00000000200001bc       0x80 Core/Src/tim.o
                0x00000000200001bc                htim1
                0x00000000200001fc                htim2
 COMMON         0x000000002000023c       0x40 Core/Src/usart.o
                0x000000002000023c                huart2
 COMMON         0x000000002000027c        0x4 Drivers/STM32F4xx_HAL_Driver/Src/stm32f4xx_hal.o
                0x000000002000027c                uwTick
                0x0000000020000280                . = ALIGN (0x4)
                0x0000000020000280                _ebss = .
                0x0000000020000280                __bss_end__ = _ebss

._user_heap_stack
                0x0000000020000280      0x600 load address 0x0000000008004e5c
                0x0000000020000280                . = ALIGN (0x8)
                0x0000000020000280                PROVIDE (end = .)
                [!provide]                        PROVIDE (_end = .)
                0x0000000020000480                . = (. + _Min_Heap_Size)
 *fill*         0x0000000020000280      0x200 
                0x0000000020000880                . = (. + _Min_Stack_Size)
 *fill*         0x0000000020000480      0x400 
                0x0000000020000880                . = ALIGN (0x8)

/DISCARD/
 libc.a(*)
 libm.a(*)
 libgcc.a(*)

.ARM.attributes
                0x0000000000000000       0x30
 *(.ARM.attributes)
 .ARM.attributes
                0x0000000000000000       0x22 c:/st/stm32cubeide_1.3.0/stm32cubeide/plugins/com.st.stm32cube.ide.mcu.externaltools.gnu-tools-for-stm32.7-2018-q2-update.win32_1.0.0.201904181610/tools/bin/../lib/gcc/arm-none-eabi/7.3.1/thumb/v7e-m/fpv4-sp/hard/crti.o
 .ARM.attributes
                0x0000000000000022       0x34 c:/st/stm32cubeide_1.3.0/stm32cubeide/plugins/com.st.stm32cube.ide.mcu.externaltools.gnu-tools-for-stm32.7-2018-q2-update.win32_1.0.0.201904181610/tools/bin/../lib/gcc/arm-none-eabi/7.3.1/thumb/v7e-m/fpv4-sp/hard/crtbegin.o
 .ARM.attributes
                0x0000000000000056       0x39 Core/Src/adc.o
 .ARM.attributes
                0x000000000000008f       0x39 Core/Src/dwt_stm32_delay.o
 .ARM.attributes
                0x00000000000000c8       0x39 Core/Src/gpio.o
 .ARM.attributes
                0x0000000000000101       0x39 Core/Src/main.o
 .ARM.attributes
                0x000000000000013a       0x39 Core/Src/motorcontrol.o
 .ARM.attributes
                0x0000000000000173       0x39 Core/Src/spi.o
 .ARM.attributes
                0x00000000000001ac       0x39 Core/Src/stm32f4xx_hal_msp.o
 .ARM.attributes
                0x00000000000001e5       0x39 Core/Src/stm32f4xx_hal_timebase_tim.o
 .ARM.attributes
                0x000000000000021e       0x39 Core/Src/stm32f4xx_it.o
 .ARM.attributes
                0x0000000000000257       0x39 Core/Src/system_stm32f4xx.o
 .ARM.attributes
                0x0000000000000290       0x39 Core/Src/tim.o
 .ARM.attributes
                0x00000000000002c9       0x39 Core/Src/tmc2130.o
 .ARM.attributes
                0x0000000000000302       0x39 Core/Src/usart.o
 .ARM.attributes
                0x000000000000033b       0x21 Core/Startup/startup_stm32f401retx.o
 .ARM.attributes
                0x000000000000035c       0x39 Drivers/STM32F4xx_HAL_Driver/Src/stm32f4xx_hal.o
 .ARM.attributes
                0x0000000000000395       0x39 Drivers/STM32F4xx_HAL_Driver/Src/stm32f4xx_hal_adc.o
 .ARM.attributes
                0x00000000000003ce       0x39 Drivers/STM32F4xx_HAL_Driver/Src/stm32f4xx_hal_cortex.o
 .ARM.attributes
                0x0000000000000407       0x39 Drivers/STM32F4xx_HAL_Driver/Src/stm32f4xx_hal_gpio.o
 .ARM.attributes
                0x0000000000000440       0x39 Drivers/STM32F4xx_HAL_Driver/Src/stm32f4xx_hal_rcc.o
 .ARM.attributes
                0x0000000000000479       0x39 Drivers/STM32F4xx_HAL_Driver/Src/stm32f4xx_hal_spi.o
 .ARM.attributes
                0x00000000000004b2       0x39 Drivers/STM32F4xx_HAL_Driver/Src/stm32f4xx_hal_tim.o
 .ARM.attributes
                0x00000000000004eb       0x39 Drivers/STM32F4xx_HAL_Driver/Src/stm32f4xx_hal_tim_ex.o
 .ARM.attributes
                0x0000000000000524       0x39 Drivers/STM32F4xx_HAL_Driver/Src/stm32f4xx_hal_uart.o
 .ARM.attributes
                0x000000000000055d       0x39 Middlewares/Third_Party/FreeRTOS/Source/list.o
 .ARM.attributes
                0x0000000000000596       0x39 Middlewares/Third_Party/FreeRTOS/Source/tasks.o
 .ARM.attributes
                0x00000000000005cf       0x39 Middlewares/Third_Party/FreeRTOS/Source/portable/GCC/ARM_CM4F/port.o
 .ARM.attributes
                0x0000000000000608       0x34 c:/st/stm32cubeide_1.3.0/stm32cubeide/plugins/com.st.stm32cube.ide.mcu.externaltools.gnu-tools-for-stm32.7-2018-q2-update.win32_1.0.0.201904181610/tools/bin/../lib/gcc/arm-none-eabi/7.3.1/../../../../arm-none-eabi/lib/thumb/v7e-m/fpv4-sp/hard\libc_nano.a(lib_a-init.o)
 .ARM.attributes
                0x000000000000063c       0x34 c:/st/stm32cubeide_1.3.0/stm32cubeide/plugins/com.st.stm32cube.ide.mcu.externaltools.gnu-tools-for-stm32.7-2018-q2-update.win32_1.0.0.201904181610/tools/bin/../lib/gcc/arm-none-eabi/7.3.1/../../../../arm-none-eabi/lib/thumb/v7e-m/fpv4-sp/hard\libc_nano.a(lib_a-memset.o)
 .ARM.attributes
                0x0000000000000670       0x22 c:/st/stm32cubeide_1.3.0/stm32cubeide/plugins/com.st.stm32cube.ide.mcu.externaltools.gnu-tools-for-stm32.7-2018-q2-update.win32_1.0.0.201904181610/tools/bin/../lib/gcc/arm-none-eabi/7.3.1/thumb/v7e-m/fpv4-sp/hard\libgcc.a(_aeabi_uldivmod.o)
 .ARM.attributes
                0x0000000000000692       0x34 c:/st/stm32cubeide_1.3.0/stm32cubeide/plugins/com.st.stm32cube.ide.mcu.externaltools.gnu-tools-for-stm32.7-2018-q2-update.win32_1.0.0.201904181610/tools/bin/../lib/gcc/arm-none-eabi/7.3.1/thumb/v7e-m/fpv4-sp/hard\libgcc.a(_udivmoddi4.o)
 .ARM.attributes
                0x00000000000006c6       0x22 c:/st/stm32cubeide_1.3.0/stm32cubeide/plugins/com.st.stm32cube.ide.mcu.externaltools.gnu-tools-for-stm32.7-2018-q2-update.win32_1.0.0.201904181610/tools/bin/../lib/gcc/arm-none-eabi/7.3.1/thumb/v7e-m/fpv4-sp/hard\libgcc.a(_dvmd_tls.o)
 .ARM.attributes
                0x00000000000006e8       0x22 c:/st/stm32cubeide_1.3.0/stm32cubeide/plugins/com.st.stm32cube.ide.mcu.externaltools.gnu-tools-for-stm32.7-2018-q2-update.win32_1.0.0.201904181610/tools/bin/../lib/gcc/arm-none-eabi/7.3.1/thumb/v7e-m/fpv4-sp/hard/crtn.o
OUTPUT(loop_controller.elf elf32-littlearm)

.debug_info     0x0000000000000000    0x1398c
 .debug_info    0x0000000000000000      0xa02 Core/Src/adc.o
 .debug_info    0x0000000000000a02      0x326 Core/Src/dwt_stm32_delay.o
 .debug_info    0x0000000000000d28      0x4f2 Core/Src/gpio.o
 .debug_info    0x000000000000121a     0x11e4 Core/Src/main.o
 .debug_info    0x00000000000023fe      0x78c Core/Src/motorcontrol.o
 .debug_info    0x0000000000002b8a      0x9d9 Core/Src/spi.o
 .debug_info    0x0000000000003563      0x51a Core/Src/stm32f4xx_hal_msp.o
 .debug_info    0x0000000000003a7d      0xab9 Core/Src/stm32f4xx_hal_timebase_tim.o
 .debug_info    0x0000000000004536      0x700 Core/Src/stm32f4xx_it.o
 .debug_info    0x0000000000004c36      0x57e Core/Src/system_stm32f4xx.o
 .debug_info    0x00000000000051b4      0xe15 Core/Src/tim.o
 .debug_info    0x0000000000005fc9      0x8f7 Core/Src/tmc2130.o
 .debug_info    0x00000000000068c0      0x96c Core/Src/usart.o
 .debug_info    0x000000000000722c       0x22 Core/Startup/startup_stm32f401retx.o
 .debug_info    0x000000000000724e      0x8ce Drivers/STM32F4xx_HAL_Driver/Src/stm32f4xx_hal.o
 .debug_info    0x0000000000007b1c      0xce6 Drivers/STM32F4xx_HAL_Driver/Src/stm32f4xx_hal_adc.o
 .debug_info    0x0000000000008802      0xd92 Drivers/STM32F4xx_HAL_Driver/Src/stm32f4xx_hal_cortex.o
 .debug_info    0x0000000000009594      0x7d7 Drivers/STM32F4xx_HAL_Driver/Src/stm32f4xx_hal_gpio.o
 .debug_info    0x0000000000009d6b      0x929 Drivers/STM32F4xx_HAL_Driver/Src/stm32f4xx_hal_rcc.o
 .debug_info    0x000000000000a694     0x1632 Drivers/STM32F4xx_HAL_Driver/Src/stm32f4xx_hal_spi.o
 .debug_info    0x000000000000bcc6     0x24a1 Drivers/STM32F4xx_HAL_Driver/Src/stm32f4xx_hal_tim.o
 .debug_info    0x000000000000e167     0x114f Drivers/STM32F4xx_HAL_Driver/Src/stm32f4xx_hal_tim_ex.o
 .debug_info    0x000000000000f2b6     0x1244 Drivers/STM32F4xx_HAL_Driver/Src/stm32f4xx_hal_uart.o
 .debug_info    0x00000000000104fa      0xacb Middlewares/Third_Party/FreeRTOS/Source/list.o
 .debug_info    0x0000000000010fc5     0x2494 Middlewares/Third_Party/FreeRTOS/Source/tasks.o
 .debug_info    0x0000000000013459      0x533 Middlewares/Third_Party/FreeRTOS/Source/portable/GCC/ARM_CM4F/port.o

.debug_abbrev   0x0000000000000000     0x2dfa
 .debug_abbrev  0x0000000000000000      0x199 Core/Src/adc.o
 .debug_abbrev  0x0000000000000199       0xd9 Core/Src/dwt_stm32_delay.o
 .debug_abbrev  0x0000000000000272      0x134 Core/Src/gpio.o
 .debug_abbrev  0x00000000000003a6      0x1ee Core/Src/main.o
 .debug_abbrev  0x0000000000000594      0x17a Core/Src/motorcontrol.o
 .debug_abbrev  0x000000000000070e      0x199 Core/Src/spi.o
 .debug_abbrev  0x00000000000008a7      0x112 Core/Src/stm32f4xx_hal_msp.o
 .debug_abbrev  0x00000000000009b9      0x1ac Core/Src/stm32f4xx_hal_timebase_tim.o
 .debug_abbrev  0x0000000000000b65      0x169 Core/Src/stm32f4xx_it.o
 .debug_abbrev  0x0000000000000cce      0x12b Core/Src/system_stm32f4xx.o
 .debug_abbrev  0x0000000000000df9      0x1b3 Core/Src/tim.o
 .debug_abbrev  0x0000000000000fac      0x1c8 Core/Src/tmc2130.o
 .debug_abbrev  0x0000000000001174      0x199 Core/Src/usart.o
 .debug_abbrev  0x000000000000130d       0x12 Core/Startup/startup_stm32f401retx.o
 .debug_abbrev  0x000000000000131f      0x1f2 Drivers/STM32F4xx_HAL_Driver/Src/stm32f4xx_hal.o
 .debug_abbrev  0x0000000000001511      0x1cd Drivers/STM32F4xx_HAL_Driver/Src/stm32f4xx_hal_adc.o
 .debug_abbrev  0x00000000000016de      0x2fa Drivers/STM32F4xx_HAL_Driver/Src/stm32f4xx_hal_cortex.o
 .debug_abbrev  0x00000000000019d8      0x1c9 Drivers/STM32F4xx_HAL_Driver/Src/stm32f4xx_hal_gpio.o
 .debug_abbrev  0x0000000000001ba1      0x245 Drivers/STM32F4xx_HAL_Driver/Src/stm32f4xx_hal_rcc.o
 .debug_abbrev  0x0000000000001de6      0x240 Drivers/STM32F4xx_HAL_Driver/Src/stm32f4xx_hal_spi.o
 .debug_abbrev  0x0000000000002026      0x23f Drivers/STM32F4xx_HAL_Driver/Src/stm32f4xx_hal_tim.o
 .debug_abbrev  0x0000000000002265      0x22d Drivers/STM32F4xx_HAL_Driver/Src/stm32f4xx_hal_tim_ex.o
 .debug_abbrev  0x0000000000002492      0x251 Drivers/STM32F4xx_HAL_Driver/Src/stm32f4xx_hal_uart.o
 .debug_abbrev  0x00000000000026e3      0x1cf Middlewares/Third_Party/FreeRTOS/Source/list.o
 .debug_abbrev  0x00000000000028b2      0x338 Middlewares/Third_Party/FreeRTOS/Source/tasks.o
 .debug_abbrev  0x0000000000002bea      0x210 Middlewares/Third_Party/FreeRTOS/Source/portable/GCC/ARM_CM4F/port.o

.debug_aranges  0x0000000000000000     0x1198
 .debug_aranges
                0x0000000000000000       0x30 Core/Src/adc.o
 .debug_aranges
                0x0000000000000030       0x20 Core/Src/dwt_stm32_delay.o
 .debug_aranges
                0x0000000000000050       0x20 Core/Src/gpio.o
 .debug_aranges
                0x0000000000000070       0x38 Core/Src/main.o
 .debug_aranges
                0x00000000000000a8       0x38 Core/Src/motorcontrol.o
 .debug_aranges
                0x00000000000000e0       0x30 Core/Src/spi.o
 .debug_aranges
                0x0000000000000110       0x20 Core/Src/stm32f4xx_hal_msp.o
 .debug_aranges
                0x0000000000000130       0x30 Core/Src/stm32f4xx_hal_timebase_tim.o
 .debug_aranges
                0x0000000000000160       0x68 Core/Src/stm32f4xx_it.o
 .debug_aranges
                0x00000000000001c8       0x28 Core/Src/system_stm32f4xx.o
 .debug_aranges
                0x00000000000001f0       0x40 Core/Src/tim.o
 .debug_aranges
                0x0000000000000230       0x40 Core/Src/tmc2130.o
 .debug_aranges
                0x0000000000000270       0x30 Core/Src/usart.o
 .debug_aranges
                0x00000000000002a0       0x28 Core/Startup/startup_stm32f401retx.o
 .debug_aranges
                0x00000000000002c8       0xf0 Drivers/STM32F4xx_HAL_Driver/Src/stm32f4xx_hal.o
 .debug_aranges
                0x00000000000003b8       0xe8 Drivers/STM32F4xx_HAL_Driver/Src/stm32f4xx_hal_adc.o
 .debug_aranges
                0x00000000000004a0      0x118 Drivers/STM32F4xx_HAL_Driver/Src/stm32f4xx_hal_cortex.o
 .debug_aranges
                0x00000000000005b8       0x58 Drivers/STM32F4xx_HAL_Driver/Src/stm32f4xx_hal_gpio.o
 .debug_aranges
                0x0000000000000610       0x88 Drivers/STM32F4xx_HAL_Driver/Src/stm32f4xx_hal_rcc.o
 .debug_aranges
                0x0000000000000698      0x1d0 Drivers/STM32F4xx_HAL_Driver/Src/stm32f4xx_hal_spi.o
 .debug_aranges
                0x0000000000000868      0x3a8 Drivers/STM32F4xx_HAL_Driver/Src/stm32f4xx_hal_tim.o
 .debug_aranges
                0x0000000000000c10      0x150 Drivers/STM32F4xx_HAL_Driver/Src/stm32f4xx_hal_tim_ex.o
 .debug_aranges
                0x0000000000000d60      0x1d0 Drivers/STM32F4xx_HAL_Driver/Src/stm32f4xx_hal_uart.o
 .debug_aranges
                0x0000000000000f30       0x40 Middlewares/Third_Party/FreeRTOS/Source/list.o
 .debug_aranges
                0x0000000000000f70      0x1a8 Middlewares/Third_Party/FreeRTOS/Source/tasks.o
 .debug_aranges
                0x0000000000001118       0x80 Middlewares/Third_Party/FreeRTOS/Source/portable/GCC/ARM_CM4F/port.o

.debug_ranges   0x0000000000000000     0x1000
 .debug_ranges  0x0000000000000000       0x20 Core/Src/adc.o
 .debug_ranges  0x0000000000000020       0x10 Core/Src/dwt_stm32_delay.o
 .debug_ranges  0x0000000000000030       0x10 Core/Src/gpio.o
 .debug_ranges  0x0000000000000040       0x28 Core/Src/main.o
 .debug_ranges  0x0000000000000068       0x28 Core/Src/motorcontrol.o
 .debug_ranges  0x0000000000000090       0x20 Core/Src/spi.o
 .debug_ranges  0x00000000000000b0       0x10 Core/Src/stm32f4xx_hal_msp.o
 .debug_ranges  0x00000000000000c0       0x20 Core/Src/stm32f4xx_hal_timebase_tim.o
 .debug_ranges  0x00000000000000e0       0x58 Core/Src/stm32f4xx_it.o
 .debug_ranges  0x0000000000000138       0x18 Core/Src/system_stm32f4xx.o
 .debug_ranges  0x0000000000000150       0x30 Core/Src/tim.o
 .debug_ranges  0x0000000000000180       0x30 Core/Src/tmc2130.o
 .debug_ranges  0x00000000000001b0       0x20 Core/Src/usart.o
 .debug_ranges  0x00000000000001d0       0x20 Core/Startup/startup_stm32f401retx.o
 .debug_ranges  0x00000000000001f0       0xe0 Drivers/STM32F4xx_HAL_Driver/Src/stm32f4xx_hal.o
 .debug_ranges  0x00000000000002d0       0xd8 Drivers/STM32F4xx_HAL_Driver/Src/stm32f4xx_hal_adc.o
 .debug_ranges  0x00000000000003a8      0x108 Drivers/STM32F4xx_HAL_Driver/Src/stm32f4xx_hal_cortex.o
 .debug_ranges  0x00000000000004b0       0x48 Drivers/STM32F4xx_HAL_Driver/Src/stm32f4xx_hal_gpio.o
 .debug_ranges  0x00000000000004f8       0x78 Drivers/STM32F4xx_HAL_Driver/Src/stm32f4xx_hal_rcc.o
 .debug_ranges  0x0000000000000570      0x1c0 Drivers/STM32F4xx_HAL_Driver/Src/stm32f4xx_hal_spi.o
 .debug_ranges  0x0000000000000730      0x398 Drivers/STM32F4xx_HAL_Driver/Src/stm32f4xx_hal_tim.o
 .debug_ranges  0x0000000000000ac8      0x140 Drivers/STM32F4xx_HAL_Driver/Src/stm32f4xx_hal_tim_ex.o
 .debug_ranges  0x0000000000000c08      0x1c0 Drivers/STM32F4xx_HAL_Driver/Src/stm32f4xx_hal_uart.o
 .debug_ranges  0x0000000000000dc8       0x30 Middlewares/Third_Party/FreeRTOS/Source/list.o
 .debug_ranges  0x0000000000000df8      0x198 Middlewares/Third_Party/FreeRTOS/Source/tasks.o
 .debug_ranges  0x0000000000000f90       0x70 Middlewares/Third_Party/FreeRTOS/Source/portable/GCC/ARM_CM4F/port.o

.debug_macro    0x0000000000000000    0x17c40
 .debug_macro   0x0000000000000000      0x20a Core/Src/adc.o
 .debug_macro   0x000000000000020a      0xa5a Core/Src/adc.o
 .debug_macro   0x0000000000000c64      0x196 Core/Src/adc.o
 .debug_macro   0x0000000000000dfa       0x2e Core/Src/adc.o
 .debug_macro   0x0000000000000e28       0x28 Core/Src/adc.o
 .debug_macro   0x0000000000000e50       0x22 Core/Src/adc.o
 .debug_macro   0x0000000000000e72       0x8e Core/Src/adc.o
 .debug_macro   0x0000000000000f00       0x51 Core/Src/adc.o
 .debug_macro   0x0000000000000f51       0xef Core/Src/adc.o
 .debug_macro   0x0000000000001040       0x6a Core/Src/adc.o
 .debug_macro   0x00000000000010aa      0x1df Core/Src/adc.o
 .debug_macro   0x0000000000001289       0x1c Core/Src/adc.o
 .debug_macro   0x00000000000012a5       0x22 Core/Src/adc.o
 .debug_macro   0x00000000000012c7       0xdf Core/Src/adc.o
 .debug_macro   0x00000000000013a6     0x102d Core/Src/adc.o
 .debug_macro   0x00000000000023d3      0x11f Core/Src/adc.o
 .debug_macro   0x00000000000024f2     0xb850 Core/Src/adc.o
 .debug_macro   0x000000000000dd42       0x43 Core/Src/adc.o
 .debug_macro   0x000000000000dd85     0x3659 Core/Src/adc.o
 .debug_macro   0x00000000000113de      0x174 Core/Src/adc.o
 .debug_macro   0x0000000000011552       0x5a Core/Src/adc.o
 .debug_macro   0x00000000000115ac      0x416 Core/Src/adc.o
 .debug_macro   0x00000000000119c2      0x9fe Core/Src/adc.o
 .debug_macro   0x00000000000123c0      0x15f Core/Src/adc.o
 .debug_macro   0x000000000001251f      0x117 Core/Src/adc.o
 .debug_macro   0x0000000000012636       0xf8 Core/Src/adc.o
 .debug_macro   0x000000000001272e       0x27 Core/Src/adc.o
 .debug_macro   0x0000000000012755      0x287 Core/Src/adc.o
 .debug_macro   0x00000000000129dc       0x5f Core/Src/adc.o
 .debug_macro   0x0000000000012a3b      0x236 Core/Src/adc.o
 .debug_macro   0x0000000000012c71      0x391 Core/Src/adc.o
 .debug_macro   0x0000000000013002      0x176 Core/Src/adc.o
 .debug_macro   0x0000000000013178       0xf9 Core/Src/adc.o
 .debug_macro   0x0000000000013271      0x132 Core/Src/adc.o
 .debug_macro   0x00000000000133a3      0x264 Core/Src/adc.o
 .debug_macro   0x0000000000013607       0x2e Core/Src/adc.o
 .debug_macro   0x0000000000013635      0x11a Core/Src/adc.o
 .debug_macro   0x000000000001374f       0x85 Core/Src/adc.o
 .debug_macro   0x00000000000137d4       0x89 Core/Src/adc.o
 .debug_macro   0x000000000001385d      0x225 Core/Src/adc.o
 .debug_macro   0x0000000000013a82      0x8a0 Core/Src/adc.o
 .debug_macro   0x0000000000014322       0x47 Core/Src/adc.o
 .debug_macro   0x0000000000014369      0x287 Core/Src/adc.o
 .debug_macro   0x00000000000145f0      0x126 Core/Src/adc.o
 .debug_macro   0x0000000000014716       0x88 Core/Src/adc.o
 .debug_macro   0x000000000001479e      0x1fb Core/Src/dwt_stm32_delay.o
 .debug_macro   0x0000000000014999      0x20a Core/Src/gpio.o
 .debug_macro   0x0000000000014ba3      0x310 Core/Src/main.o
 .debug_macro   0x0000000000014eb3       0xea Core/Src/main.o
 .debug_macro   0x0000000000014f9d       0xbe Core/Src/main.o
 .debug_macro   0x000000000001505b      0x22c Core/Src/motorcontrol.o
 .debug_macro   0x0000000000015287      0x20a Core/Src/spi.o
 .debug_macro   0x0000000000015491      0x200 Core/Src/stm32f4xx_hal_msp.o
 .debug_macro   0x0000000000015691      0x1f1 Core/Src/stm32f4xx_hal_timebase_tim.o
 .debug_macro   0x0000000000015882      0x280 Core/Src/stm32f4xx_it.o
 .debug_macro   0x0000000000015b02      0x1f7 Core/Src/system_stm32f4xx.o
 .debug_macro   0x0000000000015cf9      0x20a Core/Src/tim.o
 .debug_macro   0x0000000000015f03      0x2d4 Core/Src/tmc2130.o
 .debug_macro   0x00000000000161d7       0x8e Core/Src/tmc2130.o
 .debug_macro   0x0000000000016265      0x20a Core/Src/usart.o
 .debug_macro   0x000000000001646f      0x251 Drivers/STM32F4xx_HAL_Driver/Src/stm32f4xx_hal.o
 .debug_macro   0x00000000000166c0      0x1f2 Drivers/STM32F4xx_HAL_Driver/Src/stm32f4xx_hal_adc.o
 .debug_macro   0x00000000000168b2      0x1f1 Drivers/STM32F4xx_HAL_Driver/Src/stm32f4xx_hal_cortex.o
 .debug_macro   0x0000000000016aa3      0x227 Drivers/STM32F4xx_HAL_Driver/Src/stm32f4xx_hal_gpio.o
 .debug_macro   0x0000000000016cca      0x215 Drivers/STM32F4xx_HAL_Driver/Src/stm32f4xx_hal_rcc.o
 .debug_macro   0x0000000000016edf      0x200 Drivers/STM32F4xx_HAL_Driver/Src/stm32f4xx_hal_spi.o
 .debug_macro   0x00000000000170df      0x1f2 Drivers/STM32F4xx_HAL_Driver/Src/stm32f4xx_hal_tim.o
 .debug_macro   0x00000000000172d1      0x1f1 Drivers/STM32F4xx_HAL_Driver/Src/stm32f4xx_hal_tim_ex.o
 .debug_macro   0x00000000000174c2      0x1f2 Drivers/STM32F4xx_HAL_Driver/Src/stm32f4xx_hal_uart.o
 .debug_macro   0x00000000000176b4      0x17a Middlewares/Third_Party/FreeRTOS/Source/list.o
 .debug_macro   0x000000000001782e      0x26c Middlewares/Third_Party/FreeRTOS/Source/tasks.o
 .debug_macro   0x0000000000017a9a       0x10 Middlewares/Third_Party/FreeRTOS/Source/tasks.o
 .debug_macro   0x0000000000017aaa      0x196 Middlewares/Third_Party/FreeRTOS/Source/portable/GCC/ARM_CM4F/port.o

.debug_line     0x0000000000000000     0xf94a
 .debug_line    0x0000000000000000      0x742 Core/Src/adc.o
 .debug_line    0x0000000000000742      0x71a Core/Src/dwt_stm32_delay.o
 .debug_line    0x0000000000000e5c      0x71e Core/Src/gpio.o
 .debug_line    0x000000000000157a      0x96a Core/Src/main.o
 .debug_line    0x0000000000001ee4      0x777 Core/Src/motorcontrol.o
 .debug_line    0x000000000000265b      0x73d Core/Src/spi.o
 .debug_line    0x0000000000002d98      0x70a Core/Src/stm32f4xx_hal_msp.o
 .debug_line    0x00000000000034a2      0x73d Core/Src/stm32f4xx_hal_timebase_tim.o
 .debug_line    0x0000000000003bdf      0x8cf Core/Src/stm32f4xx_it.o
 .debug_line    0x00000000000044ae      0x724 Core/Src/system_stm32f4xx.o
 .debug_line    0x0000000000004bd2      0x7b9 Core/Src/tim.o
 .debug_line    0x000000000000538b      0x966 Core/Src/tmc2130.o
 .debug_line    0x0000000000005cf1      0x73d Core/Src/usart.o
 .debug_line    0x000000000000642e       0x85 Core/Startup/startup_stm32f401retx.o
 .debug_line    0x00000000000064b3      0x90e Drivers/STM32F4xx_HAL_Driver/Src/stm32f4xx_hal.o
 .debug_line    0x0000000000006dc1      0xb34 Drivers/STM32F4xx_HAL_Driver/Src/stm32f4xx_hal_adc.o
 .debug_line    0x00000000000078f5      0xa32 Drivers/STM32F4xx_HAL_Driver/Src/stm32f4xx_hal_cortex.o
 .debug_line    0x0000000000008327      0x8b1 Drivers/STM32F4xx_HAL_Driver/Src/stm32f4xx_hal_gpio.o
 .debug_line    0x0000000000008bd8      0x966 Drivers/STM32F4xx_HAL_Driver/Src/stm32f4xx_hal_rcc.o
 .debug_line    0x000000000000953e     0x10ca Drivers/STM32F4xx_HAL_Driver/Src/stm32f4xx_hal_spi.o
 .debug_line    0x000000000000a608     0x17cb Drivers/STM32F4xx_HAL_Driver/Src/stm32f4xx_hal_tim.o
 .debug_line    0x000000000000bdd3      0xd19 Drivers/STM32F4xx_HAL_Driver/Src/stm32f4xx_hal_tim_ex.o
 .debug_line    0x000000000000caec     0x101c Drivers/STM32F4xx_HAL_Driver/Src/stm32f4xx_hal_uart.o
 .debug_line    0x000000000000db08      0x66c Middlewares/Third_Party/FreeRTOS/Source/list.o
 .debug_line    0x000000000000e174     0x1133 Middlewares/Third_Party/FreeRTOS/Source/tasks.o
 .debug_line    0x000000000000f2a7      0x6a3 Middlewares/Third_Party/FreeRTOS/Source/portable/GCC/ARM_CM4F/port.o

.debug_str      0x0000000000000000    0x990b8
 .debug_str     0x0000000000000000    0x8a572 Core/Src/adc.o
                                      0x8a876 (size before relaxing)
 .debug_str     0x000000000008a572       0xed Core/Src/dwt_stm32_delay.o
                                      0x8a176 (size before relaxing)
 .debug_str     0x000000000008a65f       0x46 Core/Src/gpio.o
                                      0x8a437 (size before relaxing)
 .debug_str     0x000000000008a6a5     0x6825 Core/Src/main.o
                                      0x9106a (size before relaxing)
 .debug_str     0x0000000000090eca       0x7a Core/Src/motorcontrol.o
                                      0x8a7a7 (size before relaxing)
 .debug_str     0x0000000000090f44       0x4b Core/Src/spi.o
                                      0x8a894 (size before relaxing)
 .debug_str     0x0000000000090f8f      0x3ae Core/Src/stm32f4xx_hal_msp.o
                                      0x8a728 (size before relaxing)
 .debug_str     0x000000000009133d       0xaa Core/Src/stm32f4xx_hal_timebase_tim.o
                                      0x8aa3f (size before relaxing)
 .debug_str     0x00000000000913e7       0xec Core/Src/stm32f4xx_it.o
                                      0x8e4c5 (size before relaxing)
 .debug_str     0x00000000000914d3       0xc4 Core/Src/system_stm32f4xx.o
                                      0x8a22b (size before relaxing)
 .debug_str     0x0000000000091597      0x26c Core/Src/tim.o
                                      0x8ae6c (size before relaxing)
 .debug_str     0x0000000000091803       0xc1 Core/Src/tmc2130.o
                                      0x90967 (size before relaxing)
 .debug_str     0x00000000000918c4       0x57 Core/Src/usart.o
                                      0x8a877 (size before relaxing)
 .debug_str     0x000000000009191b       0x36 Core/Startup/startup_stm32f401retx.o
                                         0x77 (size before relaxing)
 .debug_str     0x0000000000091951      0x538 Drivers/STM32F4xx_HAL_Driver/Src/stm32f4xx_hal.o
                                      0x8ab96 (size before relaxing)
 .debug_str     0x0000000000091e89      0x2a2 Drivers/STM32F4xx_HAL_Driver/Src/stm32f4xx_hal_adc.o
                                      0x8a7b0 (size before relaxing)
 .debug_str     0x000000000009212b      0x392 Drivers/STM32F4xx_HAL_Driver/Src/stm32f4xx_hal_cortex.o
                                      0x8a973 (size before relaxing)
 .debug_str     0x00000000000924bd      0x20c Drivers/STM32F4xx_HAL_Driver/Src/stm32f4xx_hal_gpio.o
                                      0x8a46a (size before relaxing)
 .debug_str     0x00000000000926c9      0x24f Drivers/STM32F4xx_HAL_Driver/Src/stm32f4xx_hal_rcc.o
                                      0x8a618 (size before relaxing)
 .debug_str     0x0000000000092918      0x55f Drivers/STM32F4xx_HAL_Driver/Src/stm32f4xx_hal_spi.o
                                      0x8aa87 (size before relaxing)
 .debug_str     0x0000000000092e77      0xc27 Drivers/STM32F4xx_HAL_Driver/Src/stm32f4xx_hal_tim.o
                                      0x8b325 (size before relaxing)
 .debug_str     0x0000000000093a9e      0x40e Drivers/STM32F4xx_HAL_Driver/Src/stm32f4xx_hal_tim_ex.o
                                      0x8ab25 (size before relaxing)
 .debug_str     0x0000000000093eac      0x50d Drivers/STM32F4xx_HAL_Driver/Src/stm32f4xx_hal_uart.o
                                      0x8aa65 (size before relaxing)
 .debug_str     0x00000000000943b9     0x30e5 Middlewares/Third_Party/FreeRTOS/Source/list.o
                                       0xa771 (size before relaxing)
 .debug_str     0x000000000009749e     0x1417 Middlewares/Third_Party/FreeRTOS/Source/tasks.o
                                       0xc992 (size before relaxing)
 .debug_str     0x00000000000988b5      0x803 Middlewares/Third_Party/FreeRTOS/Source/portable/GCC/ARM_CM4F/port.o
                                       0x853a (size before relaxing)

.comment        0x0000000000000000       0x7b
 .comment       0x0000000000000000       0x7b Core/Src/adc.o
                                         0x7c (size before relaxing)
 .comment       0x000000000000007b       0x7c Core/Src/dwt_stm32_delay.o
 .comment       0x000000000000007b       0x7c Core/Src/gpio.o
 .comment       0x000000000000007b       0x7c Core/Src/main.o
 .comment       0x000000000000007b       0x7c Core/Src/motorcontrol.o
 .comment       0x000000000000007b       0x7c Core/Src/spi.o
 .comment       0x000000000000007b       0x7c Core/Src/stm32f4xx_hal_msp.o
 .comment       0x000000000000007b       0x7c Core/Src/stm32f4xx_hal_timebase_tim.o
 .comment       0x000000000000007b       0x7c Core/Src/stm32f4xx_it.o
 .comment       0x000000000000007b       0x7c Core/Src/system_stm32f4xx.o
 .comment       0x000000000000007b       0x7c Core/Src/tim.o
 .comment       0x000000000000007b       0x7c Core/Src/tmc2130.o
 .comment       0x000000000000007b       0x7c Core/Src/usart.o
 .comment       0x000000000000007b       0x7c Drivers/STM32F4xx_HAL_Driver/Src/stm32f4xx_hal.o
 .comment       0x000000000000007b       0x7c Drivers/STM32F4xx_HAL_Driver/Src/stm32f4xx_hal_adc.o
 .comment       0x000000000000007b       0x7c Drivers/STM32F4xx_HAL_Driver/Src/stm32f4xx_hal_cortex.o
 .comment       0x000000000000007b       0x7c Drivers/STM32F4xx_HAL_Driver/Src/stm32f4xx_hal_gpio.o
 .comment       0x000000000000007b       0x7c Drivers/STM32F4xx_HAL_Driver/Src/stm32f4xx_hal_rcc.o
 .comment       0x000000000000007b       0x7c Drivers/STM32F4xx_HAL_Driver/Src/stm32f4xx_hal_spi.o
 .comment       0x000000000000007b       0x7c Drivers/STM32F4xx_HAL_Driver/Src/stm32f4xx_hal_tim.o
 .comment       0x000000000000007b       0x7c Drivers/STM32F4xx_HAL_Driver/Src/stm32f4xx_hal_tim_ex.o
 .comment       0x000000000000007b       0x7c Drivers/STM32F4xx_HAL_Driver/Src/stm32f4xx_hal_uart.o
 .comment       0x000000000000007b       0x7c Middlewares/Third_Party/FreeRTOS/Source/list.o
 .comment       0x000000000000007b       0x7c Middlewares/Third_Party/FreeRTOS/Source/tasks.o
 .comment       0x000000000000007b       0x7c Middlewares/Third_Party/FreeRTOS/Source/portable/GCC/ARM_CM4F/port.o

.debug_frame    0x0000000000000000     0x4754
 .debug_frame   0x0000000000000000       0x7c Core/Src/adc.o
 .debug_frame   0x000000000000007c       0x30 Core/Src/dwt_stm32_delay.o
 .debug_frame   0x00000000000000ac       0x34 Core/Src/gpio.o
 .debug_frame   0x00000000000000e0       0x94 Core/Src/main.o
 .debug_frame   0x0000000000000174       0x90 Core/Src/motorcontrol.o
 .debug_frame   0x0000000000000204       0x74 Core/Src/spi.o
 .debug_frame   0x0000000000000278       0x34 Core/Src/stm32f4xx_hal_msp.o
 .debug_frame   0x00000000000002ac       0x74 Core/Src/stm32f4xx_hal_timebase_tim.o
 .debug_frame   0x0000000000000320      0x120 Core/Src/stm32f4xx_it.o
 .debug_frame   0x0000000000000440       0x58 Core/Src/system_stm32f4xx.o
 .debug_frame   0x0000000000000498       0xc4 Core/Src/tim.o
 .debug_frame   0x000000000000055c       0xd0 Core/Src/tmc2130.o
 .debug_frame   0x000000000000062c       0x74 Core/Src/usart.o
 .debug_frame   0x00000000000006a0      0x374 Drivers/STM32F4xx_HAL_Driver/Src/stm32f4xx_hal.o
 .debug_frame   0x0000000000000a14      0x3fc Drivers/STM32F4xx_HAL_Driver/Src/stm32f4xx_hal_adc.o
 .debug_frame   0x0000000000000e10      0x498 Drivers/STM32F4xx_HAL_Driver/Src/stm32f4xx_hal_cortex.o
 .debug_frame   0x00000000000012a8      0x14c Drivers/STM32F4xx_HAL_Driver/Src/stm32f4xx_hal_gpio.o
 .debug_frame   0x00000000000013f4      0x1f0 Drivers/STM32F4xx_HAL_Driver/Src/stm32f4xx_hal_rcc.o
 .debug_frame   0x00000000000015e4      0x824 Drivers/STM32F4xx_HAL_Driver/Src/stm32f4xx_hal_spi.o
 .debug_frame   0x0000000000001e08     0x10e8 Drivers/STM32F4xx_HAL_Driver/Src/stm32f4xx_hal_tim.o
 .debug_frame   0x0000000000002ef0      0x5c0 Drivers/STM32F4xx_HAL_Driver/Src/stm32f4xx_hal_tim_ex.o
 .debug_frame   0x00000000000034b0      0x844 Drivers/STM32F4xx_HAL_Driver/Src/stm32f4xx_hal_uart.o
 .debug_frame   0x0000000000003cf4       0xd8 Middlewares/Third_Party/FreeRTOS/Source/list.o
 .debug_frame   0x0000000000003dcc      0x734 Middlewares/Third_Party/FreeRTOS/Source/tasks.o
 .debug_frame   0x0000000000004500      0x1a8 Middlewares/Third_Party/FreeRTOS/Source/portable/GCC/ARM_CM4F/port.o
 .debug_frame   0x00000000000046a8       0x2c c:/st/stm32cubeide_1.3.0/stm32cubeide/plugins/com.st.stm32cube.ide.mcu.externaltools.gnu-tools-for-stm32.7-2018-q2-update.win32_1.0.0.201904181610/tools/bin/../lib/gcc/arm-none-eabi/7.3.1/../../../../arm-none-eabi/lib/thumb/v7e-m/fpv4-sp/hard\libc_nano.a(lib_a-init.o)
 .debug_frame   0x00000000000046d4       0x20 c:/st/stm32cubeide_1.3.0/stm32cubeide/plugins/com.st.stm32cube.ide.mcu.externaltools.gnu-tools-for-stm32.7-2018-q2-update.win32_1.0.0.201904181610/tools/bin/../lib/gcc/arm-none-eabi/7.3.1/../../../../arm-none-eabi/lib/thumb/v7e-m/fpv4-sp/hard\libc_nano.a(lib_a-memset.o)
 .debug_frame   0x00000000000046f4       0x2c c:/st/stm32cubeide_1.3.0/stm32cubeide/plugins/com.st.stm32cube.ide.mcu.externaltools.gnu-tools-for-stm32.7-2018-q2-update.win32_1.0.0.201904181610/tools/bin/../lib/gcc/arm-none-eabi/7.3.1/thumb/v7e-m/fpv4-sp/hard\libgcc.a(_aeabi_uldivmod.o)
 .debug_frame   0x0000000000004720       0x34 c:/st/stm32cubeide_1.3.0/stm32cubeide/plugins/com.st.stm32cube.ide.mcu.externaltools.gnu-tools-for-stm32.7-2018-q2-update.win32_1.0.0.201904181610/tools/bin/../lib/gcc/arm-none-eabi/7.3.1/thumb/v7e-m/fpv4-sp/hard\libgcc.a(_udivmoddi4.o)
