stm32f4xx_it.c:79:6:NMI_Handler	4	static
stm32f4xx_it.c:92:6:HardFault_Handler	4	static
stm32f4xx_it.c:107:6:MemManage_Handler	4	static
stm32f4xx_it.c:122:6:BusFault_Handler	4	static
stm32f4xx_it.c:137:6:UsageFault_Handler	4	static
stm32f4xx_it.c:152:6:DebugMon_Handler	4	static
stm32f4xx_it.c:172:6:TIM1_UP_TIM10_IRQHandler	24	static
stm32f4xx_it.c:196:6:TIM1_TRG_COM_TIM11_IRQHandler	8	static
stm32f4xx_it.c:210:6:TIM1_CC_IRQHandler	8	static
stm32f4xx_it.c:226:6:USART2_IRQHandler	8	static
stm32f4xx_it.c:240:6:TIM5_IRQHandler	8	static
